[2025-09-05 18:20:53] ==== [12ft] RUN START ====
[2025-09-05 18:20:53] train_h5=/data02/lpl/github/SH_hybrid/data/12ft_train.h5 | test_h5=/data02/lpl/github/SH_hybrid/data/12ft_test.h5
[2025-09-05 18:20:53] save_path=model_weight/mynet_12ft.pth
[2025-09-05 18:21:20] [THOP] FLOPs=175369904.0  Params=40019.0
[2025-09-05 18:22:03] Train Epoch 1: loss=1.488206, acc=62.44%
[2025-09-05 18:22:12] Val: loss=0.443546, acc=90.06%
[2025-09-05 18:22:12] ↓ New best val loss: inf -> 0.443546 (model saved)
[2025-09-05 18:22:12] time/epoch: 51.788s
[2025-09-05 18:22:12] ----------------------------------------------------------------------------------------------------
[2025-09-05 18:22:58] Train Epoch 2: loss=0.578774, acc=83.75%
[2025-09-05 18:23:06] Val: loss=0.539824, acc=79.11%
[2025-09-05 18:23:06] Val loss not improved.
[2025-09-05 18:23:06] time/epoch: 54.221s
[2025-09-05 18:23:06] ----------------------------------------------------------------------------------------------------
[2025-09-05 18:23:51] Train Epoch 3: loss=0.502491, acc=84.48%
[2025-09-05 18:24:00] Val: loss=0.206183, acc=98.17%
[2025-09-05 18:24:00] ↓ New best val loss: 0.443546 -> 0.206183 (model saved)
[2025-09-05 18:24:00] time/epoch: 53.708s
[2025-09-05 18:24:00] ----------------------------------------------------------------------------------------------------
[2025-09-05 18:24:42] Train Epoch 4: loss=0.495284, acc=84.34%
[2025-09-05 18:24:51] Val: loss=0.195062, acc=97.16%
[2025-09-05 18:24:51] ↓ New best val loss: 0.206183 -> 0.195062 (model saved)
[2025-09-05 18:24:51] time/epoch: 50.469s
[2025-09-05 18:24:51] ----------------------------------------------------------------------------------------------------
[2025-09-05 18:25:33] Train Epoch 5: loss=0.483737, acc=86.53%
[2025-09-05 18:25:42] Val: loss=0.283472, acc=97.77%
[2025-09-05 18:25:42] Val loss not improved.
[2025-09-05 18:25:42] time/epoch: 51.295s
[2025-09-05 18:25:42] ----------------------------------------------------------------------------------------------------
[2025-09-05 18:26:25] Train Epoch 6: loss=0.494423, acc=84.82%
[2025-09-05 18:26:34] Val: loss=0.292855, acc=97.77%
[2025-09-05 18:26:34] Val loss not improved.
[2025-09-05 18:26:34] time/epoch: 51.943s
[2025-09-05 18:26:34] ----------------------------------------------------------------------------------------------------
[2025-09-05 18:27:17] Train Epoch 7: loss=0.501544, acc=83.17%
[2025-09-05 18:27:27] Val: loss=0.179044, acc=96.35%
[2025-09-05 18:27:27] ↓ New best val loss: 0.195062 -> 0.179044 (model saved)
[2025-09-05 18:27:27] time/epoch: 52.663s
[2025-09-05 18:27:27] ----------------------------------------------------------------------------------------------------
[2025-09-05 18:28:09] Train Epoch 8: loss=0.453884, acc=86.40%
[2025-09-05 18:28:19] Val: loss=0.181001, acc=97.36%
[2025-09-05 18:28:19] Val loss not improved.
[2025-09-05 18:28:19] time/epoch: 51.944s
[2025-09-05 18:28:19] ----------------------------------------------------------------------------------------------------
[2025-09-05 18:29:02] Train Epoch 9: loss=0.476312, acc=83.43%
[2025-09-05 18:29:11] Val: loss=0.203337, acc=98.17%
[2025-09-05 18:29:11] Val loss not improved.
[2025-09-05 18:29:11] time/epoch: 52.606s
[2025-09-05 18:29:11] ----------------------------------------------------------------------------------------------------
[2025-09-05 18:29:54] Train Epoch 10: loss=0.453849, acc=84.63%
[2025-09-05 18:30:03] Val: loss=0.171341, acc=98.17%
[2025-09-05 18:30:03] ↓ New best val loss: 0.179044 -> 0.171341 (model saved)
[2025-09-05 18:30:03] time/epoch: 51.602s
[2025-09-05 18:30:03] ----------------------------------------------------------------------------------------------------
[2025-09-05 18:30:45] Train Epoch 11: loss=0.400549, acc=86.84%
[2025-09-05 18:30:54] Val: loss=0.149703, acc=97.16%
[2025-09-05 18:30:54] ↓ New best val loss: 0.171341 -> 0.149703 (model saved)
[2025-09-05 18:30:54] time/epoch: 51.429s
[2025-09-05 18:30:54] ----------------------------------------------------------------------------------------------------
[2025-09-05 18:31:38] Train Epoch 12: loss=0.465444, acc=85.37%
[2025-09-05 18:31:47] Val: loss=0.200646, acc=95.94%
[2025-09-05 18:31:47] Val loss not improved.
[2025-09-05 18:31:47] time/epoch: 53.201s
[2025-09-05 18:31:47] ----------------------------------------------------------------------------------------------------
[2025-09-05 18:32:30] Train Epoch 13: loss=0.444553, acc=84.92%
[2025-09-05 18:32:39] Val: loss=0.164784, acc=97.36%
[2025-09-05 18:32:39] Val loss not improved.
[2025-09-05 18:32:39] time/epoch: 51.634s
[2025-09-05 18:32:39] ----------------------------------------------------------------------------------------------------
[2025-09-05 18:33:22] Train Epoch 14: loss=0.426372, acc=85.97%
[2025-09-05 18:33:32] Val: loss=0.153760, acc=97.97%
[2025-09-05 18:33:32] Val loss not improved.
[2025-09-05 18:33:32] time/epoch: 53.355s
[2025-09-05 18:33:32] ----------------------------------------------------------------------------------------------------
[2025-09-05 18:34:14] Train Epoch 15: loss=0.432057, acc=85.88%
[2025-09-05 18:34:20] Val: loss=0.190670, acc=97.36%
[2025-09-05 18:34:20] Val loss not improved.
[2025-09-05 18:34:20] time/epoch: 47.973s
[2025-09-05 18:34:20] ----------------------------------------------------------------------------------------------------
[2025-09-05 18:34:52] Train Epoch 16: loss=0.514476, acc=82.41%
[2025-09-05 18:35:01] Val: loss=0.153172, acc=97.77%
[2025-09-05 18:35:01] Val loss not improved.
[2025-09-05 18:35:01] time/epoch: 41.180s
[2025-09-05 18:35:01] ----------------------------------------------------------------------------------------------------
[2025-09-05 18:35:45] Train Epoch 17: loss=0.419584, acc=85.38%
[2025-09-05 18:35:53] Val: loss=0.253239, acc=94.93%
[2025-09-05 18:35:53] Val loss not improved.
[2025-09-05 18:35:53] time/epoch: 51.928s
[2025-09-05 18:35:53] ----------------------------------------------------------------------------------------------------
[2025-09-05 18:36:37] Train Epoch 18: loss=0.415274, acc=87.20%
[2025-09-05 18:36:46] Val: loss=0.191070, acc=97.77%
[2025-09-05 18:36:46] Val loss not improved.
[2025-09-05 18:36:46] time/epoch: 52.822s
[2025-09-05 18:36:46] ----------------------------------------------------------------------------------------------------
[2025-09-05 18:37:30] Train Epoch 19: loss=0.438452, acc=85.54%
[2025-09-05 18:37:39] Val: loss=0.157551, acc=97.77%
[2025-09-05 18:37:39] Val loss not improved.
[2025-09-05 18:37:39] time/epoch: 52.757s
[2025-09-05 18:37:39] ----------------------------------------------------------------------------------------------------
[2025-09-05 18:38:22] Train Epoch 20: loss=0.450849, acc=83.37%
[2025-09-05 18:38:31] Val: loss=0.124849, acc=98.17%
[2025-09-05 18:38:31] ↓ New best val loss: 0.149703 -> 0.124849 (model saved)
[2025-09-05 18:38:31] time/epoch: 52.103s
[2025-09-05 18:38:31] ----------------------------------------------------------------------------------------------------
[2025-09-05 18:39:15] Train Epoch 21: loss=0.453082, acc=84.16%
[2025-09-05 18:39:24] Val: loss=0.179318, acc=96.15%
[2025-09-05 18:39:24] Val loss not improved.
[2025-09-05 18:39:24] time/epoch: 52.813s
[2025-09-05 18:39:24] ----------------------------------------------------------------------------------------------------
[2025-09-05 18:40:07] Train Epoch 22: loss=0.432451, acc=85.00%
[2025-09-05 18:40:16] Val: loss=0.142939, acc=97.57%
[2025-09-05 18:40:16] Val loss not improved.
[2025-09-05 18:40:16] time/epoch: 51.657s
[2025-09-05 18:40:16] ----------------------------------------------------------------------------------------------------
[2025-09-05 18:40:56] Train Epoch 23: loss=0.440552, acc=84.85%
[2025-09-05 18:41:05] Val: loss=0.136436, acc=97.77%
[2025-09-05 18:41:05] Val loss not improved.
[2025-09-05 18:41:05] time/epoch: 49.411s
[2025-09-05 18:41:05] ----------------------------------------------------------------------------------------------------
[2025-09-05 18:41:48] Train Epoch 24: loss=0.425521, acc=84.08%
[2025-09-05 18:41:57] Val: loss=0.176146, acc=95.33%
[2025-09-05 18:41:57] Val loss not improved.
[2025-09-05 18:41:57] time/epoch: 52.367s
[2025-09-05 18:41:57] ----------------------------------------------------------------------------------------------------
[2025-09-05 18:42:42] Train Epoch 25: loss=0.466424, acc=83.70%
[2025-09-05 18:42:50] Val: loss=0.120425, acc=97.57%
[2025-09-05 18:42:50] ↓ New best val loss: 0.124849 -> 0.120425 (model saved)
[2025-09-05 18:42:50] time/epoch: 52.883s
[2025-09-05 18:42:50] ----------------------------------------------------------------------------------------------------
[2025-09-05 18:43:32] Train Epoch 26: loss=0.404844, acc=86.19%
[2025-09-05 18:43:41] Val: loss=0.207424, acc=98.58%
[2025-09-05 18:43:41] Val loss not improved.
[2025-09-05 18:43:41] time/epoch: 51.092s
[2025-09-05 18:43:41] ----------------------------------------------------------------------------------------------------
[2025-09-05 18:44:25] Train Epoch 27: loss=0.427504, acc=84.69%
[2025-09-05 18:44:34] Val: loss=0.106797, acc=98.99%
[2025-09-05 18:44:34] ↓ New best val loss: 0.120425 -> 0.106797 (model saved)
[2025-09-05 18:44:34] time/epoch: 52.966s
[2025-09-05 18:44:34] ----------------------------------------------------------------------------------------------------
[2025-09-05 18:45:16] Train Epoch 28: loss=0.426662, acc=83.45%
[2025-09-05 18:45:25] Val: loss=0.113194, acc=97.77%
[2025-09-05 18:45:25] Val loss not improved.
[2025-09-05 18:45:25] time/epoch: 50.867s
[2025-09-05 18:45:25] ----------------------------------------------------------------------------------------------------
[2025-09-05 18:46:06] Train Epoch 29: loss=0.401514, acc=87.35%
[2025-09-05 18:46:15] Val: loss=0.237762, acc=98.99%
[2025-09-05 18:46:15] Val loss not improved.
[2025-09-05 18:46:15] time/epoch: 49.685s
[2025-09-05 18:46:15] ----------------------------------------------------------------------------------------------------
[2025-09-05 18:46:58] Train Epoch 30: loss=0.456374, acc=84.16%
[2025-09-05 18:47:07] Val: loss=0.127893, acc=98.78%
[2025-09-05 18:47:07] Val loss not improved.
[2025-09-05 18:47:07] time/epoch: 52.051s
[2025-09-05 18:47:07] ----------------------------------------------------------------------------------------------------
[2025-09-05 18:47:50] Train Epoch 31: loss=0.455301, acc=82.00%
[2025-09-05 18:47:59] Val: loss=0.129798, acc=99.19%
[2025-09-05 18:47:59] Val loss not improved.
[2025-09-05 18:47:59] time/epoch: 51.814s
[2025-09-05 18:47:59] ----------------------------------------------------------------------------------------------------
[2025-09-05 18:48:40] Train Epoch 32: loss=0.440047, acc=84.75%
[2025-09-05 18:48:49] Val: loss=0.208873, acc=98.78%
[2025-09-05 18:48:49] Val loss not improved.
[2025-09-05 18:48:49] time/epoch: 49.874s
[2025-09-05 18:48:49] ----------------------------------------------------------------------------------------------------
[2025-09-05 18:49:32] Train Epoch 33: loss=0.375714, acc=88.18%
[2025-09-05 18:49:40] Val: loss=0.142315, acc=98.38%
[2025-09-05 18:49:40] Val loss not improved.
[2025-09-05 18:49:40] time/epoch: 51.893s
[2025-09-05 18:49:40] ----------------------------------------------------------------------------------------------------
[2025-09-05 18:50:23] Train Epoch 34: loss=0.496729, acc=82.00%
[2025-09-05 18:50:32] Val: loss=0.175269, acc=96.96%
[2025-09-05 18:50:32] Val loss not improved.
[2025-09-05 18:50:32] time/epoch: 51.727s
[2025-09-05 18:50:32] ----------------------------------------------------------------------------------------------------
[2025-09-05 18:51:12] Train Epoch 35: loss=0.421753, acc=85.45%
[2025-09-05 18:51:21] Val: loss=0.142663, acc=98.38%
[2025-09-05 18:51:21] Val loss not improved.
[2025-09-05 18:51:21] time/epoch: 49.303s
[2025-09-05 18:51:21] ----------------------------------------------------------------------------------------------------
[2025-09-05 18:52:04] Train Epoch 36: loss=0.426855, acc=84.89%
[2025-09-05 18:52:13] Val: loss=0.150775, acc=97.16%
[2025-09-05 18:52:13] Val loss not improved.
[2025-09-05 18:52:13] time/epoch: 51.650s
[2025-09-05 18:52:13] ----------------------------------------------------------------------------------------------------
[2025-09-05 18:52:53] Train Epoch 37: loss=0.431703, acc=85.29%
[2025-09-05 18:53:02] Val: loss=0.139945, acc=98.78%
[2025-09-05 18:53:02] Val loss not improved.
[2025-09-05 18:53:02] time/epoch: 48.409s
[2025-09-05 18:53:02] ----------------------------------------------------------------------------------------------------
[2025-09-05 18:53:42] Train Epoch 38: loss=0.446254, acc=82.44%
[2025-09-05 18:53:51] Val: loss=0.108087, acc=98.99%
[2025-09-05 18:53:51] Val loss not improved.
[2025-09-05 18:53:51] time/epoch: 49.395s
[2025-09-05 18:53:51] ----------------------------------------------------------------------------------------------------
[2025-09-05 18:54:34] Train Epoch 39: loss=0.452217, acc=83.91%
[2025-09-05 18:54:43] Val: loss=0.123419, acc=98.38%
[2025-09-05 18:54:43] Val loss not improved.
[2025-09-05 18:54:43] time/epoch: 52.209s
[2025-09-05 18:54:43] ----------------------------------------------------------------------------------------------------
[2025-09-05 18:55:25] Train Epoch 40: loss=0.409479, acc=85.64%
[2025-09-05 18:55:35] Val: loss=0.133095, acc=97.36%
[2025-09-05 18:55:35] Val loss not improved.
[2025-09-05 18:55:35] time/epoch: 51.916s
[2025-09-05 18:55:35] ----------------------------------------------------------------------------------------------------
[2025-09-05 18:56:17] Train Epoch 41: loss=0.405448, acc=85.41%
[2025-09-05 18:56:26] Val: loss=0.167252, acc=98.58%
[2025-09-05 18:56:26] Val loss not improved.
[2025-09-05 18:56:26] time/epoch: 50.533s
[2025-09-05 18:56:26] ----------------------------------------------------------------------------------------------------
[2025-09-05 18:57:07] Train Epoch 42: loss=0.407536, acc=84.56%
[2025-09-05 18:57:16] Val: loss=0.168590, acc=96.15%
[2025-09-05 18:57:16] Val loss not improved.
[2025-09-05 18:57:16] time/epoch: 50.558s
[2025-09-05 18:57:16] ----------------------------------------------------------------------------------------------------
[2025-09-05 18:58:02] Train Epoch 43: loss=0.443825, acc=83.71%
[2025-09-05 18:58:11] Val: loss=0.100460, acc=99.19%
[2025-09-05 18:58:11] ↓ New best val loss: 0.106797 -> 0.100460 (model saved)
[2025-09-05 18:58:11] time/epoch: 54.483s
[2025-09-05 18:58:11] ----------------------------------------------------------------------------------------------------
[2025-09-05 18:58:53] Train Epoch 44: loss=0.432103, acc=85.24%
[2025-09-05 18:59:02] Val: loss=0.126031, acc=98.78%
[2025-09-05 18:59:02] Val loss not improved.
[2025-09-05 18:59:02] time/epoch: 51.548s
[2025-09-05 18:59:02] ----------------------------------------------------------------------------------------------------
[2025-09-05 18:59:45] Train Epoch 45: loss=0.367172, acc=86.97%
[2025-09-05 18:59:55] Val: loss=0.139924, acc=97.97%
[2025-09-05 18:59:55] Val loss not improved.
[2025-09-05 18:59:55] time/epoch: 52.336s
[2025-09-05 18:59:55] ----------------------------------------------------------------------------------------------------
[2025-09-05 19:00:35] Train Epoch 46: loss=0.406235, acc=85.65%
[2025-09-05 19:00:45] Val: loss=0.164830, acc=96.35%
[2025-09-05 19:00:45] Val loss not improved.
[2025-09-05 19:00:45] time/epoch: 50.304s
[2025-09-05 19:00:45] ----------------------------------------------------------------------------------------------------
[2025-09-05 19:01:27] Train Epoch 47: loss=0.431801, acc=84.20%
[2025-09-05 19:01:37] Val: loss=0.131097, acc=98.38%
[2025-09-05 19:01:37] Val loss not improved.
[2025-09-05 19:01:37] time/epoch: 52.077s
[2025-09-05 19:01:37] ----------------------------------------------------------------------------------------------------
[2025-09-05 19:02:21] Train Epoch 48: loss=0.438256, acc=84.29%
[2025-09-05 19:02:30] Val: loss=0.142839, acc=99.19%
[2025-09-05 19:02:30] Val loss not improved.
[2025-09-05 19:02:30] time/epoch: 53.490s
[2025-09-05 19:02:30] ----------------------------------------------------------------------------------------------------
[2025-09-05 19:03:13] Train Epoch 49: loss=0.457692, acc=82.79%
[2025-09-05 19:03:21] Val: loss=0.150761, acc=98.99%
[2025-09-05 19:03:21] Val loss not improved.
[2025-09-05 19:03:21] time/epoch: 51.038s
[2025-09-05 19:03:21] ----------------------------------------------------------------------------------------------------
[2025-09-05 19:04:05] Train Epoch 50: loss=0.404085, acc=85.00%
[2025-09-05 19:04:14] Val: loss=0.125693, acc=97.77%
[2025-09-05 19:04:14] Val loss not improved.
[2025-09-05 19:04:14] time/epoch: 52.312s
[2025-09-05 19:04:14] ----------------------------------------------------------------------------------------------------
[2025-09-05 19:04:14] Avg time/epoch: 51.466s
[2025-09-05 19:04:14] total training time: 2573.287s
[2025-09-05 19:04:18] Avg infer time/batch: 0.012661s
[2025-09-05 19:04:18] [TEST] acc=97.81% (223/228)
[2025-09-05 19:04:18] ==== [12ft] RUN END (test_acc=97.81%) ====
