[2025-09-05 19:04:18] ==== [15ft] RUN START ====
[2025-09-05 19:04:18] train_h5=/data02/lpl/github/SH_hybrid/data/15ft_train.h5 | test_h5=/data02/lpl/github/SH_hybrid/data/15ft_test.h5
[2025-09-05 19:04:18] save_path=model_weight/mynet_15ft.pth
[2025-09-05 19:04:47] [THOP] FLOPs=175369904.0  Params=40019.0
[2025-09-05 19:05:33] Train Epoch 1: loss=1.573971, acc=59.85%
[2025-09-05 19:05:43] Val: loss=0.402653, acc=88.11%
[2025-09-05 19:05:43] ↓ New best val loss: inf -> 0.402653 (model saved)
[2025-09-05 19:05:43] time/epoch: 56.699s
[2025-09-05 19:05:43] ----------------------------------------------------------------------------------------------------
[2025-09-05 19:06:30] Train Epoch 2: loss=0.571596, acc=83.69%
[2025-09-05 19:06:40] Val: loss=0.208348, acc=96.42%
[2025-09-05 19:06:40] ↓ New best val loss: 0.402653 -> 0.208348 (model saved)
[2025-09-05 19:06:40] time/epoch: 56.463s
[2025-09-05 19:06:40] ----------------------------------------------------------------------------------------------------
[2025-09-05 19:07:27] Train Epoch 3: loss=0.470088, acc=86.38%
[2025-09-05 19:07:37] Val: loss=0.265048, acc=96.98%
[2025-09-05 19:07:37] Val loss not improved.
[2025-09-05 19:07:37] time/epoch: 56.780s
[2025-09-05 19:07:37] ----------------------------------------------------------------------------------------------------
[2025-09-05 19:08:21] Train Epoch 4: loss=0.442580, acc=87.37%
[2025-09-05 19:08:31] Val: loss=0.187915, acc=96.60%
[2025-09-05 19:08:31] ↓ New best val loss: 0.208348 -> 0.187915 (model saved)
[2025-09-05 19:08:31] time/epoch: 54.271s
[2025-09-05 19:08:31] ----------------------------------------------------------------------------------------------------
[2025-09-05 19:09:15] Train Epoch 5: loss=0.402595, acc=88.24%
[2025-09-05 19:09:25] Val: loss=0.124243, acc=98.30%
[2025-09-05 19:09:25] ↓ New best val loss: 0.187915 -> 0.124243 (model saved)
[2025-09-05 19:09:25] time/epoch: 54.505s
[2025-09-05 19:09:25] ----------------------------------------------------------------------------------------------------
[2025-09-05 19:10:11] Train Epoch 6: loss=0.446665, acc=86.88%
[2025-09-05 19:10:21] Val: loss=0.194601, acc=97.92%
[2025-09-05 19:10:21] Val loss not improved.
[2025-09-05 19:10:21] time/epoch: 55.261s
[2025-09-05 19:10:21] ----------------------------------------------------------------------------------------------------
[2025-09-05 19:11:09] Train Epoch 7: loss=0.460139, acc=84.87%
[2025-09-05 19:11:18] Val: loss=0.211304, acc=98.11%
[2025-09-05 19:11:18] Val loss not improved.
[2025-09-05 19:11:18] time/epoch: 56.988s
[2025-09-05 19:11:18] ----------------------------------------------------------------------------------------------------
[2025-09-05 19:12:02] Train Epoch 8: loss=0.493342, acc=83.70%
[2025-09-05 19:12:12] Val: loss=0.253245, acc=95.09%
[2025-09-05 19:12:12] Val loss not improved.
[2025-09-05 19:12:12] time/epoch: 54.696s
[2025-09-05 19:12:12] ----------------------------------------------------------------------------------------------------
[2025-09-05 19:12:57] Train Epoch 9: loss=0.424538, acc=86.42%
[2025-09-05 19:13:07] Val: loss=0.143531, acc=97.55%
[2025-09-05 19:13:07] Val loss not improved.
[2025-09-05 19:13:07] time/epoch: 54.617s
[2025-09-05 19:13:07] ----------------------------------------------------------------------------------------------------
[2025-09-05 19:13:53] Train Epoch 10: loss=0.512853, acc=83.19%
[2025-09-05 19:14:02] Val: loss=0.197299, acc=97.36%
[2025-09-05 19:14:02] Val loss not improved.
[2025-09-05 19:14:02] time/epoch: 55.370s
[2025-09-05 19:14:02] ----------------------------------------------------------------------------------------------------
[2025-09-05 19:14:46] Train Epoch 11: loss=0.488914, acc=82.76%
[2025-09-05 19:14:56] Val: loss=0.135232, acc=97.55%
[2025-09-05 19:14:56] Val loss not improved.
[2025-09-05 19:14:56] time/epoch: 53.369s
[2025-09-05 19:14:56] ----------------------------------------------------------------------------------------------------
[2025-09-05 19:15:41] Train Epoch 12: loss=0.474816, acc=83.29%
[2025-09-05 19:15:51] Val: loss=0.314714, acc=97.36%
[2025-09-05 19:15:51] Val loss not improved.
[2025-09-05 19:15:51] time/epoch: 55.347s
[2025-09-05 19:15:51] ----------------------------------------------------------------------------------------------------
[2025-09-05 19:16:36] Train Epoch 13: loss=0.470844, acc=85.17%
[2025-09-05 19:16:46] Val: loss=0.176963, acc=96.79%
[2025-09-05 19:16:46] Val loss not improved.
[2025-09-05 19:16:46] time/epoch: 54.954s
[2025-09-05 19:16:46] ----------------------------------------------------------------------------------------------------
[2025-09-05 19:17:26] Train Epoch 14: loss=0.430490, acc=86.58%
[2025-09-05 19:17:32] Val: loss=0.200759, acc=94.72%
[2025-09-05 19:17:32] Val loss not improved.
[2025-09-05 19:17:32] time/epoch: 45.587s
[2025-09-05 19:17:32] ----------------------------------------------------------------------------------------------------
[2025-09-05 19:18:14] Train Epoch 15: loss=0.439526, acc=85.28%
[2025-09-05 19:18:24] Val: loss=0.121202, acc=97.92%
[2025-09-05 19:18:24] ↓ New best val loss: 0.124243 -> 0.121202 (model saved)
[2025-09-05 19:18:24] time/epoch: 52.366s
[2025-09-05 19:18:24] ----------------------------------------------------------------------------------------------------
[2025-09-05 19:19:07] Train Epoch 16: loss=0.472082, acc=83.46%
[2025-09-05 19:19:17] Val: loss=0.156812, acc=96.79%
[2025-09-05 19:19:17] Val loss not improved.
[2025-09-05 19:19:17] time/epoch: 53.104s
[2025-09-05 19:19:17] ----------------------------------------------------------------------------------------------------
[2025-09-05 19:20:01] Train Epoch 17: loss=0.447253, acc=82.36%
[2025-09-05 19:20:11] Val: loss=0.319644, acc=96.98%
[2025-09-05 19:20:11] Val loss not improved.
[2025-09-05 19:20:11] time/epoch: 53.723s
[2025-09-05 19:20:11] ----------------------------------------------------------------------------------------------------
[2025-09-05 19:20:54] Train Epoch 18: loss=0.432589, acc=86.44%
[2025-09-05 19:21:04] Val: loss=0.148185, acc=95.85%
[2025-09-05 19:21:04] Val loss not improved.
[2025-09-05 19:21:04] time/epoch: 53.208s
[2025-09-05 19:21:04] ----------------------------------------------------------------------------------------------------
[2025-09-05 19:21:48] Train Epoch 19: loss=0.437237, acc=85.71%
[2025-09-05 19:21:58] Val: loss=0.165619, acc=97.17%
[2025-09-05 19:21:58] Val loss not improved.
[2025-09-05 19:21:58] time/epoch: 54.382s
[2025-09-05 19:21:58] ----------------------------------------------------------------------------------------------------
[2025-09-05 19:22:46] Train Epoch 20: loss=0.490947, acc=83.32%
[2025-09-05 19:22:55] Val: loss=0.138999, acc=97.36%
[2025-09-05 19:22:55] Val loss not improved.
[2025-09-05 19:22:55] time/epoch: 56.484s
[2025-09-05 19:22:55] ----------------------------------------------------------------------------------------------------
[2025-09-05 19:23:41] Train Epoch 21: loss=0.431767, acc=84.88%
[2025-09-05 19:23:51] Val: loss=0.137464, acc=96.60%
[2025-09-05 19:23:51] Val loss not improved.
[2025-09-05 19:23:51] time/epoch: 55.611s
[2025-09-05 19:23:51] ----------------------------------------------------------------------------------------------------
[2025-09-05 19:24:37] Train Epoch 22: loss=0.425753, acc=85.74%
[2025-09-05 19:24:46] Val: loss=0.191984, acc=97.74%
[2025-09-05 19:24:46] Val loss not improved.
[2025-09-05 19:24:46] time/epoch: 55.810s
[2025-09-05 19:24:46] ----------------------------------------------------------------------------------------------------
[2025-09-05 19:25:31] Train Epoch 23: loss=0.495359, acc=82.54%
[2025-09-05 19:25:41] Val: loss=0.268987, acc=93.77%
[2025-09-05 19:25:41] Val loss not improved.
[2025-09-05 19:25:41] time/epoch: 54.921s
[2025-09-05 19:25:41] ----------------------------------------------------------------------------------------------------
[2025-09-05 19:26:29] Train Epoch 24: loss=0.461222, acc=83.46%
[2025-09-05 19:26:38] Val: loss=0.145056, acc=97.36%
[2025-09-05 19:26:38] Val loss not improved.
[2025-09-05 19:26:38] time/epoch: 56.761s
[2025-09-05 19:26:38] ----------------------------------------------------------------------------------------------------
[2025-09-05 19:27:24] Train Epoch 25: loss=0.458885, acc=83.54%
[2025-09-05 19:27:34] Val: loss=0.093708, acc=98.49%
[2025-09-05 19:27:34] ↓ New best val loss: 0.121202 -> 0.093708 (model saved)
[2025-09-05 19:27:34] time/epoch: 56.108s
[2025-09-05 19:27:34] ----------------------------------------------------------------------------------------------------
[2025-09-05 19:28:21] Train Epoch 26: loss=0.387000, acc=86.75%
[2025-09-05 19:28:30] Val: loss=0.121626, acc=96.79%
[2025-09-05 19:28:30] Val loss not improved.
[2025-09-05 19:28:30] time/epoch: 56.339s
[2025-09-05 19:28:30] ----------------------------------------------------------------------------------------------------
[2025-09-05 19:29:17] Train Epoch 27: loss=0.382975, acc=86.99%
[2025-09-05 19:29:27] Val: loss=0.124978, acc=98.11%
[2025-09-05 19:29:27] Val loss not improved.
[2025-09-05 19:29:27] time/epoch: 56.634s
[2025-09-05 19:29:27] ----------------------------------------------------------------------------------------------------
[2025-09-05 19:30:10] Train Epoch 28: loss=0.412136, acc=86.05%
[2025-09-05 19:30:20] Val: loss=0.186677, acc=96.98%
[2025-09-05 19:30:20] Val loss not improved.
[2025-09-05 19:30:20] time/epoch: 52.717s
[2025-09-05 19:30:20] ----------------------------------------------------------------------------------------------------
[2025-09-05 19:31:08] Train Epoch 29: loss=0.444775, acc=84.57%
[2025-09-05 19:31:17] Val: loss=0.158497, acc=96.79%
[2025-09-05 19:31:17] Val loss not improved.
[2025-09-05 19:31:17] time/epoch: 57.101s
[2025-09-05 19:31:17] ----------------------------------------------------------------------------------------------------
[2025-09-05 19:32:02] Train Epoch 30: loss=0.398036, acc=86.80%
[2025-09-05 19:32:13] Val: loss=0.097954, acc=98.11%
[2025-09-05 19:32:13] Val loss not improved.
[2025-09-05 19:32:13] time/epoch: 55.729s
[2025-09-05 19:32:13] ----------------------------------------------------------------------------------------------------
[2025-09-05 19:32:57] Train Epoch 31: loss=0.424036, acc=85.85%
[2025-09-05 19:33:07] Val: loss=0.273982, acc=97.92%
[2025-09-05 19:33:07] Val loss not improved.
[2025-09-05 19:33:07] time/epoch: 54.321s
[2025-09-05 19:33:07] ----------------------------------------------------------------------------------------------------
[2025-09-05 19:33:55] Train Epoch 32: loss=0.406077, acc=85.88%
[2025-09-05 19:34:04] Val: loss=0.145682, acc=95.09%
[2025-09-05 19:34:04] Val loss not improved.
[2025-09-05 19:34:04] time/epoch: 57.108s
[2025-09-05 19:34:04] ----------------------------------------------------------------------------------------------------
[2025-09-05 19:34:49] Train Epoch 33: loss=0.422429, acc=85.71%
[2025-09-05 19:34:58] Val: loss=0.087291, acc=97.55%
[2025-09-05 19:34:58] ↓ New best val loss: 0.093708 -> 0.087291 (model saved)
[2025-09-05 19:34:58] time/epoch: 54.349s
[2025-09-05 19:34:58] ----------------------------------------------------------------------------------------------------
[2025-09-05 19:35:43] Train Epoch 34: loss=0.451084, acc=83.75%
[2025-09-05 19:35:53] Val: loss=0.354407, acc=96.04%
[2025-09-05 19:35:53] Val loss not improved.
[2025-09-05 19:35:53] time/epoch: 54.404s
[2025-09-05 19:35:53] ----------------------------------------------------------------------------------------------------
[2025-09-05 19:36:37] Train Epoch 35: loss=0.464489, acc=83.12%
[2025-09-05 19:36:47] Val: loss=0.123800, acc=95.85%
[2025-09-05 19:36:47] Val loss not improved.
[2025-09-05 19:36:47] time/epoch: 54.090s
[2025-09-05 19:36:47] ----------------------------------------------------------------------------------------------------
[2025-09-05 19:37:33] Train Epoch 36: loss=0.346960, acc=88.60%
[2025-09-05 19:37:43] Val: loss=0.113908, acc=97.92%
[2025-09-05 19:37:43] Val loss not improved.
[2025-09-05 19:37:43] time/epoch: 55.958s
[2025-09-05 19:37:43] ----------------------------------------------------------------------------------------------------
[2025-09-05 19:38:27] Train Epoch 37: loss=0.418642, acc=86.12%
[2025-09-05 19:38:37] Val: loss=0.161840, acc=96.79%
[2025-09-05 19:38:37] Val loss not improved.
[2025-09-05 19:38:37] time/epoch: 54.054s
[2025-09-05 19:38:37] ----------------------------------------------------------------------------------------------------
[2025-09-05 19:39:21] Train Epoch 38: loss=0.463053, acc=84.24%
[2025-09-05 19:39:31] Val: loss=0.094991, acc=97.36%
[2025-09-05 19:39:31] Val loss not improved.
[2025-09-05 19:39:31] time/epoch: 54.198s
[2025-09-05 19:39:31] ----------------------------------------------------------------------------------------------------
[2025-09-05 19:40:16] Train Epoch 39: loss=0.401674, acc=87.22%
[2025-09-05 19:40:26] Val: loss=0.132066, acc=97.74%
[2025-09-05 19:40:26] Val loss not improved.
[2025-09-05 19:40:26] time/epoch: 54.547s
[2025-09-05 19:40:26] ----------------------------------------------------------------------------------------------------
[2025-09-05 19:41:09] Train Epoch 40: loss=0.425631, acc=84.40%
[2025-09-05 19:41:19] Val: loss=0.097865, acc=97.74%
[2025-09-05 19:41:19] Val loss not improved.
[2025-09-05 19:41:19] time/epoch: 53.092s
[2025-09-05 19:41:19] ----------------------------------------------------------------------------------------------------
[2025-09-05 19:42:07] Train Epoch 41: loss=0.461092, acc=82.83%
[2025-09-05 19:42:17] Val: loss=0.089761, acc=96.98%
[2025-09-05 19:42:17] Val loss not improved.
[2025-09-05 19:42:17] time/epoch: 58.019s
[2025-09-05 19:42:17] ----------------------------------------------------------------------------------------------------
[2025-09-05 19:43:05] Train Epoch 42: loss=0.425696, acc=84.47%
[2025-09-05 19:43:14] Val: loss=0.127999, acc=96.23%
[2025-09-05 19:43:14] Val loss not improved.
[2025-09-05 19:43:14] time/epoch: 57.655s
[2025-09-05 19:43:14] ----------------------------------------------------------------------------------------------------
[2025-09-05 19:44:01] Train Epoch 43: loss=0.444520, acc=85.11%
[2025-09-05 19:44:10] Val: loss=0.089248, acc=98.49%
[2025-09-05 19:44:10] Val loss not improved.
[2025-09-05 19:44:10] time/epoch: 56.046s
[2025-09-05 19:44:10] ----------------------------------------------------------------------------------------------------
[2025-09-05 19:44:57] Train Epoch 44: loss=0.428908, acc=84.19%
[2025-09-05 19:45:07] Val: loss=1.205999, acc=42.64%
[2025-09-05 19:45:07] Val loss not improved.
[2025-09-05 19:45:07] time/epoch: 56.276s
[2025-09-05 19:45:07] ----------------------------------------------------------------------------------------------------
[2025-09-05 19:45:51] Train Epoch 45: loss=0.431025, acc=84.46%
[2025-09-05 19:46:01] Val: loss=0.077809, acc=98.11%
[2025-09-05 19:46:01] ↓ New best val loss: 0.087291 -> 0.077809 (model saved)
[2025-09-05 19:46:01] time/epoch: 54.175s
[2025-09-05 19:46:01] ----------------------------------------------------------------------------------------------------
[2025-09-05 19:46:47] Train Epoch 46: loss=0.431792, acc=83.90%
[2025-09-05 19:46:56] Val: loss=0.077502, acc=98.30%
[2025-09-05 19:46:56] ↓ New best val loss: 0.077809 -> 0.077502 (model saved)
[2025-09-05 19:46:56] time/epoch: 55.546s
[2025-09-05 19:46:56] ----------------------------------------------------------------------------------------------------
[2025-09-05 19:47:41] Train Epoch 47: loss=0.462700, acc=82.40%
[2025-09-05 19:47:52] Val: loss=0.073431, acc=97.74%
[2025-09-05 19:47:52] ↓ New best val loss: 0.077502 -> 0.073431 (model saved)
[2025-09-05 19:47:52] time/epoch: 55.409s
[2025-09-05 19:47:52] ----------------------------------------------------------------------------------------------------
[2025-09-05 19:48:38] Train Epoch 48: loss=0.436666, acc=84.73%
[2025-09-05 19:48:47] Val: loss=0.131805, acc=98.49%
[2025-09-05 19:48:47] Val loss not improved.
[2025-09-05 19:48:47] time/epoch: 55.086s
[2025-09-05 19:48:47] ----------------------------------------------------------------------------------------------------
[2025-09-05 19:49:30] Train Epoch 49: loss=0.445378, acc=82.71%
[2025-09-05 19:49:40] Val: loss=0.091624, acc=97.17%
[2025-09-05 19:49:40] Val loss not improved.
[2025-09-05 19:49:40] time/epoch: 53.031s
[2025-09-05 19:49:40] ----------------------------------------------------------------------------------------------------
[2025-09-05 19:50:27] Train Epoch 50: loss=0.418946, acc=84.91%
[2025-09-05 19:50:37] Val: loss=0.110923, acc=96.79%
[2025-09-05 19:50:37] Val loss not improved.
[2025-09-05 19:50:37] time/epoch: 56.742s
[2025-09-05 19:50:37] ----------------------------------------------------------------------------------------------------
[2025-09-05 19:50:37] Avg time/epoch: 55.000s
[2025-09-05 19:50:37] total training time: 2750.019s
[2025-09-05 19:50:41] Avg infer time/batch: 0.012600s
[2025-09-05 19:50:41] [TEST] acc=95.83% (230/240)
[2025-09-05 19:50:41] ==== [15ft] RUN END (test_acc=95.83%) ====
