[2025-09-05 16:02:09] ==== [6ft] RUN START ====
[2025-09-05 16:02:09] train_h5=/data02/lpl/github/SH_hybrid/data/6ft_train.h5 | test_h5=/data02/lpl/github/SH_hybrid/data/6ft_test.h5
[2025-09-05 16:02:09] save_path=model_weight/mynet_6ft.pth
[2025-09-05 16:02:42] [THOP] FLOPs=175369904.0  Params=40019.0
[2025-09-05 16:03:33] Train Epoch 1: loss=1.931122, acc=54.67%
[2025-09-05 16:03:44] Val: loss=1.895433, acc=62.40%
[2025-09-05 16:03:44] ↓ New best val loss: inf -> 1.895433 (model saved)
[2025-09-05 16:03:44] time/epoch: 61.170s
[2025-09-05 16:03:44] ----------------------------------------------------------------------------------------------------
[2025-09-05 16:04:37] Train Epoch 2: loss=0.569077, acc=84.77%
[2025-09-05 16:04:47] Val: loss=0.454127, acc=88.67%
[2025-09-05 16:04:47] ↓ New best val loss: 1.895433 -> 0.454127 (model saved)
[2025-09-05 16:04:47] time/epoch: 63.623s
[2025-09-05 16:04:47] ----------------------------------------------------------------------------------------------------
[2025-09-05 16:05:39] Train Epoch 3: loss=0.541243, acc=84.18%
[2025-09-05 16:05:51] Val: loss=0.301850, acc=94.75%
[2025-09-05 16:05:51] ↓ New best val loss: 0.454127 -> 0.301850 (model saved)
[2025-09-05 16:05:51] time/epoch: 63.591s
[2025-09-05 16:05:51] ----------------------------------------------------------------------------------------------------
[2025-09-05 16:06:55] Train Epoch 4: loss=0.472630, acc=85.93%
[2025-09-05 16:07:10] Val: loss=0.195959, acc=96.06%
[2025-09-05 16:07:10] ↓ New best val loss: 0.301850 -> 0.195959 (model saved)
[2025-09-05 16:07:10] time/epoch: 79.428s
[2025-09-05 16:07:10] ----------------------------------------------------------------------------------------------------
[2025-09-05 16:08:18] Train Epoch 5: loss=0.443559, acc=86.32%
[2025-09-05 16:08:33] Val: loss=0.265975, acc=93.76%
[2025-09-05 16:08:33] Val loss not improved.
[2025-09-05 16:08:33] time/epoch: 82.710s
[2025-09-05 16:08:33] ----------------------------------------------------------------------------------------------------
[2025-09-05 16:09:41] Train Epoch 6: loss=0.533564, acc=82.68%
[2025-09-05 16:09:56] Val: loss=0.312722, acc=91.46%
[2025-09-05 16:09:56] Val loss not improved.
[2025-09-05 16:09:56] time/epoch: 83.114s
[2025-09-05 16:09:56] ----------------------------------------------------------------------------------------------------
[2025-09-05 16:11:04] Train Epoch 7: loss=0.480054, acc=84.72%
[2025-09-05 16:11:19] Val: loss=0.174808, acc=96.72%
[2025-09-05 16:11:19] ↓ New best val loss: 0.195959 -> 0.174808 (model saved)
[2025-09-05 16:11:19] time/epoch: 82.696s
[2025-09-05 16:11:19] ----------------------------------------------------------------------------------------------------
[2025-09-05 16:12:28] Train Epoch 8: loss=0.476954, acc=85.45%
[2025-09-05 16:12:43] Val: loss=0.174389, acc=96.55%
[2025-09-05 16:12:43] ↓ New best val loss: 0.174808 -> 0.174389 (model saved)
[2025-09-05 16:12:43] time/epoch: 84.397s
[2025-09-05 16:12:43] ----------------------------------------------------------------------------------------------------
[2025-09-05 16:13:52] Train Epoch 9: loss=0.571168, acc=81.69%
[2025-09-05 16:14:07] Val: loss=0.221654, acc=96.72%
[2025-09-05 16:14:07] Val loss not improved.
[2025-09-05 16:14:07] time/epoch: 84.054s
[2025-09-05 16:14:07] ----------------------------------------------------------------------------------------------------
[2025-09-05 16:15:18] Train Epoch 10: loss=0.530496, acc=83.48%
[2025-09-05 16:15:33] Val: loss=0.184493, acc=97.21%
[2025-09-05 16:15:33] Val loss not improved.
[2025-09-05 16:15:33] time/epoch: 86.045s
[2025-09-05 16:15:33] ----------------------------------------------------------------------------------------------------
[2025-09-05 16:16:44] Train Epoch 11: loss=0.523263, acc=83.09%
[2025-09-05 16:17:00] Val: loss=0.178132, acc=97.54%
[2025-09-05 16:17:00] Val loss not improved.
[2025-09-05 16:17:00] time/epoch: 86.511s
[2025-09-05 16:17:00] ----------------------------------------------------------------------------------------------------
[2025-09-05 16:18:09] Train Epoch 12: loss=0.460886, acc=85.97%
[2025-09-05 16:18:24] Val: loss=0.215483, acc=97.70%
[2025-09-05 16:18:24] Val loss not improved.
[2025-09-05 16:18:24] time/epoch: 83.743s
[2025-09-05 16:18:24] ----------------------------------------------------------------------------------------------------
[2025-09-05 16:19:31] Train Epoch 13: loss=0.499913, acc=83.63%
[2025-09-05 16:19:46] Val: loss=0.410506, acc=93.27%
[2025-09-05 16:19:46] Val loss not improved.
[2025-09-05 16:19:46] time/epoch: 82.042s
[2025-09-05 16:19:46] ----------------------------------------------------------------------------------------------------
[2025-09-05 16:20:52] Train Epoch 14: loss=0.493308, acc=83.08%
[2025-09-05 16:21:06] Val: loss=0.266785, acc=97.54%
[2025-09-05 16:21:06] Val loss not improved.
[2025-09-05 16:21:06] time/epoch: 80.808s
[2025-09-05 16:21:06] ----------------------------------------------------------------------------------------------------
[2025-09-05 16:22:14] Train Epoch 15: loss=0.411506, acc=87.70%
[2025-09-05 16:22:28] Val: loss=0.265458, acc=98.03%
[2025-09-05 16:22:28] Val loss not improved.
[2025-09-05 16:22:28] time/epoch: 81.824s
[2025-09-05 16:22:28] ----------------------------------------------------------------------------------------------------
[2025-09-05 16:23:37] Train Epoch 16: loss=0.483852, acc=84.55%
[2025-09-05 16:23:52] Val: loss=0.186976, acc=97.21%
[2025-09-05 16:23:52] Val loss not improved.
[2025-09-05 16:23:52] time/epoch: 83.416s
[2025-09-05 16:23:52] ----------------------------------------------------------------------------------------------------
[2025-09-05 16:24:59] Train Epoch 17: loss=0.491687, acc=84.39%
[2025-09-05 16:25:14] Val: loss=0.282775, acc=97.37%
[2025-09-05 16:25:14] Val loss not improved.
[2025-09-05 16:25:14] time/epoch: 82.485s
[2025-09-05 16:25:14] ----------------------------------------------------------------------------------------------------
[2025-09-05 16:26:20] Train Epoch 18: loss=0.528141, acc=80.89%
[2025-09-05 16:26:35] Val: loss=0.174965, acc=95.73%
[2025-09-05 16:26:35] Val loss not improved.
[2025-09-05 16:26:35] time/epoch: 80.437s
[2025-09-05 16:26:35] ----------------------------------------------------------------------------------------------------
[2025-09-05 16:27:42] Train Epoch 19: loss=0.450202, acc=86.39%
[2025-09-05 16:27:57] Val: loss=0.223674, acc=94.75%
[2025-09-05 16:27:57] Val loss not improved.
[2025-09-05 16:27:57] time/epoch: 82.507s
[2025-09-05 16:27:57] ----------------------------------------------------------------------------------------------------
[2025-09-05 16:29:05] Train Epoch 20: loss=0.407242, acc=87.16%
[2025-09-05 16:29:20] Val: loss=0.153758, acc=96.88%
[2025-09-05 16:29:20] ↓ New best val loss: 0.174389 -> 0.153758 (model saved)
[2025-09-05 16:29:20] time/epoch: 83.252s
[2025-09-05 16:29:20] ----------------------------------------------------------------------------------------------------
[2025-09-05 16:30:27] Train Epoch 21: loss=0.445084, acc=86.30%
[2025-09-05 16:30:41] Val: loss=0.257671, acc=98.52%
[2025-09-05 16:30:41] Val loss not improved.
[2025-09-05 16:30:41] time/epoch: 81.107s
[2025-09-05 16:30:41] ----------------------------------------------------------------------------------------------------
[2025-09-05 16:31:49] Train Epoch 22: loss=0.444251, acc=85.50%
[2025-09-05 16:32:03] Val: loss=0.135392, acc=97.70%
[2025-09-05 16:32:03] ↓ New best val loss: 0.153758 -> 0.135392 (model saved)
[2025-09-05 16:32:03] time/epoch: 81.464s
[2025-09-05 16:32:03] ----------------------------------------------------------------------------------------------------
[2025-09-05 16:33:10] Train Epoch 23: loss=0.436540, acc=86.13%
[2025-09-05 16:33:25] Val: loss=0.177192, acc=97.04%
[2025-09-05 16:33:25] Val loss not improved.
[2025-09-05 16:33:25] time/epoch: 82.351s
[2025-09-05 16:33:25] ----------------------------------------------------------------------------------------------------
[2025-09-05 16:34:34] Train Epoch 24: loss=0.483373, acc=83.45%
[2025-09-05 16:34:48] Val: loss=0.326967, acc=88.01%
[2025-09-05 16:34:48] Val loss not improved.
[2025-09-05 16:34:48] time/epoch: 83.060s
[2025-09-05 16:34:48] ----------------------------------------------------------------------------------------------------
[2025-09-05 16:35:55] Train Epoch 25: loss=0.432491, acc=85.86%
[2025-09-05 16:36:10] Val: loss=0.151233, acc=97.04%
[2025-09-05 16:36:10] Val loss not improved.
[2025-09-05 16:36:10] time/epoch: 82.108s
[2025-09-05 16:36:10] ----------------------------------------------------------------------------------------------------
[2025-09-05 16:37:19] Train Epoch 26: loss=0.429593, acc=86.52%
[2025-09-05 16:37:34] Val: loss=0.138457, acc=96.39%
[2025-09-05 16:37:34] Val loss not improved.
[2025-09-05 16:37:34] time/epoch: 83.872s
[2025-09-05 16:37:34] ----------------------------------------------------------------------------------------------------
[2025-09-05 16:38:42] Train Epoch 27: loss=0.467377, acc=84.05%
[2025-09-05 16:38:57] Val: loss=0.150811, acc=96.55%
[2025-09-05 16:38:57] Val loss not improved.
[2025-09-05 16:38:57] time/epoch: 82.246s
[2025-09-05 16:38:57] ----------------------------------------------------------------------------------------------------
[2025-09-05 16:40:04] Train Epoch 28: loss=0.460066, acc=84.42%
[2025-09-05 16:40:18] Val: loss=0.365742, acc=97.21%
[2025-09-05 16:40:18] Val loss not improved.
[2025-09-05 16:40:18] time/epoch: 81.318s
[2025-09-05 16:40:18] ----------------------------------------------------------------------------------------------------
[2025-09-05 16:41:26] Train Epoch 29: loss=0.461297, acc=84.20%
[2025-09-05 16:41:40] Val: loss=0.155327, acc=97.54%
[2025-09-05 16:41:40] Val loss not improved.
[2025-09-05 16:41:40] time/epoch: 82.280s
[2025-09-05 16:41:40] ----------------------------------------------------------------------------------------------------
[2025-09-05 16:42:46] Train Epoch 30: loss=0.446539, acc=85.73%
[2025-09-05 16:43:00] Val: loss=0.152632, acc=97.54%
[2025-09-05 16:43:00] Val loss not improved.
[2025-09-05 16:43:00] time/epoch: 79.718s
[2025-09-05 16:43:00] ----------------------------------------------------------------------------------------------------
[2025-09-05 16:44:06] Train Epoch 31: loss=0.400130, acc=86.73%
[2025-09-05 16:44:21] Val: loss=0.121993, acc=96.22%
[2025-09-05 16:44:21] ↓ New best val loss: 0.135392 -> 0.121993 (model saved)
[2025-09-05 16:44:21] time/epoch: 80.718s
[2025-09-05 16:44:21] ----------------------------------------------------------------------------------------------------
[2025-09-05 16:45:28] Train Epoch 32: loss=0.488560, acc=83.05%
[2025-09-05 16:45:42] Val: loss=0.228234, acc=97.54%
[2025-09-05 16:45:42] Val loss not improved.
[2025-09-05 16:45:42] time/epoch: 81.015s
[2025-09-05 16:45:42] ----------------------------------------------------------------------------------------------------
[2025-09-05 16:46:49] Train Epoch 33: loss=0.481729, acc=81.85%
[2025-09-05 16:47:03] Val: loss=0.110372, acc=97.70%
[2025-09-05 16:47:03] ↓ New best val loss: 0.121993 -> 0.110372 (model saved)
[2025-09-05 16:47:03] time/epoch: 81.146s
[2025-09-05 16:47:03] ----------------------------------------------------------------------------------------------------
[2025-09-05 16:48:09] Train Epoch 34: loss=0.431179, acc=85.43%
[2025-09-05 16:48:23] Val: loss=0.150446, acc=97.37%
[2025-09-05 16:48:23] Val loss not improved.
[2025-09-05 16:48:23] time/epoch: 80.261s
[2025-09-05 16:48:23] ----------------------------------------------------------------------------------------------------
[2025-09-05 16:49:29] Train Epoch 35: loss=0.429812, acc=86.07%
[2025-09-05 16:49:43] Val: loss=0.145705, acc=97.87%
[2025-09-05 16:49:43] Val loss not improved.
[2025-09-05 16:49:43] time/epoch: 80.151s
[2025-09-05 16:49:43] ----------------------------------------------------------------------------------------------------
[2025-09-05 16:50:51] Train Epoch 36: loss=0.467689, acc=84.62%
[2025-09-05 16:51:05] Val: loss=0.130690, acc=96.39%
[2025-09-05 16:51:05] Val loss not improved.
[2025-09-05 16:51:05] time/epoch: 82.146s
[2025-09-05 16:51:05] ----------------------------------------------------------------------------------------------------
[2025-09-05 16:52:10] Train Epoch 37: loss=0.511353, acc=82.54%
[2025-09-05 16:52:24] Val: loss=0.165616, acc=98.36%
[2025-09-05 16:52:24] Val loss not improved.
[2025-09-05 16:52:24] time/epoch: 78.676s
[2025-09-05 16:52:24] ----------------------------------------------------------------------------------------------------
[2025-09-05 16:53:33] Train Epoch 38: loss=0.448910, acc=84.82%
[2025-09-05 16:53:47] Val: loss=0.155683, acc=97.70%
[2025-09-05 16:53:47] Val loss not improved.
[2025-09-05 16:53:47] time/epoch: 83.151s
[2025-09-05 16:53:47] ----------------------------------------------------------------------------------------------------
[2025-09-05 16:54:54] Train Epoch 39: loss=0.389691, acc=87.03%
[2025-09-05 16:55:08] Val: loss=0.120555, acc=96.55%
[2025-09-05 16:55:08] Val loss not improved.
[2025-09-05 16:55:08] time/epoch: 81.170s
[2025-09-05 16:55:08] ----------------------------------------------------------------------------------------------------
[2025-09-05 16:56:13] Train Epoch 40: loss=0.454067, acc=84.32%
[2025-09-05 16:56:28] Val: loss=0.120087, acc=97.54%
[2025-09-05 16:56:28] Val loss not improved.
[2025-09-05 16:56:28] time/epoch: 79.389s
[2025-09-05 16:56:28] ----------------------------------------------------------------------------------------------------
[2025-09-05 16:57:34] Train Epoch 41: loss=0.441618, acc=84.79%
[2025-09-05 16:57:48] Val: loss=0.173117, acc=95.24%
[2025-09-05 16:57:48] Val loss not improved.
[2025-09-05 16:57:48] time/epoch: 80.247s
[2025-09-05 16:57:48] ----------------------------------------------------------------------------------------------------
[2025-09-05 16:58:53] Train Epoch 42: loss=0.399054, acc=86.56%
[2025-09-05 16:59:07] Val: loss=0.140845, acc=97.37%
[2025-09-05 16:59:07] Val loss not improved.
[2025-09-05 16:59:07] time/epoch: 78.789s
[2025-09-05 16:59:07] ----------------------------------------------------------------------------------------------------
[2025-09-05 17:00:13] Train Epoch 43: loss=0.475107, acc=83.77%
[2025-09-05 17:00:27] Val: loss=0.124665, acc=96.72%
[2025-09-05 17:00:27] Val loss not improved.
[2025-09-05 17:00:27] time/epoch: 80.667s
[2025-09-05 17:00:27] ----------------------------------------------------------------------------------------------------
[2025-09-05 17:01:33] Train Epoch 44: loss=0.457253, acc=83.62%
[2025-09-05 17:01:48] Val: loss=0.190007, acc=98.19%
[2025-09-05 17:01:48] Val loss not improved.
[2025-09-05 17:01:48] time/epoch: 80.121s
[2025-09-05 17:01:48] ----------------------------------------------------------------------------------------------------
[2025-09-05 17:02:54] Train Epoch 45: loss=0.499547, acc=81.55%
[2025-09-05 17:03:08] Val: loss=0.305053, acc=95.73%
[2025-09-05 17:03:08] Val loss not improved.
[2025-09-05 17:03:08] time/epoch: 80.391s
[2025-09-05 17:03:08] ----------------------------------------------------------------------------------------------------
[2025-09-05 17:04:13] Train Epoch 46: loss=0.474122, acc=82.95%
[2025-09-05 17:04:28] Val: loss=0.112319, acc=97.21%
[2025-09-05 17:04:28] Val loss not improved.
[2025-09-05 17:04:28] time/epoch: 79.785s
[2025-09-05 17:04:28] ----------------------------------------------------------------------------------------------------
[2025-09-05 17:05:34] Train Epoch 47: loss=0.393205, acc=87.49%
[2025-09-05 17:05:48] Val: loss=0.179160, acc=98.69%
[2025-09-05 17:05:48] Val loss not improved.
[2025-09-05 17:05:48] time/epoch: 79.789s
[2025-09-05 17:05:48] ----------------------------------------------------------------------------------------------------
[2025-09-05 17:06:54] Train Epoch 48: loss=0.405423, acc=86.70%
[2025-09-05 17:07:07] Val: loss=0.128673, acc=96.72%
[2025-09-05 17:07:07] Val loss not improved.
[2025-09-05 17:07:07] time/epoch: 79.806s
[2025-09-05 17:07:07] ----------------------------------------------------------------------------------------------------
[2025-09-05 17:08:15] Train Epoch 49: loss=0.385219, acc=86.99%
[2025-09-05 17:08:29] Val: loss=0.167774, acc=93.76%
[2025-09-05 17:08:29] Val loss not improved.
[2025-09-05 17:08:29] time/epoch: 81.466s
[2025-09-05 17:08:29] ----------------------------------------------------------------------------------------------------
[2025-09-05 17:09:34] Train Epoch 50: loss=0.425277, acc=84.77%
[2025-09-05 17:09:49] Val: loss=0.140949, acc=97.87%
[2025-09-05 17:09:49] Val loss not improved.
[2025-09-05 17:09:49] time/epoch: 79.910s
[2025-09-05 17:09:49] ----------------------------------------------------------------------------------------------------
[2025-09-05 17:09:49] Avg time/epoch: 80.524s
[2025-09-05 17:09:49] total training time: 4026.181s
[2025-09-05 17:09:55] Avg infer time/batch: 0.014501s
[2025-09-05 17:09:55] [TEST] acc=95.71% (268/280)
[2025-09-05 17:09:55] ==== [6ft] RUN END (test_acc=95.71%) ====
