[2025-09-05 17:09:55] ==== [9ft] RUN START ====
[2025-09-05 17:09:55] train_h5=/data02/lpl/github/SH_hybrid/data/9ft_train.h5 | test_h5=/data02/lpl/github/SH_hybrid/data/9ft_test.h5
[2025-09-05 17:09:55] save_path=model_weight/mynet_9ft.pth
[2025-09-05 17:10:32] [THOP] FLOPs=175369904.0  Params=40019.0
[2025-09-05 17:11:45] Train Epoch 1: loss=2.006920, acc=55.59%
[2025-09-05 17:12:02] Val: loss=0.874435, acc=68.95%
[2025-09-05 17:12:02] ↓ New best val loss: inf -> 0.874435 (model saved)
[2025-09-05 17:12:02] time/epoch: 89.740s
[2025-09-05 17:12:02] ----------------------------------------------------------------------------------------------------
[2025-09-05 17:13:17] Train Epoch 2: loss=0.716045, acc=78.43%
[2025-09-05 17:13:32] Val: loss=0.294963, acc=89.75%
[2025-09-05 17:13:32] ↓ New best val loss: 0.874435 -> 0.294963 (model saved)
[2025-09-05 17:13:32] time/epoch: 90.531s
[2025-09-05 17:13:32] ----------------------------------------------------------------------------------------------------
[2025-09-05 17:14:44] Train Epoch 3: loss=0.481412, acc=87.05%
[2025-09-05 17:15:01] Val: loss=0.316113, acc=95.39%
[2025-09-05 17:15:01] Val loss not improved.
[2025-09-05 17:15:01] time/epoch: 88.188s
[2025-09-05 17:15:01] ----------------------------------------------------------------------------------------------------
[2025-09-05 17:16:13] Train Epoch 4: loss=0.495498, acc=84.78%
[2025-09-05 17:16:29] Val: loss=0.215919, acc=97.62%
[2025-09-05 17:16:29] ↓ New best val loss: 0.294963 -> 0.215919 (model saved)
[2025-09-05 17:16:29] time/epoch: 88.100s
[2025-09-05 17:16:29] ----------------------------------------------------------------------------------------------------
[2025-09-05 17:17:42] Train Epoch 5: loss=0.479351, acc=83.11%
[2025-09-05 17:17:58] Val: loss=0.212634, acc=96.29%
[2025-09-05 17:17:58] ↓ New best val loss: 0.215919 -> 0.212634 (model saved)
[2025-09-05 17:17:58] time/epoch: 89.224s
[2025-09-05 17:17:58] ----------------------------------------------------------------------------------------------------
[2025-09-05 17:19:11] Train Epoch 6: loss=0.478212, acc=84.91%
[2025-09-05 17:19:27] Val: loss=0.180479, acc=97.77%
[2025-09-05 17:19:27] ↓ New best val loss: 0.212634 -> 0.180479 (model saved)
[2025-09-05 17:19:27] time/epoch: 89.154s
[2025-09-05 17:19:27] ----------------------------------------------------------------------------------------------------
[2025-09-05 17:20:42] Train Epoch 7: loss=0.481489, acc=84.40%
[2025-09-05 17:20:58] Val: loss=0.203019, acc=98.07%
[2025-09-05 17:20:58] Val loss not improved.
[2025-09-05 17:20:58] time/epoch: 91.026s
[2025-09-05 17:20:58] ----------------------------------------------------------------------------------------------------
[2025-09-05 17:22:13] Train Epoch 8: loss=0.497278, acc=84.33%
[2025-09-05 17:22:30] Val: loss=0.238507, acc=95.84%
[2025-09-05 17:22:30] Val loss not improved.
[2025-09-05 17:22:30] time/epoch: 91.705s
[2025-09-05 17:22:30] ----------------------------------------------------------------------------------------------------
[2025-09-05 17:23:39] Train Epoch 9: loss=0.502238, acc=83.30%
[2025-09-05 17:23:56] Val: loss=0.321826, acc=98.07%
[2025-09-05 17:23:56] Val loss not improved.
[2025-09-05 17:23:56] time/epoch: 86.087s
[2025-09-05 17:23:56] ----------------------------------------------------------------------------------------------------
[2025-09-05 17:25:12] Train Epoch 10: loss=0.443534, acc=85.15%
[2025-09-05 17:25:27] Val: loss=0.115067, acc=98.37%
[2025-09-05 17:25:27] ↓ New best val loss: 0.180479 -> 0.115067 (model saved)
[2025-09-05 17:25:27] time/epoch: 91.402s
[2025-09-05 17:25:27] ----------------------------------------------------------------------------------------------------
[2025-09-05 17:26:42] Train Epoch 11: loss=0.494099, acc=84.49%
[2025-09-05 17:26:58] Val: loss=0.173430, acc=95.84%
[2025-09-05 17:26:58] Val loss not improved.
[2025-09-05 17:26:58] time/epoch: 90.364s
[2025-09-05 17:26:58] ----------------------------------------------------------------------------------------------------
[2025-09-05 17:28:12] Train Epoch 12: loss=0.444256, acc=85.37%
[2025-09-05 17:28:28] Val: loss=0.140282, acc=97.33%
[2025-09-05 17:28:28] Val loss not improved.
[2025-09-05 17:28:28] time/epoch: 90.777s
[2025-09-05 17:28:28] ----------------------------------------------------------------------------------------------------
[2025-09-05 17:29:42] Train Epoch 13: loss=0.465856, acc=84.16%
[2025-09-05 17:29:58] Val: loss=0.126410, acc=97.62%
[2025-09-05 17:29:58] Val loss not improved.
[2025-09-05 17:29:58] time/epoch: 89.651s
[2025-09-05 17:29:58] ----------------------------------------------------------------------------------------------------
[2025-09-05 17:31:12] Train Epoch 14: loss=0.451535, acc=85.75%
[2025-09-05 17:31:28] Val: loss=0.161688, acc=97.03%
[2025-09-05 17:31:28] Val loss not improved.
[2025-09-05 17:31:28] time/epoch: 89.544s
[2025-09-05 17:31:28] ----------------------------------------------------------------------------------------------------
[2025-09-05 17:32:41] Train Epoch 15: loss=0.518420, acc=81.65%
[2025-09-05 17:32:57] Val: loss=0.166364, acc=96.43%
[2025-09-05 17:32:57] Val loss not improved.
[2025-09-05 17:32:57] time/epoch: 89.177s
[2025-09-05 17:32:57] ----------------------------------------------------------------------------------------------------
[2025-09-05 17:34:11] Train Epoch 16: loss=0.471029, acc=84.25%
[2025-09-05 17:34:28] Val: loss=0.199683, acc=94.95%
[2025-09-05 17:34:28] Val loss not improved.
[2025-09-05 17:34:28] time/epoch: 91.271s
[2025-09-05 17:34:28] ----------------------------------------------------------------------------------------------------
[2025-09-05 17:35:43] Train Epoch 17: loss=0.475803, acc=84.39%
[2025-09-05 17:35:59] Val: loss=0.182562, acc=98.66%
[2025-09-05 17:35:59] Val loss not improved.
[2025-09-05 17:35:59] time/epoch: 90.459s
[2025-09-05 17:35:59] ----------------------------------------------------------------------------------------------------
[2025-09-05 17:37:12] Train Epoch 18: loss=0.482474, acc=82.60%
[2025-09-05 17:37:27] Val: loss=0.132636, acc=98.22%
[2025-09-05 17:37:27] Val loss not improved.
[2025-09-05 17:37:27] time/epoch: 88.930s
[2025-09-05 17:37:27] ----------------------------------------------------------------------------------------------------
[2025-09-05 17:38:41] Train Epoch 19: loss=0.453391, acc=84.18%
[2025-09-05 17:38:58] Val: loss=0.208271, acc=94.21%
[2025-09-05 17:38:58] Val loss not improved.
[2025-09-05 17:38:58] time/epoch: 90.307s
[2025-09-05 17:38:58] ----------------------------------------------------------------------------------------------------
[2025-09-05 17:40:12] Train Epoch 20: loss=0.449212, acc=85.09%
[2025-09-05 17:40:28] Val: loss=0.160250, acc=97.62%
[2025-09-05 17:40:28] Val loss not improved.
[2025-09-05 17:40:28] time/epoch: 90.631s
[2025-09-05 17:40:28] ----------------------------------------------------------------------------------------------------
[2025-09-05 17:41:44] Train Epoch 21: loss=0.416531, acc=86.08%
[2025-09-05 17:42:00] Val: loss=0.125901, acc=98.66%
[2025-09-05 17:42:00] Val loss not improved.
[2025-09-05 17:42:00] time/epoch: 91.941s
[2025-09-05 17:42:00] ----------------------------------------------------------------------------------------------------
[2025-09-05 17:43:16] Train Epoch 22: loss=0.450709, acc=83.95%
[2025-09-05 17:43:33] Val: loss=0.153793, acc=97.33%
[2025-09-05 17:43:33] Val loss not improved.
[2025-09-05 17:43:33] time/epoch: 92.379s
[2025-09-05 17:43:33] ----------------------------------------------------------------------------------------------------
[2025-09-05 17:44:46] Train Epoch 23: loss=0.434982, acc=85.77%
[2025-09-05 17:45:02] Val: loss=0.167502, acc=94.35%
[2025-09-05 17:45:02] Val loss not improved.
[2025-09-05 17:45:02] time/epoch: 89.736s
[2025-09-05 17:45:02] ----------------------------------------------------------------------------------------------------
[2025-09-05 17:46:16] Train Epoch 24: loss=0.505199, acc=81.10%
[2025-09-05 17:46:33] Val: loss=0.126589, acc=97.47%
[2025-09-05 17:46:33] Val loss not improved.
[2025-09-05 17:46:33] time/epoch: 90.200s
[2025-09-05 17:46:33] ----------------------------------------------------------------------------------------------------
[2025-09-05 17:47:48] Train Epoch 25: loss=0.444761, acc=85.55%
[2025-09-05 17:48:04] Val: loss=0.276605, acc=96.58%
[2025-09-05 17:48:04] Val loss not improved.
[2025-09-05 17:48:04] time/epoch: 91.562s
[2025-09-05 17:48:04] ----------------------------------------------------------------------------------------------------
[2025-09-05 17:49:19] Train Epoch 26: loss=0.469797, acc=84.15%
[2025-09-05 17:49:35] Val: loss=0.163739, acc=97.18%
[2025-09-05 17:49:35] Val loss not improved.
[2025-09-05 17:49:35] time/epoch: 90.786s
[2025-09-05 17:49:35] ----------------------------------------------------------------------------------------------------
[2025-09-05 17:50:50] Train Epoch 27: loss=0.377693, acc=87.44%
[2025-09-05 17:51:05] Val: loss=0.121409, acc=97.77%
[2025-09-05 17:51:05] Val loss not improved.
[2025-09-05 17:51:05] time/epoch: 90.116s
[2025-09-05 17:51:05] ----------------------------------------------------------------------------------------------------
[2025-09-05 17:52:16] Train Epoch 28: loss=0.508144, acc=81.12%
[2025-09-05 17:52:32] Val: loss=0.136586, acc=98.66%
[2025-09-05 17:52:32] Val loss not improved.
[2025-09-05 17:52:32] time/epoch: 86.984s
[2025-09-05 17:52:32] ----------------------------------------------------------------------------------------------------
[2025-09-05 17:53:42] Train Epoch 29: loss=0.419412, acc=85.55%
[2025-09-05 17:53:58] Val: loss=0.118759, acc=98.66%
[2025-09-05 17:53:58] Val loss not improved.
[2025-09-05 17:53:58] time/epoch: 85.464s
[2025-09-05 17:53:58] ----------------------------------------------------------------------------------------------------
[2025-09-05 17:55:11] Train Epoch 30: loss=0.445825, acc=84.37%
[2025-09-05 17:55:27] Val: loss=0.138236, acc=97.92%
[2025-09-05 17:55:27] Val loss not improved.
[2025-09-05 17:55:27] time/epoch: 89.186s
[2025-09-05 17:55:27] ----------------------------------------------------------------------------------------------------
[2025-09-05 17:56:41] Train Epoch 31: loss=0.487106, acc=82.19%
[2025-09-05 17:56:57] Val: loss=0.109759, acc=97.62%
[2025-09-05 17:56:57] ↓ New best val loss: 0.115067 -> 0.109759 (model saved)
[2025-09-05 17:56:57] time/epoch: 90.582s
[2025-09-05 17:56:57] ----------------------------------------------------------------------------------------------------
[2025-09-05 17:58:11] Train Epoch 32: loss=0.470061, acc=82.76%
[2025-09-05 17:58:27] Val: loss=0.151388, acc=98.07%
[2025-09-05 17:58:27] Val loss not improved.
[2025-09-05 17:58:27] time/epoch: 89.614s
[2025-09-05 17:58:27] ----------------------------------------------------------------------------------------------------
[2025-09-05 17:59:43] Train Epoch 33: loss=0.412012, acc=86.12%
[2025-09-05 17:59:59] Val: loss=0.116653, acc=98.96%
[2025-09-05 17:59:59] Val loss not improved.
[2025-09-05 17:59:59] time/epoch: 92.039s
[2025-09-05 17:59:59] ----------------------------------------------------------------------------------------------------
[2025-09-05 18:01:14] Train Epoch 34: loss=0.453642, acc=83.58%
[2025-09-05 18:01:30] Val: loss=0.202245, acc=94.21%
[2025-09-05 18:01:30] Val loss not improved.
[2025-09-05 18:01:30] time/epoch: 90.862s
[2025-09-05 18:01:30] ----------------------------------------------------------------------------------------------------
[2025-09-05 18:02:45] Train Epoch 35: loss=0.476497, acc=83.46%
[2025-09-05 18:03:02] Val: loss=0.134447, acc=97.47%
[2025-09-05 18:03:02] Val loss not improved.
[2025-09-05 18:03:02] time/epoch: 91.701s
[2025-09-05 18:03:02] ----------------------------------------------------------------------------------------------------
[2025-09-05 18:04:15] Train Epoch 36: loss=0.423487, acc=84.37%
[2025-09-05 18:04:27] Val: loss=0.153456, acc=99.11%
[2025-09-05 18:04:27] Val loss not improved.
[2025-09-05 18:04:27] time/epoch: 85.515s
[2025-09-05 18:04:27] ----------------------------------------------------------------------------------------------------
[2025-09-05 18:05:26] Train Epoch 37: loss=0.438439, acc=85.62%
[2025-09-05 18:05:39] Val: loss=0.157553, acc=97.92%
[2025-09-05 18:05:39] Val loss not improved.
[2025-09-05 18:05:39] time/epoch: 71.441s
[2025-09-05 18:05:39] ----------------------------------------------------------------------------------------------------
[2025-09-05 18:06:36] Train Epoch 38: loss=0.447873, acc=85.23%
[2025-09-05 18:06:48] Val: loss=0.155636, acc=96.43%
[2025-09-05 18:06:48] Val loss not improved.
[2025-09-05 18:06:48] time/epoch: 69.665s
[2025-09-05 18:06:48] ----------------------------------------------------------------------------------------------------
[2025-09-05 18:07:44] Train Epoch 39: loss=0.484268, acc=81.12%
[2025-09-05 18:07:56] Val: loss=0.122733, acc=98.96%
[2025-09-05 18:07:56] Val loss not improved.
[2025-09-05 18:07:56] time/epoch: 68.203s
[2025-09-05 18:07:56] ----------------------------------------------------------------------------------------------------
[2025-09-05 18:08:54] Train Epoch 40: loss=0.457099, acc=82.76%
[2025-09-05 18:09:06] Val: loss=0.144339, acc=98.51%
[2025-09-05 18:09:06] Val loss not improved.
[2025-09-05 18:09:06] time/epoch: 69.573s
[2025-09-05 18:09:06] ----------------------------------------------------------------------------------------------------
[2025-09-05 18:10:06] Train Epoch 41: loss=0.428197, acc=85.99%
[2025-09-05 18:10:18] Val: loss=0.326135, acc=86.78%
[2025-09-05 18:10:18] Val loss not improved.
[2025-09-05 18:10:18] time/epoch: 72.046s
[2025-09-05 18:10:18] ----------------------------------------------------------------------------------------------------
[2025-09-05 18:11:15] Train Epoch 42: loss=0.436957, acc=85.47%
[2025-09-05 18:11:27] Val: loss=0.176616, acc=95.84%
[2025-09-05 18:11:27] Val loss not improved.
[2025-09-05 18:11:27] time/epoch: 68.893s
[2025-09-05 18:11:27] ----------------------------------------------------------------------------------------------------
[2025-09-05 18:12:25] Train Epoch 43: loss=0.378244, acc=86.64%
[2025-09-05 18:12:37] Val: loss=0.118346, acc=98.96%
[2025-09-05 18:12:37] Val loss not improved.
[2025-09-05 18:12:37] time/epoch: 70.076s
[2025-09-05 18:12:37] ----------------------------------------------------------------------------------------------------
[2025-09-05 18:13:37] Train Epoch 44: loss=0.444559, acc=83.29%
[2025-09-05 18:13:49] Val: loss=0.457974, acc=94.06%
[2025-09-05 18:13:49] Val loss not improved.
[2025-09-05 18:13:49] time/epoch: 72.463s
[2025-09-05 18:13:49] ----------------------------------------------------------------------------------------------------
[2025-09-05 18:14:47] Train Epoch 45: loss=0.448721, acc=83.68%
[2025-09-05 18:14:59] Val: loss=0.239383, acc=94.80%
[2025-09-05 18:14:59] Val loss not improved.
[2025-09-05 18:14:59] time/epoch: 70.006s
[2025-09-05 18:14:59] ----------------------------------------------------------------------------------------------------
[2025-09-05 18:15:54] Train Epoch 46: loss=0.448354, acc=84.99%
[2025-09-05 18:16:07] Val: loss=0.228662, acc=96.73%
[2025-09-05 18:16:07] Val loss not improved.
[2025-09-05 18:16:07] time/epoch: 67.470s
[2025-09-05 18:16:07] ----------------------------------------------------------------------------------------------------
[2025-09-05 18:17:07] Train Epoch 47: loss=0.482897, acc=80.95%
[2025-09-05 18:17:20] Val: loss=0.810664, acc=59.58%
[2025-09-05 18:17:20] Val loss not improved.
[2025-09-05 18:17:20] time/epoch: 72.693s
[2025-09-05 18:17:20] ----------------------------------------------------------------------------------------------------
[2025-09-05 18:18:18] Train Epoch 48: loss=0.498046, acc=81.18%
[2025-09-05 18:18:31] Val: loss=0.197408, acc=99.41%
[2025-09-05 18:18:31] Val loss not improved.
[2025-09-05 18:18:31] time/epoch: 71.116s
[2025-09-05 18:18:31] ----------------------------------------------------------------------------------------------------
[2025-09-05 18:19:28] Train Epoch 49: loss=0.433087, acc=83.80%
[2025-09-05 18:19:41] Val: loss=0.087371, acc=99.41%
[2025-09-05 18:19:41] ↓ New best val loss: 0.109759 -> 0.087371 (model saved)
[2025-09-05 18:19:41] time/epoch: 69.861s
[2025-09-05 18:19:41] ----------------------------------------------------------------------------------------------------
[2025-09-05 18:20:36] Train Epoch 50: loss=0.442634, acc=84.15%
[2025-09-05 18:20:48] Val: loss=0.390862, acc=83.06%
[2025-09-05 18:20:48] Val loss not improved.
[2025-09-05 18:20:48] time/epoch: 67.366s
[2025-09-05 18:20:48] ----------------------------------------------------------------------------------------------------
[2025-09-05 18:20:48] Avg time/epoch: 84.316s
[2025-09-05 18:20:48] total training time: 4215.814s
[2025-09-05 18:20:53] Avg infer time/batch: 0.012983s
[2025-09-05 18:20:53] [TEST] acc=97.86% (274/280)
[2025-09-05 18:20:53] ==== [9ft] RUN END (test_acc=97.86%) ====
