[2025-09-05 19:50:41] ==== [ALL] RUN START ====
[2025-09-05 19:50:41] train_h5=/data02/lpl/github/SH_hybrid/data/ALL_train.h5 | test_h5=/data02/lpl/github/SH_hybrid/data/ALL_test.h5
[2025-09-05 19:50:41] save_path=model_weight/mynet_ALL.pth
[2025-09-05 19:52:44] [THOP] FLOPs=175369904.0  Params=40019.0
[2025-09-05 19:56:06] Train Epoch 1: loss=1.117975, acc=68.65%
[2025-09-05 19:56:50] Val: loss=0.271269, acc=96.04%
[2025-09-05 19:56:50] ↓ New best val loss: inf -> 0.271269 (model saved)
[2025-09-05 19:56:50] time/epoch: 246.276s
[2025-09-05 19:56:50] ----------------------------------------------------------------------------------------------------
[2025-09-05 20:00:23] Train Epoch 2: loss=0.568633, acc=83.00%
[2025-09-05 20:01:07] Val: loss=0.222686, acc=97.37%
[2025-09-05 20:01:07] ↓ New best val loss: 0.271269 -> 0.222686 (model saved)
[2025-09-05 20:01:07] time/epoch: 256.236s
[2025-09-05 20:01:07] ----------------------------------------------------------------------------------------------------
[2025-09-05 20:03:59] Train Epoch 3: loss=0.499728, acc=85.43%
[2025-09-05 20:04:26] Val: loss=0.159746, acc=98.32%
[2025-09-05 20:04:26] ↓ New best val loss: 0.222686 -> 0.159746 (model saved)
[2025-09-05 20:04:26] time/epoch: 198.834s
[2025-09-05 20:04:26] ----------------------------------------------------------------------------------------------------
[2025-09-05 20:08:08] Train Epoch 4: loss=0.523325, acc=84.12%
[2025-09-05 20:08:53] Val: loss=0.211482, acc=97.80%
[2025-09-05 20:08:53] Val loss not improved.
[2025-09-05 20:08:53] time/epoch: 267.509s
[2025-09-05 20:08:53] ----------------------------------------------------------------------------------------------------
[2025-09-05 20:12:36] Train Epoch 5: loss=0.479140, acc=85.71%
[2025-09-05 20:13:20] Val: loss=0.173546, acc=97.93%
[2025-09-05 20:13:20] Val loss not improved.
[2025-09-05 20:13:20] time/epoch: 266.535s
[2025-09-05 20:13:20] ----------------------------------------------------------------------------------------------------
[2025-09-05 20:17:03] Train Epoch 6: loss=0.480898, acc=84.75%
[2025-09-05 20:17:47] Val: loss=0.149458, acc=98.15%
[2025-09-05 20:17:47] ↓ New best val loss: 0.159746 -> 0.149458 (model saved)
[2025-09-05 20:17:47] time/epoch: 267.710s
[2025-09-05 20:17:47] ----------------------------------------------------------------------------------------------------
[2025-09-05 20:21:30] Train Epoch 7: loss=0.478086, acc=85.49%
[2025-09-05 20:22:14] Val: loss=0.165660, acc=96.04%
[2025-09-05 20:22:14] Val loss not improved.
[2025-09-05 20:22:14] time/epoch: 266.835s
[2025-09-05 20:22:14] ----------------------------------------------------------------------------------------------------
[2025-09-05 20:25:56] Train Epoch 8: loss=0.495406, acc=84.03%
[2025-09-05 20:26:39] Val: loss=0.141395, acc=98.24%
[2025-09-05 20:26:39] ↓ New best val loss: 0.149458 -> 0.141395 (model saved)
[2025-09-05 20:26:39] time/epoch: 265.000s
[2025-09-05 20:26:39] ----------------------------------------------------------------------------------------------------
[2025-09-05 20:30:14] Train Epoch 9: loss=0.479922, acc=84.64%
[2025-09-05 20:30:59] Val: loss=0.119588, acc=97.98%
[2025-09-05 20:30:59] ↓ New best val loss: 0.141395 -> 0.119588 (model saved)
[2025-09-05 20:30:59] time/epoch: 259.537s
[2025-09-05 20:30:59] ----------------------------------------------------------------------------------------------------
[2025-09-05 20:34:43] Train Epoch 10: loss=0.461037, acc=85.79%
[2025-09-05 20:35:26] Val: loss=0.389248, acc=98.15%
[2025-09-05 20:35:26] Val loss not improved.
[2025-09-05 20:35:26] time/epoch: 267.790s
[2025-09-05 20:35:26] ----------------------------------------------------------------------------------------------------
[2025-09-05 20:39:10] Train Epoch 11: loss=0.460120, acc=85.36%
[2025-09-05 20:39:54] Val: loss=0.145331, acc=98.67%
[2025-09-05 20:39:54] Val loss not improved.
[2025-09-05 20:39:54] time/epoch: 267.643s
[2025-09-05 20:39:54] ----------------------------------------------------------------------------------------------------
[2025-09-05 20:43:39] Train Epoch 12: loss=0.499000, acc=83.06%
[2025-09-05 20:44:22] Val: loss=0.534449, acc=98.28%
[2025-09-05 20:44:22] Val loss not improved.
[2025-09-05 20:44:22] time/epoch: 267.993s
[2025-09-05 20:44:22] ----------------------------------------------------------------------------------------------------
[2025-09-05 20:48:06] Train Epoch 13: loss=0.469066, acc=84.89%
[2025-09-05 20:48:50] Val: loss=0.130708, acc=98.41%
[2025-09-05 20:48:50] Val loss not improved.
[2025-09-05 20:48:50] time/epoch: 268.184s
[2025-09-05 20:48:50] ----------------------------------------------------------------------------------------------------
[2025-09-05 20:52:35] Train Epoch 14: loss=0.468027, acc=84.95%
[2025-09-05 20:53:19] Val: loss=0.082727, acc=98.02%
[2025-09-05 20:53:19] ↓ New best val loss: 0.119588 -> 0.082727 (model saved)
[2025-09-05 20:53:19] time/epoch: 268.815s
[2025-09-05 20:53:19] ----------------------------------------------------------------------------------------------------
[2025-09-05 20:57:02] Train Epoch 15: loss=0.488866, acc=84.14%
[2025-09-05 20:57:46] Val: loss=0.083745, acc=98.19%
[2025-09-05 20:57:46] Val loss not improved.
[2025-09-05 20:57:46] time/epoch: 266.971s
[2025-09-05 20:57:46] ----------------------------------------------------------------------------------------------------
[2025-09-05 21:01:15] Train Epoch 16: loss=0.457481, acc=85.08%
[2025-09-05 21:01:59] Val: loss=0.186168, acc=98.58%
[2025-09-05 21:01:59] Val loss not improved.
[2025-09-05 21:01:59] time/epoch: 253.222s
[2025-09-05 21:01:59] ----------------------------------------------------------------------------------------------------
[2025-09-05 21:05:22] Train Epoch 17: loss=0.467727, acc=84.62%
[2025-09-05 21:06:04] Val: loss=0.098963, acc=97.07%
[2025-09-05 21:06:04] Val loss not improved.
[2025-09-05 21:06:04] time/epoch: 245.135s
[2025-09-05 21:06:04] ----------------------------------------------------------------------------------------------------
[2025-09-05 21:09:37] Train Epoch 18: loss=0.467504, acc=85.17%
[2025-09-05 21:10:21] Val: loss=0.079616, acc=98.36%
[2025-09-05 21:10:21] ↓ New best val loss: 0.082727 -> 0.079616 (model saved)
[2025-09-05 21:10:21] time/epoch: 256.550s
[2025-09-05 21:10:21] ----------------------------------------------------------------------------------------------------
[2025-09-05 21:13:43] Train Epoch 19: loss=0.459227, acc=84.84%
[2025-09-05 21:14:27] Val: loss=0.161310, acc=99.05%
[2025-09-05 21:14:27] Val loss not improved.
[2025-09-05 21:14:27] time/epoch: 246.130s
[2025-09-05 21:14:27] ----------------------------------------------------------------------------------------------------
[2025-09-05 21:17:55] Train Epoch 20: loss=0.483626, acc=83.59%
[2025-09-05 21:18:39] Val: loss=0.149483, acc=98.49%
[2025-09-05 21:18:39] Val loss not improved.
[2025-09-05 21:18:39] time/epoch: 251.803s
[2025-09-05 21:18:39] ----------------------------------------------------------------------------------------------------
[2025-09-05 21:21:59] Train Epoch 21: loss=0.478863, acc=83.76%
[2025-09-05 21:22:41] Val: loss=0.125688, acc=97.89%
[2025-09-05 21:22:41] Val loss not improved.
[2025-09-05 21:22:41] time/epoch: 242.311s
[2025-09-05 21:22:41] ----------------------------------------------------------------------------------------------------
[2025-09-05 21:25:58] Train Epoch 22: loss=0.453916, acc=84.20%
[2025-09-05 21:26:40] Val: loss=0.109155, acc=98.97%
[2025-09-05 21:26:40] Val loss not improved.
[2025-09-05 21:26:40] time/epoch: 239.008s
[2025-09-05 21:26:40] ----------------------------------------------------------------------------------------------------
[2025-09-05 21:30:01] Train Epoch 23: loss=0.450569, acc=84.84%
[2025-09-05 21:30:44] Val: loss=0.587967, acc=98.58%
[2025-09-05 21:30:44] Val loss not improved.
[2025-09-05 21:30:44] time/epoch: 244.291s
[2025-09-05 21:30:44] ----------------------------------------------------------------------------------------------------
[2025-09-05 21:34:05] Train Epoch 24: loss=0.485640, acc=83.14%
[2025-09-05 21:34:48] Val: loss=0.354221, acc=99.48%
[2025-09-05 21:34:48] Val loss not improved.
[2025-09-05 21:34:48] time/epoch: 243.813s
[2025-09-05 21:34:48] ----------------------------------------------------------------------------------------------------
[2025-09-05 21:38:08] Train Epoch 25: loss=0.469408, acc=83.81%
[2025-09-05 21:38:51] Val: loss=0.118871, acc=99.44%
[2025-09-05 21:38:51] Val loss not improved.
[2025-09-05 21:38:51] time/epoch: 242.381s
[2025-09-05 21:38:51] ----------------------------------------------------------------------------------------------------
[2025-09-05 21:42:10] Train Epoch 26: loss=0.432924, acc=85.72%
[2025-09-05 21:42:55] Val: loss=0.100981, acc=99.05%
[2025-09-05 21:42:55] Val loss not improved.
[2025-09-05 21:42:55] time/epoch: 243.982s
[2025-09-05 21:42:55] ----------------------------------------------------------------------------------------------------
[2025-09-05 21:46:19] Train Epoch 27: loss=0.473489, acc=83.92%
[2025-09-05 21:47:02] Val: loss=0.087169, acc=98.49%
[2025-09-05 21:47:02] Val loss not improved.
[2025-09-05 21:47:02] time/epoch: 247.546s
[2025-09-05 21:47:02] ----------------------------------------------------------------------------------------------------
[2025-09-05 21:50:28] Train Epoch 28: loss=0.461710, acc=84.33%
[2025-09-05 21:51:12] Val: loss=0.102392, acc=97.50%
[2025-09-05 21:51:12] Val loss not improved.
[2025-09-05 21:51:12] time/epoch: 249.750s
[2025-09-05 21:51:12] ----------------------------------------------------------------------------------------------------
[2025-09-05 21:54:29] Train Epoch 29: loss=0.456707, acc=84.50%
[2025-09-05 21:55:13] Val: loss=0.069393, acc=99.18%
[2025-09-05 21:55:13] ↓ New best val loss: 0.079616 -> 0.069393 (model saved)
[2025-09-05 21:55:13] time/epoch: 241.090s
[2025-09-05 21:55:13] ----------------------------------------------------------------------------------------------------
[2025-09-05 21:58:37] Train Epoch 30: loss=0.450101, acc=84.75%
[2025-09-05 21:59:23] Val: loss=0.151441, acc=94.96%
[2025-09-05 21:59:23] Val loss not improved.
[2025-09-05 21:59:23] time/epoch: 249.494s
[2025-09-05 21:59:23] ----------------------------------------------------------------------------------------------------
[2025-09-05 22:02:38] Train Epoch 31: loss=0.446848, acc=84.85%
[2025-09-05 22:03:22] Val: loss=0.111127, acc=97.98%
[2025-09-05 22:03:22] Val loss not improved.
[2025-09-05 22:03:22] time/epoch: 239.642s
[2025-09-05 22:03:22] ----------------------------------------------------------------------------------------------------
[2025-09-05 22:06:42] Train Epoch 32: loss=0.435416, acc=85.02%
[2025-09-05 22:07:25] Val: loss=0.193809, acc=98.11%
[2025-09-05 22:07:25] Val loss not improved.
[2025-09-05 22:07:25] time/epoch: 243.186s
[2025-09-05 22:07:25] ----------------------------------------------------------------------------------------------------
[2025-09-05 22:10:49] Train Epoch 33: loss=0.431504, acc=85.44%
[2025-09-05 22:11:34] Val: loss=0.068397, acc=99.01%
[2025-09-05 22:11:34] ↓ New best val loss: 0.069393 -> 0.068397 (model saved)
[2025-09-05 22:11:34] time/epoch: 248.206s
[2025-09-05 22:11:34] ----------------------------------------------------------------------------------------------------
[2025-09-05 22:14:56] Train Epoch 34: loss=0.436537, acc=84.76%
[2025-09-05 22:15:40] Val: loss=0.106709, acc=98.19%
[2025-09-05 22:15:40] Val loss not improved.
[2025-09-05 22:15:40] time/epoch: 246.363s
[2025-09-05 22:15:40] ----------------------------------------------------------------------------------------------------
[2025-09-05 22:19:01] Train Epoch 35: loss=0.441100, acc=84.92%
[2025-09-05 22:19:44] Val: loss=0.109771, acc=98.75%
[2025-09-05 22:19:44] Val loss not improved.
[2025-09-05 22:19:44] time/epoch: 243.895s
[2025-09-05 22:19:44] ----------------------------------------------------------------------------------------------------
[2025-09-05 22:23:02] Train Epoch 36: loss=0.427965, acc=84.86%
[2025-09-05 22:23:45] Val: loss=0.131431, acc=98.15%
[2025-09-05 22:23:45] Val loss not improved.
[2025-09-05 22:23:45] time/epoch: 241.449s
[2025-09-05 22:23:45] ----------------------------------------------------------------------------------------------------
[2025-09-05 22:27:09] Train Epoch 37: loss=0.413924, acc=85.69%
[2025-09-05 22:27:53] Val: loss=0.115469, acc=99.14%
[2025-09-05 22:27:53] Val loss not improved.
[2025-09-05 22:27:53] time/epoch: 247.739s
[2025-09-05 22:27:53] ----------------------------------------------------------------------------------------------------
[2025-09-05 22:31:18] Train Epoch 38: loss=0.456505, acc=84.15%
[2025-09-05 22:32:01] Val: loss=0.062776, acc=98.97%
[2025-09-05 22:32:01] ↓ New best val loss: 0.068397 -> 0.062776 (model saved)
[2025-09-05 22:32:02] time/epoch: 248.471s
[2025-09-05 22:32:02] ----------------------------------------------------------------------------------------------------
[2025-09-05 22:35:28] Train Epoch 39: loss=0.431193, acc=85.14%
[2025-09-05 22:36:11] Val: loss=0.197657, acc=95.70%
[2025-09-05 22:36:11] Val loss not improved.
[2025-09-05 22:36:11] time/epoch: 249.546s
[2025-09-05 22:36:11] ----------------------------------------------------------------------------------------------------
[2025-09-05 22:39:29] Train Epoch 40: loss=0.440591, acc=84.06%
[2025-09-05 22:40:12] Val: loss=0.095263, acc=97.63%
[2025-09-05 22:40:12] Val loss not improved.
[2025-09-05 22:40:12] time/epoch: 241.208s
[2025-09-05 22:40:12] ----------------------------------------------------------------------------------------------------
[2025-09-05 22:43:28] Train Epoch 41: loss=0.423896, acc=85.17%
[2025-09-05 22:44:12] Val: loss=0.100243, acc=98.97%
[2025-09-05 22:44:12] Val loss not improved.
[2025-09-05 22:44:12] time/epoch: 239.591s
[2025-09-05 22:44:12] ----------------------------------------------------------------------------------------------------
[2025-09-05 22:47:29] Train Epoch 42: loss=0.421575, acc=85.32%
[2025-09-05 22:48:12] Val: loss=0.105880, acc=97.24%
[2025-09-05 22:48:12] Val loss not improved.
[2025-09-05 22:48:12] time/epoch: 240.023s
[2025-09-05 22:48:12] ----------------------------------------------------------------------------------------------------
[2025-09-05 22:51:32] Train Epoch 43: loss=0.422135, acc=85.64%
[2025-09-05 22:52:15] Val: loss=0.140425, acc=99.66%
[2025-09-05 22:52:15] Val loss not improved.
[2025-09-05 22:52:15] time/epoch: 242.795s
[2025-09-05 22:52:15] ----------------------------------------------------------------------------------------------------
[2025-09-05 22:55:32] Train Epoch 44: loss=0.437190, acc=85.32%
[2025-09-05 22:56:15] Val: loss=0.062773, acc=99.40%
[2025-09-05 22:56:15] ↓ New best val loss: 0.062776 -> 0.062773 (model saved)
[2025-09-05 22:56:15] time/epoch: 240.675s
[2025-09-05 22:56:15] ----------------------------------------------------------------------------------------------------
[2025-09-05 22:59:31] Train Epoch 45: loss=0.427729, acc=85.05%
[2025-09-05 23:00:15] Val: loss=0.246786, acc=96.38%
[2025-09-05 23:00:15] Val loss not improved.
[2025-09-05 23:00:15] time/epoch: 239.990s
[2025-09-05 23:00:15] ----------------------------------------------------------------------------------------------------
[2025-09-05 23:03:39] Train Epoch 46: loss=0.465347, acc=83.06%
[2025-09-05 23:04:21] Val: loss=0.106113, acc=97.89%
[2025-09-05 23:04:21] Val loss not improved.
[2025-09-05 23:04:21] time/epoch: 245.330s
[2025-09-05 23:04:21] ----------------------------------------------------------------------------------------------------
[2025-09-05 23:07:46] Train Epoch 47: loss=0.446441, acc=83.98%
[2025-09-05 23:08:30] Val: loss=0.080759, acc=98.71%
[2025-09-05 23:08:30] Val loss not improved.
[2025-09-05 23:08:30] time/epoch: 249.334s
[2025-09-05 23:08:30] ----------------------------------------------------------------------------------------------------
[2025-09-05 23:11:49] Train Epoch 48: loss=0.438937, acc=84.45%
[2025-09-05 23:12:33] Val: loss=0.177885, acc=99.53%
[2025-09-05 23:12:33] Val loss not improved.
[2025-09-05 23:12:33] time/epoch: 242.729s
[2025-09-05 23:12:33] ----------------------------------------------------------------------------------------------------
[2025-09-05 23:15:51] Train Epoch 49: loss=0.425123, acc=84.34%
[2025-09-05 23:16:34] Val: loss=0.065565, acc=99.23%
[2025-09-05 23:16:34] Val loss not improved.
[2025-09-05 23:16:34] time/epoch: 240.868s
[2025-09-05 23:16:34] ----------------------------------------------------------------------------------------------------
[2025-09-05 23:19:51] Train Epoch 50: loss=0.450711, acc=83.90%
[2025-09-05 23:20:33] Val: loss=0.082825, acc=98.58%
[2025-09-05 23:20:33] Val loss not improved.
[2025-09-05 23:20:33] time/epoch: 239.684s
[2025-09-05 23:20:33] ----------------------------------------------------------------------------------------------------
[2025-09-05 23:20:33] Avg time/epoch: 249.382s
[2025-09-05 23:20:33] total training time: 12469.106s
[2025-09-05 23:20:57] Avg infer time/batch: 0.010560s
[2025-09-05 23:20:57] [TEST] acc=96.50% (1242/1287)
[2025-09-05 23:20:57] ==== [ALL] RUN END (test_acc=96.50%) ====
