[2025-09-11 18:56:43] ==== [12ft] RUN START ====
[2025-09-11 18:56:43] train_h5=/data02/lpl/github/SH_hybrid/data/12ft_train.h5 | test_h5=/data02/lpl/github/SH_hybrid/data/12ft_test.h5
[2025-09-11 18:56:43] save_path=model_weight/mynet_12ft.pth
[2025-09-11 19:00:16] [THOP] FLOPs=175369904.0  Params=40019.0
[2025-09-11 19:01:12] Train Epoch 1: loss=1.772311, acc=55.55%
[2025-09-11 19:01:26] Val: loss=0.607720, acc=76.67%
[2025-09-11 19:01:26] ↓ New best val loss: inf -> 0.607720 (model saved)
[2025-09-11 19:01:26] time/epoch: 70.170s
[2025-09-11 19:01:26] ----------------------------------------------------------------------------------------------------
[2025-09-11 19:02:21] Train Epoch 2: loss=0.611459, acc=82.48%
[2025-09-11 19:02:33] Val: loss=0.302172, acc=91.48%
[2025-09-11 19:02:33] ↓ New best val loss: 0.607720 -> 0.302172 (model saved)
[2025-09-11 19:02:33] time/epoch: 66.756s
[2025-09-11 19:02:33] ----------------------------------------------------------------------------------------------------
[2025-09-11 19:03:29] Train Epoch 3: loss=0.548374, acc=84.95%
[2025-09-11 19:03:42] Val: loss=0.289074, acc=95.13%
[2025-09-11 19:03:42] ↓ New best val loss: 0.302172 -> 0.289074 (model saved)
[2025-09-11 19:03:42] time/epoch: 69.482s
[2025-09-11 19:03:42] ----------------------------------------------------------------------------------------------------
[2025-09-11 19:04:40] Train Epoch 4: loss=0.471022, acc=86.07%
[2025-09-11 19:04:53] Val: loss=0.194926, acc=98.78%
[2025-09-11 19:04:53] ↓ New best val loss: 0.289074 -> 0.194926 (model saved)
[2025-09-11 19:04:53] time/epoch: 70.455s
[2025-09-11 19:04:53] ----------------------------------------------------------------------------------------------------
[2025-09-11 19:05:49] Train Epoch 5: loss=0.474541, acc=84.98%
[2025-09-11 19:05:59] Val: loss=0.216058, acc=98.99%
[2025-09-11 19:05:59] Val loss not improved.
[2025-09-11 19:05:59] time/epoch: 66.639s
[2025-09-11 19:05:59] ----------------------------------------------------------------------------------------------------
[2025-09-11 19:06:50] Train Epoch 6: loss=0.479995, acc=84.33%
[2025-09-11 19:07:02] Val: loss=0.185194, acc=96.15%
[2025-09-11 19:07:02] ↓ New best val loss: 0.194926 -> 0.185194 (model saved)
[2025-09-11 19:07:02] time/epoch: 63.013s
[2025-09-11 19:07:02] ----------------------------------------------------------------------------------------------------
[2025-09-11 19:08:02] Train Epoch 7: loss=0.502167, acc=83.81%
[2025-09-11 19:08:15] Val: loss=0.137297, acc=99.39%
[2025-09-11 19:08:15] ↓ New best val loss: 0.185194 -> 0.137297 (model saved)
[2025-09-11 19:08:15] time/epoch: 72.499s
[2025-09-11 19:08:15] ----------------------------------------------------------------------------------------------------
[2025-09-11 19:09:10] Train Epoch 8: loss=0.407129, acc=87.22%
[2025-09-11 19:09:23] Val: loss=0.158000, acc=99.19%
[2025-09-11 19:09:23] Val loss not improved.
[2025-09-11 19:09:23] time/epoch: 67.806s
[2025-09-11 19:09:23] ----------------------------------------------------------------------------------------------------
[2025-09-11 19:10:20] Train Epoch 9: loss=0.542449, acc=81.38%
[2025-09-11 19:10:31] Val: loss=0.112804, acc=99.39%
[2025-09-11 19:10:31] ↓ New best val loss: 0.137297 -> 0.112804 (model saved)
[2025-09-11 19:10:31] time/epoch: 68.760s
[2025-09-11 19:10:31] ----------------------------------------------------------------------------------------------------
[2025-09-11 19:11:26] Train Epoch 10: loss=0.505590, acc=81.93%
[2025-09-11 19:11:38] Val: loss=0.344548, acc=96.75%
[2025-09-11 19:11:38] Val loss not improved.
[2025-09-11 19:11:38] time/epoch: 67.047s
[2025-09-11 19:11:38] ----------------------------------------------------------------------------------------------------
[2025-09-11 19:12:38] Train Epoch 11: loss=0.475997, acc=83.69%
[2025-09-11 19:12:51] Val: loss=0.221890, acc=98.58%
[2025-09-11 19:12:51] Val loss not improved.
[2025-09-11 19:12:51] time/epoch: 72.223s
[2025-09-11 19:12:51] ----------------------------------------------------------------------------------------------------
[2025-09-11 19:13:51] Train Epoch 12: loss=0.464969, acc=83.82%
[2025-09-11 19:14:05] Val: loss=0.119162, acc=98.78%
[2025-09-11 19:14:05] Val loss not improved.
[2025-09-11 19:14:05] time/epoch: 73.951s
[2025-09-11 19:14:05] ----------------------------------------------------------------------------------------------------
[2025-09-11 19:15:33] Train Epoch 13: loss=0.471350, acc=82.88%
[2025-09-11 19:16:02] Val: loss=0.091639, acc=99.19%
[2025-09-11 19:16:02] ↓ New best val loss: 0.112804 -> 0.091639 (model saved)
[2025-09-11 19:16:02] time/epoch: 117.499s
[2025-09-11 19:16:02] ----------------------------------------------------------------------------------------------------
[2025-09-11 19:17:55] Train Epoch 14: loss=0.382695, acc=88.34%
[2025-09-11 19:18:22] Val: loss=0.078212, acc=98.99%
[2025-09-11 19:18:22] ↓ New best val loss: 0.091639 -> 0.078212 (model saved)
[2025-09-11 19:18:22] time/epoch: 139.613s
[2025-09-11 19:18:22] ----------------------------------------------------------------------------------------------------
[2025-09-11 19:20:12] Train Epoch 15: loss=0.456071, acc=84.31%
[2025-09-11 19:20:40] Val: loss=0.085957, acc=98.78%
[2025-09-11 19:20:40] Val loss not improved.
[2025-09-11 19:20:40] time/epoch: 137.960s
[2025-09-11 19:20:40] ----------------------------------------------------------------------------------------------------
[2025-09-11 19:22:32] Train Epoch 16: loss=0.452727, acc=83.96%
[2025-09-11 19:22:57] Val: loss=0.083362, acc=98.99%
[2025-09-11 19:22:57] Val loss not improved.
[2025-09-11 19:22:57] time/epoch: 136.837s
[2025-09-11 19:22:57] ----------------------------------------------------------------------------------------------------
[2025-09-11 19:24:54] Train Epoch 17: loss=0.514772, acc=82.48%
[2025-09-11 19:25:23] Val: loss=0.297664, acc=98.78%
[2025-09-11 19:25:23] Val loss not improved.
[2025-09-11 19:25:23] time/epoch: 146.295s
[2025-09-11 19:25:23] ----------------------------------------------------------------------------------------------------
[2025-09-11 19:27:29] Train Epoch 18: loss=0.439717, acc=84.65%
[2025-09-11 19:27:59] Val: loss=0.098578, acc=98.17%
[2025-09-11 19:27:59] Val loss not improved.
[2025-09-11 19:27:59] time/epoch: 156.429s
[2025-09-11 19:27:59] ----------------------------------------------------------------------------------------------------
[2025-09-11 19:30:01] Train Epoch 19: loss=0.502566, acc=82.39%
[2025-09-11 19:30:29] Val: loss=0.085788, acc=98.58%
[2025-09-11 19:30:29] Val loss not improved.
[2025-09-11 19:30:29] time/epoch: 149.401s
[2025-09-11 19:30:29] ----------------------------------------------------------------------------------------------------
[2025-09-11 19:32:21] Train Epoch 20: loss=0.431221, acc=85.18%
[2025-09-11 19:32:50] Val: loss=0.073436, acc=99.19%
[2025-09-11 19:32:50] ↓ New best val loss: 0.078212 -> 0.073436 (model saved)
[2025-09-11 19:32:50] time/epoch: 141.335s
[2025-09-11 19:32:50] ----------------------------------------------------------------------------------------------------
[2025-09-11 19:34:47] Train Epoch 21: loss=0.465292, acc=83.93%
[2025-09-11 19:35:15] Val: loss=0.167314, acc=98.78%
[2025-09-11 19:35:15] Val loss not improved.
[2025-09-11 19:35:15] time/epoch: 145.382s
[2025-09-11 19:35:15] ----------------------------------------------------------------------------------------------------
[2025-09-11 19:37:13] Train Epoch 22: loss=0.472305, acc=82.90%
[2025-09-11 19:37:41] Val: loss=0.156629, acc=97.77%
[2025-09-11 19:37:41] Val loss not improved.
[2025-09-11 19:37:41] time/epoch: 145.702s
[2025-09-11 19:37:41] ----------------------------------------------------------------------------------------------------
[2025-09-11 19:39:36] Train Epoch 23: loss=0.390738, acc=86.45%
[2025-09-11 19:40:05] Val: loss=0.090391, acc=98.99%
[2025-09-11 19:40:05] Val loss not improved.
[2025-09-11 19:40:05] time/epoch: 143.733s
[2025-09-11 19:40:05] ----------------------------------------------------------------------------------------------------
[2025-09-11 19:42:03] Train Epoch 24: loss=0.443726, acc=84.86%
[2025-09-11 19:42:31] Val: loss=0.139869, acc=97.36%
[2025-09-11 19:42:31] Val loss not improved.
[2025-09-11 19:42:31] time/epoch: 146.576s
[2025-09-11 19:42:31] ----------------------------------------------------------------------------------------------------
[2025-09-11 19:44:28] Train Epoch 25: loss=0.386724, acc=85.94%
[2025-09-11 19:44:54] Val: loss=0.066977, acc=98.38%
[2025-09-11 19:44:54] ↓ New best val loss: 0.073436 -> 0.066977 (model saved)
[2025-09-11 19:44:54] time/epoch: 142.897s
[2025-09-11 19:44:54] ----------------------------------------------------------------------------------------------------
[2025-09-11 19:46:45] Train Epoch 26: loss=0.419613, acc=85.52%
[2025-09-11 19:47:14] Val: loss=0.104616, acc=98.38%
[2025-09-11 19:47:14] Val loss not improved.
[2025-09-11 19:47:14] time/epoch: 139.602s
[2025-09-11 19:47:14] ----------------------------------------------------------------------------------------------------
[2025-09-11 19:49:07] Train Epoch 27: loss=0.436383, acc=84.63%
[2025-09-11 19:49:37] Val: loss=0.077976, acc=99.19%
[2025-09-11 19:49:37] Val loss not improved.
[2025-09-11 19:49:37] time/epoch: 142.909s
[2025-09-11 19:49:37] ----------------------------------------------------------------------------------------------------
[2025-09-11 19:51:34] Train Epoch 28: loss=0.419626, acc=85.87%
[2025-09-11 19:52:04] Val: loss=0.098801, acc=98.38%
[2025-09-11 19:52:04] Val loss not improved.
[2025-09-11 19:52:04] time/epoch: 146.811s
[2025-09-11 19:52:04] ----------------------------------------------------------------------------------------------------
[2025-09-11 19:53:59] Train Epoch 29: loss=0.423198, acc=84.89%
[2025-09-11 19:54:28] Val: loss=1.176998, acc=70.79%
[2025-09-11 19:54:28] Val loss not improved.
[2025-09-11 19:54:28] time/epoch: 144.127s
[2025-09-11 19:54:28] ----------------------------------------------------------------------------------------------------
[2025-09-11 19:56:20] Train Epoch 30: loss=0.373736, acc=87.20%
[2025-09-11 19:56:49] Val: loss=0.699469, acc=95.94%
[2025-09-11 19:56:49] Val loss not improved.
[2025-09-11 19:56:49] time/epoch: 141.071s
[2025-09-11 19:56:49] ----------------------------------------------------------------------------------------------------
[2025-09-11 19:58:46] Train Epoch 31: loss=0.449401, acc=83.75%
[2025-09-11 19:59:13] Val: loss=0.099726, acc=97.16%
[2025-09-11 19:59:13] Val loss not improved.
[2025-09-11 19:59:13] time/epoch: 144.065s
[2025-09-11 19:59:13] ----------------------------------------------------------------------------------------------------
[2025-09-11 20:01:09] Train Epoch 32: loss=0.417445, acc=84.89%
[2025-09-11 20:01:39] Val: loss=0.076892, acc=98.58%
[2025-09-11 20:01:39] Val loss not improved.
[2025-09-11 20:01:39] time/epoch: 146.372s
[2025-09-11 20:01:39] ----------------------------------------------------------------------------------------------------
[2025-09-11 20:03:32] Train Epoch 33: loss=0.379011, acc=86.91%
[2025-09-11 20:03:59] Val: loss=0.066695, acc=97.77%
[2025-09-11 20:03:59] ↓ New best val loss: 0.066977 -> 0.066695 (model saved)
[2025-09-11 20:03:59] time/epoch: 139.598s
[2025-09-11 20:03:59] ----------------------------------------------------------------------------------------------------
[2025-09-11 20:05:58] Train Epoch 34: loss=0.419510, acc=85.56%
[2025-09-11 20:06:26] Val: loss=0.052702, acc=98.78%
[2025-09-11 20:06:26] ↓ New best val loss: 0.066695 -> 0.052702 (model saved)
[2025-09-11 20:06:26] time/epoch: 146.947s
[2025-09-11 20:06:26] ----------------------------------------------------------------------------------------------------
[2025-09-11 20:08:21] Train Epoch 35: loss=0.436977, acc=83.99%
[2025-09-11 20:08:49] Val: loss=0.049187, acc=99.19%
[2025-09-11 20:08:49] ↓ New best val loss: 0.052702 -> 0.049187 (model saved)
[2025-09-11 20:08:49] time/epoch: 143.270s
[2025-09-11 20:08:49] ----------------------------------------------------------------------------------------------------
[2025-09-11 20:10:43] Train Epoch 36: loss=0.392948, acc=86.98%
[2025-09-11 20:11:13] Val: loss=0.092870, acc=98.58%
[2025-09-11 20:11:13] Val loss not improved.
[2025-09-11 20:11:13] time/epoch: 143.472s
[2025-09-11 20:11:13] ----------------------------------------------------------------------------------------------------
[2025-09-11 20:13:03] Train Epoch 37: loss=0.421176, acc=85.45%
[2025-09-11 20:13:30] Val: loss=0.142986, acc=98.78%
[2025-09-11 20:13:30] Val loss not improved.
[2025-09-11 20:13:30] time/epoch: 137.632s
[2025-09-11 20:13:30] ----------------------------------------------------------------------------------------------------
[2025-09-11 20:15:25] Train Epoch 38: loss=0.331276, acc=89.73%
[2025-09-11 20:15:54] Val: loss=0.096142, acc=99.19%
[2025-09-11 20:15:54] Val loss not improved.
[2025-09-11 20:15:54] time/epoch: 143.404s
[2025-09-11 20:15:54] ----------------------------------------------------------------------------------------------------
[2025-09-11 20:17:55] Train Epoch 39: loss=0.401840, acc=86.33%
[2025-09-11 20:18:24] Val: loss=0.186460, acc=99.19%
[2025-09-11 20:18:24] Val loss not improved.
[2025-09-11 20:18:24] time/epoch: 149.953s
[2025-09-11 20:18:24] ----------------------------------------------------------------------------------------------------
[2025-09-11 20:20:16] Train Epoch 40: loss=0.438581, acc=84.78%
[2025-09-11 20:20:45] Val: loss=0.051463, acc=98.99%
[2025-09-11 20:20:45] Val loss not improved.
[2025-09-11 20:20:45] time/epoch: 141.399s
[2025-09-11 20:20:45] ----------------------------------------------------------------------------------------------------
[2025-09-11 20:22:39] Train Epoch 41: loss=0.416959, acc=84.59%
[2025-09-11 20:23:07] Val: loss=0.129090, acc=94.73%
[2025-09-11 20:23:07] Val loss not improved.
[2025-09-11 20:23:07] time/epoch: 142.156s
[2025-09-11 20:23:07] ----------------------------------------------------------------------------------------------------
[2025-09-11 20:25:05] Train Epoch 42: loss=0.413136, acc=84.63%
[2025-09-11 20:25:31] Val: loss=0.082066, acc=97.57%
[2025-09-11 20:25:31] Val loss not improved.
[2025-09-11 20:25:31] time/epoch: 144.339s
[2025-09-11 20:25:31] ----------------------------------------------------------------------------------------------------
[2025-09-11 20:27:26] Train Epoch 43: loss=0.388490, acc=86.94%
[2025-09-11 20:27:53] Val: loss=0.140547, acc=99.39%
[2025-09-11 20:27:53] Val loss not improved.
[2025-09-11 20:27:53] time/epoch: 141.917s
[2025-09-11 20:27:53] ----------------------------------------------------------------------------------------------------
[2025-09-11 20:29:49] Train Epoch 44: loss=0.423740, acc=83.47%
[2025-09-11 20:30:18] Val: loss=0.105214, acc=98.99%
[2025-09-11 20:30:18] Val loss not improved.
[2025-09-11 20:30:18] time/epoch: 144.304s
[2025-09-11 20:30:18] ----------------------------------------------------------------------------------------------------
[2025-09-11 20:32:17] Train Epoch 45: loss=0.424980, acc=84.88%
[2025-09-11 20:32:46] Val: loss=0.270819, acc=90.87%
[2025-09-11 20:32:46] Val loss not improved.
[2025-09-11 20:32:46] time/epoch: 148.216s
[2025-09-11 20:32:46] ----------------------------------------------------------------------------------------------------
[2025-09-11 20:34:42] Train Epoch 46: loss=0.420660, acc=83.55%
[2025-09-11 20:35:11] Val: loss=0.069500, acc=99.19%
[2025-09-11 20:35:11] Val loss not improved.
[2025-09-11 20:35:11] time/epoch: 145.072s
[2025-09-11 20:35:11] ----------------------------------------------------------------------------------------------------
[2025-09-11 20:37:10] Train Epoch 47: loss=0.453122, acc=82.71%
[2025-09-11 20:37:37] Val: loss=0.461580, acc=97.97%
[2025-09-11 20:37:37] Val loss not improved.
[2025-09-11 20:37:37] time/epoch: 146.474s
[2025-09-11 20:37:37] ----------------------------------------------------------------------------------------------------
[2025-09-11 20:39:30] Train Epoch 48: loss=0.401482, acc=85.01%
[2025-09-11 20:39:57] Val: loss=0.070365, acc=99.19%
[2025-09-11 20:39:57] Val loss not improved.
[2025-09-11 20:39:57] time/epoch: 139.778s
[2025-09-11 20:39:57] ----------------------------------------------------------------------------------------------------
[2025-09-11 20:41:54] Train Epoch 49: loss=0.391177, acc=86.41%
[2025-09-11 20:42:24] Val: loss=0.069040, acc=98.58%
[2025-09-11 20:42:24] Val loss not improved.
[2025-09-11 20:42:24] time/epoch: 146.502s
[2025-09-11 20:42:24] ----------------------------------------------------------------------------------------------------
[2025-09-11 20:44:21] Train Epoch 50: loss=0.443131, acc=83.62%
[2025-09-11 20:44:48] Val: loss=0.117427, acc=99.39%
[2025-09-11 20:44:48] Val loss not improved.
[2025-09-11 20:44:48] time/epoch: 144.390s
[2025-09-11 20:44:48] ----------------------------------------------------------------------------------------------------
[2025-09-11 20:44:48] Avg time/epoch: 125.445s
[2025-09-11 20:44:48] total training time: 6272.263s
[2025-09-11 20:45:01] Avg infer time/batch: 0.019379s
[2025-09-11 20:45:01] [TEST] acc=95.61% (218/228)
[2025-09-11 20:45:01] ==== [12ft] RUN END (test_acc=95.61%) ====
