[2025-09-11 20:45:01] ==== [15ft] RUN START ====
[2025-09-11 20:45:01] train_h5=/data02/lpl/github/SH_hybrid/data/15ft_train.h5 | test_h5=/data02/lpl/github/SH_hybrid/data/15ft_test.h5
[2025-09-11 20:45:01] save_path=model_weight/mynet_15ft.pth
[2025-09-11 20:48:51] [THOP] FLOPs=175369904.0  Params=40019.0
[2025-09-11 20:50:51] Train Epoch 1: loss=1.749464, acc=56.41%
[2025-09-11 20:51:21] Val: loss=0.439832, acc=88.87%
[2025-09-11 20:51:21] ↓ New best val loss: inf -> 0.439832 (model saved)
[2025-09-11 20:51:21] time/epoch: 149.646s
[2025-09-11 20:51:21] ----------------------------------------------------------------------------------------------------
[2025-09-11 20:53:19] Train Epoch 2: loss=0.665389, acc=79.71%
[2025-09-11 20:53:49] Val: loss=0.389432, acc=89.43%
[2025-09-11 20:53:49] ↓ New best val loss: 0.439832 -> 0.389432 (model saved)
[2025-09-11 20:53:49] time/epoch: 148.803s
[2025-09-11 20:53:49] ----------------------------------------------------------------------------------------------------
[2025-09-11 20:55:50] Train Epoch 3: loss=0.450245, acc=87.65%
[2025-09-11 20:56:16] Val: loss=0.174094, acc=98.11%
[2025-09-11 20:56:16] ↓ New best val loss: 0.389432 -> 0.174094 (model saved)
[2025-09-11 20:56:16] time/epoch: 146.922s
[2025-09-11 20:56:16] ----------------------------------------------------------------------------------------------------
[2025-09-11 20:58:17] Train Epoch 4: loss=0.456858, acc=85.87%
[2025-09-11 20:58:46] Val: loss=0.158920, acc=98.68%
[2025-09-11 20:58:46] ↓ New best val loss: 0.174094 -> 0.158920 (model saved)
[2025-09-11 20:58:46] time/epoch: 150.154s
[2025-09-11 20:58:46] ----------------------------------------------------------------------------------------------------
[2025-09-11 21:00:45] Train Epoch 5: loss=0.487601, acc=84.22%
[2025-09-11 21:01:16] Val: loss=0.168166, acc=96.23%
[2025-09-11 21:01:16] Val loss not improved.
[2025-09-11 21:01:16] time/epoch: 149.923s
[2025-09-11 21:01:16] ----------------------------------------------------------------------------------------------------
[2025-09-11 21:03:24] Train Epoch 6: loss=0.463664, acc=85.93%
[2025-09-11 21:03:53] Val: loss=0.131683, acc=97.74%
[2025-09-11 21:03:53] ↓ New best val loss: 0.158920 -> 0.131683 (model saved)
[2025-09-11 21:03:53] time/epoch: 156.380s
[2025-09-11 21:03:53] ----------------------------------------------------------------------------------------------------
[2025-09-11 21:05:58] Train Epoch 7: loss=0.478018, acc=83.15%
[2025-09-11 21:06:30] Val: loss=0.126102, acc=97.55%
[2025-09-11 21:06:30] ↓ New best val loss: 0.131683 -> 0.126102 (model saved)
[2025-09-11 21:06:30] time/epoch: 157.010s
[2025-09-11 21:06:30] ----------------------------------------------------------------------------------------------------
[2025-09-11 21:08:41] Train Epoch 8: loss=0.566949, acc=80.80%
[2025-09-11 21:09:11] Val: loss=0.169686, acc=99.62%
[2025-09-11 21:09:11] Val loss not improved.
[2025-09-11 21:09:11] time/epoch: 161.289s
[2025-09-11 21:09:11] ----------------------------------------------------------------------------------------------------
[2025-09-11 21:11:14] Train Epoch 9: loss=0.440100, acc=86.44%
[2025-09-11 21:11:39] Val: loss=0.183545, acc=99.81%
[2025-09-11 21:11:39] Val loss not improved.
[2025-09-11 21:11:39] time/epoch: 147.571s
[2025-09-11 21:11:39] ----------------------------------------------------------------------------------------------------
[2025-09-11 21:13:38] Train Epoch 10: loss=0.496022, acc=82.98%
[2025-09-11 21:14:07] Val: loss=0.113162, acc=98.68%
[2025-09-11 21:14:07] ↓ New best val loss: 0.126102 -> 0.113162 (model saved)
[2025-09-11 21:14:07] time/epoch: 148.372s
[2025-09-11 21:14:07] ----------------------------------------------------------------------------------------------------
[2025-09-11 21:16:03] Train Epoch 11: loss=0.425758, acc=85.65%
[2025-09-11 21:16:33] Val: loss=0.124547, acc=99.81%
[2025-09-11 21:16:33] Val loss not improved.
[2025-09-11 21:16:33] time/epoch: 145.567s
[2025-09-11 21:16:33] ----------------------------------------------------------------------------------------------------
[2025-09-11 21:18:32] Train Epoch 12: loss=0.476598, acc=83.68%
[2025-09-11 21:19:02] Val: loss=0.237940, acc=99.06%
[2025-09-11 21:19:02] Val loss not improved.
[2025-09-11 21:19:02] time/epoch: 149.238s
[2025-09-11 21:19:02] ----------------------------------------------------------------------------------------------------
[2025-09-11 21:21:11] Train Epoch 13: loss=0.466921, acc=83.94%
[2025-09-11 21:21:39] Val: loss=0.089011, acc=98.30%
[2025-09-11 21:21:39] ↓ New best val loss: 0.113162 -> 0.089011 (model saved)
[2025-09-11 21:21:39] time/epoch: 157.627s
[2025-09-11 21:21:39] ----------------------------------------------------------------------------------------------------
[2025-09-11 21:23:42] Train Epoch 14: loss=0.525752, acc=81.93%
[2025-09-11 21:24:14] Val: loss=0.098125, acc=98.87%
[2025-09-11 21:24:14] Val loss not improved.
[2025-09-11 21:24:14] time/epoch: 154.864s
[2025-09-11 21:24:14] ----------------------------------------------------------------------------------------------------
[2025-09-11 21:26:12] Train Epoch 15: loss=0.489451, acc=84.17%
[2025-09-11 21:26:42] Val: loss=0.094650, acc=99.25%
[2025-09-11 21:26:42] Val loss not improved.
[2025-09-11 21:26:42] time/epoch: 147.785s
[2025-09-11 21:26:42] ----------------------------------------------------------------------------------------------------
[2025-09-11 21:28:42] Train Epoch 16: loss=0.409709, acc=86.42%
[2025-09-11 21:29:13] Val: loss=0.074306, acc=99.81%
[2025-09-11 21:29:13] ↓ New best val loss: 0.089011 -> 0.074306 (model saved)
[2025-09-11 21:29:13] time/epoch: 151.291s
[2025-09-11 21:29:13] ----------------------------------------------------------------------------------------------------
[2025-09-11 21:31:11] Train Epoch 17: loss=0.410553, acc=87.11%
[2025-09-11 21:31:43] Val: loss=0.136844, acc=99.43%
[2025-09-11 21:31:43] Val loss not improved.
[2025-09-11 21:31:43] time/epoch: 149.894s
[2025-09-11 21:31:43] ----------------------------------------------------------------------------------------------------
[2025-09-11 21:33:52] Train Epoch 18: loss=0.448094, acc=85.52%
[2025-09-11 21:34:23] Val: loss=0.134722, acc=98.11%
[2025-09-11 21:34:23] Val loss not improved.
[2025-09-11 21:34:23] time/epoch: 159.450s
[2025-09-11 21:34:23] ----------------------------------------------------------------------------------------------------
[2025-09-11 21:36:31] Train Epoch 19: loss=0.505091, acc=82.27%
[2025-09-11 21:37:01] Val: loss=0.158840, acc=99.43%
[2025-09-11 21:37:01] Val loss not improved.
[2025-09-11 21:37:01] time/epoch: 158.695s
[2025-09-11 21:37:01] ----------------------------------------------------------------------------------------------------
[2025-09-11 21:39:04] Train Epoch 20: loss=0.491684, acc=82.91%
[2025-09-11 21:39:35] Val: loss=0.072245, acc=99.25%
[2025-09-11 21:39:35] ↓ New best val loss: 0.074306 -> 0.072245 (model saved)
[2025-09-11 21:39:35] time/epoch: 153.366s
[2025-09-11 21:39:35] ----------------------------------------------------------------------------------------------------
[2025-09-11 21:41:38] Train Epoch 21: loss=0.439277, acc=85.00%
[2025-09-11 21:42:09] Val: loss=0.170865, acc=99.06%
[2025-09-11 21:42:09] Val loss not improved.
[2025-09-11 21:42:09] time/epoch: 153.771s
[2025-09-11 21:42:09] ----------------------------------------------------------------------------------------------------
[2025-09-11 21:44:06] Train Epoch 22: loss=0.421030, acc=85.45%
[2025-09-11 21:44:39] Val: loss=0.233603, acc=97.92%
[2025-09-11 21:44:39] Val loss not improved.
[2025-09-11 21:44:39] time/epoch: 150.162s
[2025-09-11 21:44:39] ----------------------------------------------------------------------------------------------------
[2025-09-11 21:46:44] Train Epoch 23: loss=0.436636, acc=86.36%
[2025-09-11 21:47:15] Val: loss=0.091997, acc=96.60%
[2025-09-11 21:47:15] Val loss not improved.
[2025-09-11 21:47:15] time/epoch: 156.366s
[2025-09-11 21:47:15] ----------------------------------------------------------------------------------------------------
[2025-09-11 21:49:18] Train Epoch 24: loss=0.424504, acc=84.74%
[2025-09-11 21:49:47] Val: loss=0.140175, acc=99.06%
[2025-09-11 21:49:47] Val loss not improved.
[2025-09-11 21:49:47] time/epoch: 151.793s
[2025-09-11 21:49:47] ----------------------------------------------------------------------------------------------------
[2025-09-11 21:51:46] Train Epoch 25: loss=0.450287, acc=84.75%
[2025-09-11 21:52:13] Val: loss=0.053531, acc=99.25%
[2025-09-11 21:52:13] ↓ New best val loss: 0.072245 -> 0.053531 (model saved)
[2025-09-11 21:52:13] time/epoch: 146.340s
[2025-09-11 21:52:13] ----------------------------------------------------------------------------------------------------
[2025-09-11 21:54:17] Train Epoch 26: loss=0.404626, acc=86.33%
[2025-09-11 21:54:48] Val: loss=0.059887, acc=98.68%
[2025-09-11 21:54:48] Val loss not improved.
[2025-09-11 21:54:48] time/epoch: 154.753s
[2025-09-11 21:54:48] ----------------------------------------------------------------------------------------------------
[2025-09-11 21:56:54] Train Epoch 27: loss=0.405335, acc=86.65%
[2025-09-11 21:57:21] Val: loss=0.085418, acc=97.74%
[2025-09-11 21:57:21] Val loss not improved.
[2025-09-11 21:57:21] time/epoch: 153.240s
[2025-09-11 21:57:21] ----------------------------------------------------------------------------------------------------
[2025-09-11 21:59:30] Train Epoch 28: loss=0.361645, acc=88.99%
[2025-09-11 22:00:00] Val: loss=0.108597, acc=99.25%
[2025-09-11 22:00:00] Val loss not improved.
[2025-09-11 22:00:00] time/epoch: 158.489s
[2025-09-11 22:00:00] ----------------------------------------------------------------------------------------------------
[2025-09-11 22:02:02] Train Epoch 29: loss=0.393698, acc=87.06%
[2025-09-11 22:02:34] Val: loss=0.138277, acc=99.06%
[2025-09-11 22:02:34] Val loss not improved.
[2025-09-11 22:02:34] time/epoch: 154.075s
[2025-09-11 22:02:34] ----------------------------------------------------------------------------------------------------
[2025-09-11 22:04:36] Train Epoch 30: loss=0.430416, acc=85.33%
[2025-09-11 22:05:07] Val: loss=0.161429, acc=99.62%
[2025-09-11 22:05:07] Val loss not improved.
[2025-09-11 22:05:07] time/epoch: 153.399s
[2025-09-11 22:05:07] ----------------------------------------------------------------------------------------------------
[2025-09-11 22:07:08] Train Epoch 31: loss=0.450438, acc=83.27%
[2025-09-11 22:07:35] Val: loss=0.146262, acc=99.43%
[2025-09-11 22:07:35] Val loss not improved.
[2025-09-11 22:07:35] time/epoch: 147.659s
[2025-09-11 22:07:35] ----------------------------------------------------------------------------------------------------
[2025-09-11 22:09:33] Train Epoch 32: loss=0.476921, acc=83.16%
[2025-09-11 22:10:06] Val: loss=0.145323, acc=99.06%
[2025-09-11 22:10:06] Val loss not improved.
[2025-09-11 22:10:06] time/epoch: 151.083s
[2025-09-11 22:10:06] ----------------------------------------------------------------------------------------------------
[2025-09-11 22:12:11] Train Epoch 33: loss=0.417974, acc=86.12%
[2025-09-11 22:12:40] Val: loss=0.059043, acc=98.11%
[2025-09-11 22:12:40] Val loss not improved.
[2025-09-11 22:12:40] time/epoch: 153.891s
[2025-09-11 22:12:40] ----------------------------------------------------------------------------------------------------
[2025-09-11 22:14:45] Train Epoch 34: loss=0.393012, acc=85.66%
[2025-09-11 22:15:16] Val: loss=0.071369, acc=98.68%
[2025-09-11 22:15:16] Val loss not improved.
[2025-09-11 22:15:16] time/epoch: 156.541s
[2025-09-11 22:15:16] ----------------------------------------------------------------------------------------------------
[2025-09-11 22:17:14] Train Epoch 35: loss=0.387187, acc=86.62%
[2025-09-11 22:17:44] Val: loss=0.131689, acc=99.81%
[2025-09-11 22:17:44] Val loss not improved.
[2025-09-11 22:17:44] time/epoch: 147.658s
[2025-09-11 22:17:44] ----------------------------------------------------------------------------------------------------
[2025-09-11 22:19:49] Train Epoch 36: loss=0.371653, acc=88.44%
[2025-09-11 22:20:19] Val: loss=0.066037, acc=98.11%
[2025-09-11 22:20:19] Val loss not improved.
[2025-09-11 22:20:19] time/epoch: 155.400s
[2025-09-11 22:20:19] ----------------------------------------------------------------------------------------------------
[2025-09-11 22:22:26] Train Epoch 37: loss=0.410642, acc=86.14%
[2025-09-11 22:22:58] Val: loss=0.059248, acc=99.43%
[2025-09-11 22:22:58] Val loss not improved.
[2025-09-11 22:22:58] time/epoch: 158.148s
[2025-09-11 22:22:58] ----------------------------------------------------------------------------------------------------
[2025-09-11 22:25:03] Train Epoch 38: loss=0.408274, acc=85.67%
[2025-09-11 22:25:33] Val: loss=0.058429, acc=99.43%
[2025-09-11 22:25:33] Val loss not improved.
[2025-09-11 22:25:33] time/epoch: 155.501s
[2025-09-11 22:25:33] ----------------------------------------------------------------------------------------------------
[2025-09-11 22:27:38] Train Epoch 39: loss=0.361678, acc=86.99%
[2025-09-11 22:28:08] Val: loss=0.066874, acc=99.81%
[2025-09-11 22:28:08] Val loss not improved.
[2025-09-11 22:28:08] time/epoch: 155.329s
[2025-09-11 22:28:08] ----------------------------------------------------------------------------------------------------
[2025-09-11 22:30:11] Train Epoch 40: loss=0.421080, acc=85.60%
[2025-09-11 22:30:42] Val: loss=0.109906, acc=98.87%
[2025-09-11 22:30:42] Val loss not improved.
[2025-09-11 22:30:42] time/epoch: 153.228s
[2025-09-11 22:30:42] ----------------------------------------------------------------------------------------------------
[2025-09-11 22:32:46] Train Epoch 41: loss=0.389015, acc=86.54%
[2025-09-11 22:33:16] Val: loss=0.183753, acc=93.58%
[2025-09-11 22:33:16] Val loss not improved.
[2025-09-11 22:33:16] time/epoch: 154.486s
[2025-09-11 22:33:16] ----------------------------------------------------------------------------------------------------
[2025-09-11 22:35:14] Train Epoch 42: loss=0.439165, acc=84.60%
[2025-09-11 22:35:41] Val: loss=0.064197, acc=98.30%
[2025-09-11 22:35:41] Val loss not improved.
[2025-09-11 22:35:41] time/epoch: 145.245s
[2025-09-11 22:35:41] ----------------------------------------------------------------------------------------------------
[2025-09-11 22:37:24] Train Epoch 43: loss=0.418957, acc=85.56%
[2025-09-11 22:37:47] Val: loss=0.121991, acc=99.25%
[2025-09-11 22:37:47] Val loss not improved.
[2025-09-11 22:37:47] time/epoch: 125.287s
[2025-09-11 22:37:47] ----------------------------------------------------------------------------------------------------
[2025-09-11 22:39:41] Train Epoch 44: loss=0.425840, acc=84.39%
[2025-09-11 22:40:08] Val: loss=0.098736, acc=99.25%
[2025-09-11 22:40:08] Val loss not improved.
[2025-09-11 22:40:08] time/epoch: 141.285s
[2025-09-11 22:40:08] ----------------------------------------------------------------------------------------------------
[2025-09-11 22:42:10] Train Epoch 45: loss=0.420906, acc=85.31%
[2025-09-11 22:42:37] Val: loss=0.057552, acc=98.49%
[2025-09-11 22:42:37] Val loss not improved.
[2025-09-11 22:42:37] time/epoch: 148.908s
[2025-09-11 22:42:37] ----------------------------------------------------------------------------------------------------
[2025-09-11 22:44:35] Train Epoch 46: loss=0.469896, acc=82.89%
[2025-09-11 22:45:06] Val: loss=0.081727, acc=98.87%
[2025-09-11 22:45:06] Val loss not improved.
[2025-09-11 22:45:06] time/epoch: 149.233s
[2025-09-11 22:45:06] ----------------------------------------------------------------------------------------------------
[2025-09-11 22:47:08] Train Epoch 47: loss=0.396930, acc=85.48%
[2025-09-11 22:47:39] Val: loss=0.097382, acc=99.25%
[2025-09-11 22:47:39] Val loss not improved.
[2025-09-11 22:47:39] time/epoch: 153.114s
[2025-09-11 22:47:39] ----------------------------------------------------------------------------------------------------
[2025-09-11 22:49:40] Train Epoch 48: loss=0.445830, acc=83.07%
[2025-09-11 22:50:11] Val: loss=0.103238, acc=97.92%
[2025-09-11 22:50:11] Val loss not improved.
[2025-09-11 22:50:11] time/epoch: 151.575s
[2025-09-11 22:50:11] ----------------------------------------------------------------------------------------------------
[2025-09-11 22:52:10] Train Epoch 49: loss=0.440342, acc=82.69%
[2025-09-11 22:52:39] Val: loss=0.039973, acc=99.62%
[2025-09-11 22:52:39] ↓ New best val loss: 0.053531 -> 0.039973 (model saved)
[2025-09-11 22:52:39] time/epoch: 148.544s
[2025-09-11 22:52:39] ----------------------------------------------------------------------------------------------------
[2025-09-11 22:54:38] Train Epoch 50: loss=0.438070, acc=84.07%
[2025-09-11 22:55:07] Val: loss=0.044354, acc=99.06%
[2025-09-11 22:55:07] Val loss not improved.
[2025-09-11 22:55:07] time/epoch: 147.897s
[2025-09-11 22:55:07] ----------------------------------------------------------------------------------------------------
[2025-09-11 22:55:07] Avg time/epoch: 151.526s
[2025-09-11 22:55:07] total training time: 7576.280s
[2025-09-11 22:55:21] Avg infer time/batch: 0.021874s
[2025-09-11 22:55:21] [TEST] acc=97.92% (235/240)
[2025-09-11 22:55:21] ==== [15ft] RUN END (test_acc=97.92%) ====
