[2025-09-11 15:55:30] ==== [6ft] RUN START ====
[2025-09-11 15:55:30] train_h5=/data02/lpl/github/SH_hybrid/data/6ft_train.h5 | test_h5=/data02/lpl/github/SH_hybrid/data/6ft_test.h5
[2025-09-11 15:55:30] save_path=model_weight/mynet_6ft.pth
[2025-09-11 15:59:58] [THOP] FLOPs=175369904.0  Params=40019.0
[2025-09-11 16:00:53] Train Epoch 1: loss=2.062711, acc=54.34%
[2025-09-11 16:01:05] Val: loss=0.707047, acc=75.86%
[2025-09-11 16:01:05] ↓ New best val loss: inf -> 0.707047 (model saved)
[2025-09-11 16:01:05] time/epoch: 66.731s
[2025-09-11 16:01:05] ----------------------------------------------------------------------------------------------------
[2025-09-11 16:02:14] Train Epoch 2: loss=0.627374, acc=83.20%
[2025-09-11 16:02:31] Val: loss=0.348000, acc=91.79%
[2025-09-11 16:02:31] ↓ New best val loss: 0.707047 -> 0.348000 (model saved)
[2025-09-11 16:02:31] time/epoch: 86.197s
[2025-09-11 16:02:31] ----------------------------------------------------------------------------------------------------
[2025-09-11 16:03:43] Train Epoch 3: loss=0.559034, acc=82.28%
[2025-09-11 16:03:59] Val: loss=0.237720, acc=95.07%
[2025-09-11 16:03:59] ↓ New best val loss: 0.348000 -> 0.237720 (model saved)
[2025-09-11 16:03:59] time/epoch: 88.527s
[2025-09-11 16:03:59] ----------------------------------------------------------------------------------------------------
[2025-09-11 16:05:09] Train Epoch 4: loss=0.489124, acc=85.95%
[2025-09-11 16:05:26] Val: loss=0.365914, acc=96.06%
[2025-09-11 16:05:26] Val loss not improved.
[2025-09-11 16:05:26] time/epoch: 86.562s
[2025-09-11 16:05:26] ----------------------------------------------------------------------------------------------------
[2025-09-11 16:06:35] Train Epoch 5: loss=0.494887, acc=84.32%
[2025-09-11 16:06:53] Val: loss=0.290393, acc=95.24%
[2025-09-11 16:06:53] Val loss not improved.
[2025-09-11 16:06:53] time/epoch: 86.871s
[2025-09-11 16:06:53] ----------------------------------------------------------------------------------------------------
[2025-09-11 16:08:01] Train Epoch 6: loss=0.508765, acc=83.85%
[2025-09-11 16:08:18] Val: loss=0.220760, acc=96.22%
[2025-09-11 16:08:18] ↓ New best val loss: 0.237720 -> 0.220760 (model saved)
[2025-09-11 16:08:18] time/epoch: 85.311s
[2025-09-11 16:08:18] ----------------------------------------------------------------------------------------------------
[2025-09-11 16:09:32] Train Epoch 7: loss=0.499995, acc=84.69%
[2025-09-11 16:09:48] Val: loss=0.264244, acc=97.37%
[2025-09-11 16:09:48] Val loss not improved.
[2025-09-11 16:09:48] time/epoch: 90.095s
[2025-09-11 16:09:48] ----------------------------------------------------------------------------------------------------
[2025-09-11 16:11:01] Train Epoch 8: loss=0.475099, acc=85.08%
[2025-09-11 16:11:16] Val: loss=0.269757, acc=96.39%
[2025-09-11 16:11:16] Val loss not improved.
[2025-09-11 16:11:16] time/epoch: 88.044s
[2025-09-11 16:11:16] ----------------------------------------------------------------------------------------------------
[2025-09-11 16:12:31] Train Epoch 9: loss=0.519076, acc=83.80%
[2025-09-11 16:12:47] Val: loss=0.157743, acc=96.39%
[2025-09-11 16:12:47] ↓ New best val loss: 0.220760 -> 0.157743 (model saved)
[2025-09-11 16:12:47] time/epoch: 90.785s
[2025-09-11 16:12:47] ----------------------------------------------------------------------------------------------------
[2025-09-11 16:14:01] Train Epoch 10: loss=0.476534, acc=84.94%
[2025-09-11 16:14:21] Val: loss=0.163719, acc=97.37%
[2025-09-11 16:14:21] Val loss not improved.
[2025-09-11 16:14:21] time/epoch: 94.155s
[2025-09-11 16:14:21] ----------------------------------------------------------------------------------------------------
[2025-09-11 16:15:48] Train Epoch 11: loss=0.481784, acc=85.49%
[2025-09-11 16:16:09] Val: loss=0.377757, acc=95.73%
[2025-09-11 16:16:09] Val loss not improved.
[2025-09-11 16:16:09] time/epoch: 107.643s
[2025-09-11 16:16:09] ----------------------------------------------------------------------------------------------------
[2025-09-11 16:17:45] Train Epoch 12: loss=0.455354, acc=85.34%
[2025-09-11 16:18:05] Val: loss=0.170180, acc=95.24%
[2025-09-11 16:18:05] Val loss not improved.
[2025-09-11 16:18:05] time/epoch: 116.004s
[2025-09-11 16:18:05] ----------------------------------------------------------------------------------------------------
[2025-09-11 16:19:35] Train Epoch 13: loss=0.562641, acc=81.23%
[2025-09-11 16:19:54] Val: loss=0.331133, acc=97.54%
[2025-09-11 16:19:54] Val loss not improved.
[2025-09-11 16:19:54] time/epoch: 109.333s
[2025-09-11 16:19:54] ----------------------------------------------------------------------------------------------------
[2025-09-11 16:21:23] Train Epoch 14: loss=0.484209, acc=83.26%
[2025-09-11 16:21:43] Val: loss=0.172822, acc=96.06%
[2025-09-11 16:21:43] Val loss not improved.
[2025-09-11 16:21:43] time/epoch: 109.098s
[2025-09-11 16:21:43] ----------------------------------------------------------------------------------------------------
[2025-09-11 16:22:53] Train Epoch 15: loss=0.474520, acc=84.20%
[2025-09-11 16:23:09] Val: loss=0.146420, acc=95.89%
[2025-09-11 16:23:09] ↓ New best val loss: 0.157743 -> 0.146420 (model saved)
[2025-09-11 16:23:09] time/epoch: 85.661s
[2025-09-11 16:23:09] ----------------------------------------------------------------------------------------------------
[2025-09-11 16:24:17] Train Epoch 16: loss=0.494323, acc=83.32%
[2025-09-11 16:24:32] Val: loss=0.238101, acc=98.03%
[2025-09-11 16:24:32] Val loss not improved.
[2025-09-11 16:24:32] time/epoch: 83.299s
[2025-09-11 16:24:32] ----------------------------------------------------------------------------------------------------
[2025-09-11 16:25:42] Train Epoch 17: loss=0.499974, acc=82.11%
[2025-09-11 16:25:58] Val: loss=0.178081, acc=95.57%
[2025-09-11 16:25:58] Val loss not improved.
[2025-09-11 16:25:58] time/epoch: 85.859s
[2025-09-11 16:25:58] ----------------------------------------------------------------------------------------------------
[2025-09-11 16:27:11] Train Epoch 18: loss=0.421521, acc=86.70%
[2025-09-11 16:27:28] Val: loss=0.163662, acc=96.55%
[2025-09-11 16:27:28] Val loss not improved.
[2025-09-11 16:27:28] time/epoch: 89.530s
[2025-09-11 16:27:28] ----------------------------------------------------------------------------------------------------
[2025-09-11 16:28:48] Train Epoch 19: loss=0.422144, acc=85.77%
[2025-09-11 16:29:16] Val: loss=0.153646, acc=96.06%
[2025-09-11 16:29:16] Val loss not improved.
[2025-09-11 16:29:16] time/epoch: 108.301s
[2025-09-11 16:29:16] ----------------------------------------------------------------------------------------------------
[2025-09-11 16:31:08] Train Epoch 20: loss=0.449094, acc=83.53%
[2025-09-11 16:31:35] Val: loss=0.126432, acc=96.72%
[2025-09-11 16:31:35] ↓ New best val loss: 0.146420 -> 0.126432 (model saved)
[2025-09-11 16:31:35] time/epoch: 139.310s
[2025-09-11 16:31:35] ----------------------------------------------------------------------------------------------------
[2025-09-11 16:33:32] Train Epoch 21: loss=0.438657, acc=86.21%
[2025-09-11 16:34:00] Val: loss=0.189041, acc=95.73%
[2025-09-11 16:34:00] Val loss not improved.
[2025-09-11 16:34:00] time/epoch: 144.939s
[2025-09-11 16:34:00] ----------------------------------------------------------------------------------------------------
[2025-09-11 16:35:54] Train Epoch 22: loss=0.520205, acc=83.51%
[2025-09-11 16:36:21] Val: loss=0.252787, acc=93.10%
[2025-09-11 16:36:21] Val loss not improved.
[2025-09-11 16:36:21] time/epoch: 140.802s
[2025-09-11 16:36:21] ----------------------------------------------------------------------------------------------------
[2025-09-11 16:38:16] Train Epoch 23: loss=0.478665, acc=83.19%
[2025-09-11 16:38:44] Val: loss=0.165184, acc=96.88%
[2025-09-11 16:38:44] Val loss not improved.
[2025-09-11 16:38:44] time/epoch: 142.871s
[2025-09-11 16:38:44] ----------------------------------------------------------------------------------------------------
[2025-09-11 16:40:06] Train Epoch 24: loss=0.463452, acc=84.58%
[2025-09-11 16:40:24] Val: loss=0.206073, acc=98.19%
[2025-09-11 16:40:24] Val loss not improved.
[2025-09-11 16:40:24] time/epoch: 100.489s
[2025-09-11 16:40:24] ----------------------------------------------------------------------------------------------------
[2025-09-11 16:41:32] Train Epoch 25: loss=0.486596, acc=84.08%
[2025-09-11 16:41:49] Val: loss=0.175180, acc=96.39%
[2025-09-11 16:41:49] Val loss not improved.
[2025-09-11 16:41:49] time/epoch: 84.178s
[2025-09-11 16:41:49] ----------------------------------------------------------------------------------------------------
[2025-09-11 16:42:58] Train Epoch 26: loss=0.488887, acc=83.23%
[2025-09-11 16:43:15] Val: loss=0.180435, acc=96.22%
[2025-09-11 16:43:15] Val loss not improved.
[2025-09-11 16:43:15] time/epoch: 86.629s
[2025-09-11 16:43:15] ----------------------------------------------------------------------------------------------------
[2025-09-11 16:44:24] Train Epoch 27: loss=0.457544, acc=84.84%
[2025-09-11 16:44:41] Val: loss=0.325602, acc=88.83%
[2025-09-11 16:44:41] Val loss not improved.
[2025-09-11 16:44:41] time/epoch: 85.370s
[2025-09-11 16:44:41] ----------------------------------------------------------------------------------------------------
[2025-09-11 16:45:51] Train Epoch 28: loss=0.486173, acc=82.57%
[2025-09-11 16:46:08] Val: loss=0.336407, acc=98.03%
[2025-09-11 16:46:08] Val loss not improved.
[2025-09-11 16:46:08] time/epoch: 87.096s
[2025-09-11 16:46:08] ----------------------------------------------------------------------------------------------------
[2025-09-11 16:47:17] Train Epoch 29: loss=0.439401, acc=86.16%
[2025-09-11 16:47:33] Val: loss=0.124220, acc=96.72%
[2025-09-11 16:47:33] ↓ New best val loss: 0.126432 -> 0.124220 (model saved)
[2025-09-11 16:47:33] time/epoch: 85.264s
[2025-09-11 16:47:33] ----------------------------------------------------------------------------------------------------
[2025-09-11 16:48:42] Train Epoch 30: loss=0.432717, acc=85.96%
[2025-09-11 16:48:59] Val: loss=0.206635, acc=96.06%
[2025-09-11 16:48:59] Val loss not improved.
[2025-09-11 16:48:59] time/epoch: 85.737s
[2025-09-11 16:48:59] ----------------------------------------------------------------------------------------------------
[2025-09-11 16:50:07] Train Epoch 31: loss=0.481961, acc=82.67%
[2025-09-11 16:50:25] Val: loss=0.180408, acc=94.91%
[2025-09-11 16:50:25] Val loss not improved.
[2025-09-11 16:50:25] time/epoch: 86.034s
[2025-09-11 16:50:25] ----------------------------------------------------------------------------------------------------
[2025-09-11 16:51:33] Train Epoch 32: loss=0.415066, acc=86.52%
[2025-09-11 16:51:49] Val: loss=0.163738, acc=96.55%
[2025-09-11 16:51:49] Val loss not improved.
[2025-09-11 16:51:49] time/epoch: 84.407s
[2025-09-11 16:51:49] ----------------------------------------------------------------------------------------------------
[2025-09-11 16:53:06] Train Epoch 33: loss=0.458725, acc=84.42%
[2025-09-11 16:53:23] Val: loss=0.167179, acc=94.91%
[2025-09-11 16:53:23] Val loss not improved.
[2025-09-11 16:53:23] time/epoch: 93.722s
[2025-09-11 16:53:23] ----------------------------------------------------------------------------------------------------
[2025-09-11 16:54:39] Train Epoch 34: loss=0.503374, acc=81.76%
[2025-09-11 16:54:56] Val: loss=0.194532, acc=95.40%
[2025-09-11 16:54:56] Val loss not improved.
[2025-09-11 16:54:56] time/epoch: 93.400s
[2025-09-11 16:54:56] ----------------------------------------------------------------------------------------------------
[2025-09-11 16:56:09] Train Epoch 35: loss=0.471272, acc=84.01%
[2025-09-11 16:56:24] Val: loss=0.169502, acc=96.39%
[2025-09-11 16:56:24] Val loss not improved.
[2025-09-11 16:56:24] time/epoch: 87.963s
[2025-09-11 16:56:24] ----------------------------------------------------------------------------------------------------
[2025-09-11 16:57:33] Train Epoch 36: loss=0.497102, acc=83.34%
[2025-09-11 16:57:49] Val: loss=0.200528, acc=98.36%
[2025-09-11 16:57:49] Val loss not improved.
[2025-09-11 16:57:49] time/epoch: 84.460s
[2025-09-11 16:57:49] ----------------------------------------------------------------------------------------------------
[2025-09-11 16:59:02] Train Epoch 37: loss=0.429959, acc=85.73%
[2025-09-11 16:59:19] Val: loss=0.128773, acc=97.54%
[2025-09-11 16:59:19] Val loss not improved.
[2025-09-11 16:59:19] time/epoch: 90.527s
[2025-09-11 16:59:19] ----------------------------------------------------------------------------------------------------
[2025-09-11 17:00:29] Train Epoch 38: loss=0.477458, acc=83.36%
[2025-09-11 17:00:44] Val: loss=0.175812, acc=95.73%
[2025-09-11 17:00:44] Val loss not improved.
[2025-09-11 17:00:44] time/epoch: 85.041s
[2025-09-11 17:00:44] ----------------------------------------------------------------------------------------------------
[2025-09-11 17:01:57] Train Epoch 39: loss=0.483219, acc=83.65%
[2025-09-11 17:02:14] Val: loss=0.434515, acc=96.72%
[2025-09-11 17:02:14] Val loss not improved.
[2025-09-11 17:02:14] time/epoch: 89.763s
[2025-09-11 17:02:14] ----------------------------------------------------------------------------------------------------
[2025-09-11 17:03:28] Train Epoch 40: loss=0.447082, acc=85.11%
[2025-09-11 17:03:44] Val: loss=0.239947, acc=93.10%
[2025-09-11 17:03:44] Val loss not improved.
[2025-09-11 17:03:44] time/epoch: 90.127s
[2025-09-11 17:03:44] ----------------------------------------------------------------------------------------------------
[2025-09-11 17:04:54] Train Epoch 41: loss=0.430346, acc=84.08%
[2025-09-11 17:05:12] Val: loss=0.138798, acc=96.55%
[2025-09-11 17:05:12] Val loss not improved.
[2025-09-11 17:05:12] time/epoch: 87.491s
[2025-09-11 17:05:12] ----------------------------------------------------------------------------------------------------
[2025-09-11 17:06:26] Train Epoch 42: loss=0.460265, acc=83.61%
[2025-09-11 17:06:43] Val: loss=0.138297, acc=95.89%
[2025-09-11 17:06:43] Val loss not improved.
[2025-09-11 17:06:43] time/epoch: 91.379s
[2025-09-11 17:06:43] ----------------------------------------------------------------------------------------------------
[2025-09-11 17:07:55] Train Epoch 43: loss=0.432702, acc=84.86%
[2025-09-11 17:08:12] Val: loss=0.167346, acc=95.07%
[2025-09-11 17:08:12] Val loss not improved.
[2025-09-11 17:08:12] time/epoch: 89.224s
[2025-09-11 17:08:12] ----------------------------------------------------------------------------------------------------
[2025-09-11 17:09:21] Train Epoch 44: loss=0.471043, acc=82.57%
[2025-09-11 17:09:39] Val: loss=0.415828, acc=95.57%
[2025-09-11 17:09:39] Val loss not improved.
[2025-09-11 17:09:39] time/epoch: 86.979s
[2025-09-11 17:09:39] ----------------------------------------------------------------------------------------------------
[2025-09-11 17:10:53] Train Epoch 45: loss=0.465196, acc=85.07%
[2025-09-11 17:11:09] Val: loss=0.142722, acc=96.72%
[2025-09-11 17:11:09] Val loss not improved.
[2025-09-11 17:11:09] time/epoch: 89.531s
[2025-09-11 17:11:09] ----------------------------------------------------------------------------------------------------
[2025-09-11 17:12:18] Train Epoch 46: loss=0.475896, acc=82.94%
[2025-09-11 17:12:34] Val: loss=0.267250, acc=95.40%
[2025-09-11 17:12:34] Val loss not improved.
[2025-09-11 17:12:34] time/epoch: 85.149s
[2025-09-11 17:12:34] ----------------------------------------------------------------------------------------------------
[2025-09-11 17:13:45] Train Epoch 47: loss=0.445172, acc=84.15%
[2025-09-11 17:14:01] Val: loss=0.120802, acc=96.39%
[2025-09-11 17:14:01] ↓ New best val loss: 0.124220 -> 0.120802 (model saved)
[2025-09-11 17:14:01] time/epoch: 87.076s
[2025-09-11 17:14:01] ----------------------------------------------------------------------------------------------------
[2025-09-11 17:15:11] Train Epoch 48: loss=0.499006, acc=81.38%
[2025-09-11 17:15:27] Val: loss=1.215434, acc=38.10%
[2025-09-11 17:15:27] Val loss not improved.
[2025-09-11 17:15:27] time/epoch: 86.437s
[2025-09-11 17:15:27] ----------------------------------------------------------------------------------------------------
[2025-09-11 17:16:40] Train Epoch 49: loss=0.472774, acc=83.30%
[2025-09-11 17:16:57] Val: loss=0.142306, acc=95.73%
[2025-09-11 17:16:57] Val loss not improved.
[2025-09-11 17:16:57] time/epoch: 89.798s
[2025-09-11 17:16:57] ----------------------------------------------------------------------------------------------------
[2025-09-11 17:18:08] Train Epoch 50: loss=0.470756, acc=82.91%
[2025-09-11 17:18:25] Val: loss=0.138540, acc=98.52%
[2025-09-11 17:18:25] Val loss not improved.
[2025-09-11 17:18:25] time/epoch: 87.792s
[2025-09-11 17:18:25] ----------------------------------------------------------------------------------------------------
[2025-09-11 17:18:25] Avg time/epoch: 94.140s
[2025-09-11 17:18:25] total training time: 4707.003s
[2025-09-11 17:18:32] Avg infer time/batch: 0.012394s
[2025-09-11 17:18:32] [TEST] acc=94.64% (265/280)
[2025-09-11 17:18:32] ==== [6ft] RUN END (test_acc=94.64%) ====
