[2025-09-11 17:18:32] ==== [9ft] RUN START ====
[2025-09-11 17:18:32] train_h5=/data02/lpl/github/SH_hybrid/data/9ft_train.h5 | test_h5=/data02/lpl/github/SH_hybrid/data/9ft_test.h5
[2025-09-11 17:18:32] save_path=model_weight/mynet_9ft.pth
[2025-09-11 17:23:25] [THOP] FLOPs=175369904.0  Params=40019.0
[2025-09-11 17:24:46] Train Epoch 1: loss=1.797041, acc=55.31%
[2025-09-11 17:25:05] Val: loss=0.561692, acc=80.68%
[2025-09-11 17:25:05] ↓ New best val loss: inf -> 0.561692 (model saved)
[2025-09-11 17:25:05] time/epoch: 99.863s
[2025-09-11 17:25:05] ----------------------------------------------------------------------------------------------------
[2025-09-11 17:26:25] Train Epoch 2: loss=0.609272, acc=81.65%
[2025-09-11 17:26:43] Val: loss=0.238057, acc=97.03%
[2025-09-11 17:26:43] ↓ New best val loss: 0.561692 -> 0.238057 (model saved)
[2025-09-11 17:26:43] time/epoch: 97.516s
[2025-09-11 17:26:43] ----------------------------------------------------------------------------------------------------
[2025-09-11 17:27:59] Train Epoch 3: loss=0.556235, acc=84.47%
[2025-09-11 17:28:17] Val: loss=0.278387, acc=95.99%
[2025-09-11 17:28:17] Val loss not improved.
[2025-09-11 17:28:17] time/epoch: 93.742s
[2025-09-11 17:28:17] ----------------------------------------------------------------------------------------------------
[2025-09-11 17:29:32] Train Epoch 4: loss=0.520386, acc=84.64%
[2025-09-11 17:29:51] Val: loss=0.282564, acc=97.47%
[2025-09-11 17:29:51] Val loss not improved.
[2025-09-11 17:29:51] time/epoch: 94.826s
[2025-09-11 17:29:51] ----------------------------------------------------------------------------------------------------
[2025-09-11 17:31:12] Train Epoch 5: loss=0.514255, acc=83.80%
[2025-09-11 17:31:29] Val: loss=0.342955, acc=98.37%
[2025-09-11 17:31:29] Val loss not improved.
[2025-09-11 17:31:29] time/epoch: 97.966s
[2025-09-11 17:31:29] ----------------------------------------------------------------------------------------------------
[2025-09-11 17:32:45] Train Epoch 6: loss=0.475359, acc=84.13%
[2025-09-11 17:33:01] Val: loss=0.140465, acc=98.66%
[2025-09-11 17:33:01] ↓ New best val loss: 0.238057 -> 0.140465 (model saved)
[2025-09-11 17:33:01] time/epoch: 92.088s
[2025-09-11 17:33:01] ----------------------------------------------------------------------------------------------------
[2025-09-11 17:34:21] Train Epoch 7: loss=0.442038, acc=86.25%
[2025-09-11 17:34:38] Val: loss=0.131725, acc=99.41%
[2025-09-11 17:34:38] ↓ New best val loss: 0.140465 -> 0.131725 (model saved)
[2025-09-11 17:34:38] time/epoch: 96.463s
[2025-09-11 17:34:38] ----------------------------------------------------------------------------------------------------
[2025-09-11 17:35:49] Train Epoch 8: loss=0.458475, acc=84.91%
[2025-09-11 17:36:02] Val: loss=0.090693, acc=98.96%
[2025-09-11 17:36:02] ↓ New best val loss: 0.131725 -> 0.090693 (model saved)
[2025-09-11 17:36:02] time/epoch: 83.642s
[2025-09-11 17:36:02] ----------------------------------------------------------------------------------------------------
[2025-09-11 17:37:16] Train Epoch 9: loss=0.465355, acc=85.98%
[2025-09-11 17:37:33] Val: loss=0.163885, acc=97.62%
[2025-09-11 17:37:33] Val loss not improved.
[2025-09-11 17:37:33] time/epoch: 91.046s
[2025-09-11 17:37:33] ----------------------------------------------------------------------------------------------------
[2025-09-11 17:38:49] Train Epoch 10: loss=0.493854, acc=83.13%
[2025-09-11 17:39:07] Val: loss=0.097937, acc=99.11%
[2025-09-11 17:39:07] Val loss not improved.
[2025-09-11 17:39:07] time/epoch: 94.506s
[2025-09-11 17:39:07] ----------------------------------------------------------------------------------------------------
[2025-09-11 17:40:26] Train Epoch 11: loss=0.470576, acc=85.00%
[2025-09-11 17:40:42] Val: loss=0.206094, acc=99.55%
[2025-09-11 17:40:42] Val loss not improved.
[2025-09-11 17:40:42] time/epoch: 95.236s
[2025-09-11 17:40:42] ----------------------------------------------------------------------------------------------------
[2025-09-11 17:41:56] Train Epoch 12: loss=0.439965, acc=86.61%
[2025-09-11 17:42:12] Val: loss=0.172729, acc=99.55%
[2025-09-11 17:42:12] Val loss not improved.
[2025-09-11 17:42:12] time/epoch: 90.096s
[2025-09-11 17:42:12] ----------------------------------------------------------------------------------------------------
[2025-09-11 17:43:33] Train Epoch 13: loss=0.512071, acc=81.98%
[2025-09-11 17:43:55] Val: loss=0.269953, acc=99.70%
[2025-09-11 17:43:55] Val loss not improved.
[2025-09-11 17:43:55] time/epoch: 102.294s
[2025-09-11 17:43:55] ----------------------------------------------------------------------------------------------------
[2025-09-11 17:45:09] Train Epoch 14: loss=0.482231, acc=84.26%
[2025-09-11 17:45:26] Val: loss=0.144781, acc=98.96%
[2025-09-11 17:45:26] Val loss not improved.
[2025-09-11 17:45:26] time/epoch: 91.778s
[2025-09-11 17:45:26] ----------------------------------------------------------------------------------------------------
[2025-09-11 17:46:43] Train Epoch 15: loss=0.474511, acc=84.13%
[2025-09-11 17:47:02] Val: loss=0.103010, acc=98.22%
[2025-09-11 17:47:02] Val loss not improved.
[2025-09-11 17:47:02] time/epoch: 95.130s
[2025-09-11 17:47:02] ----------------------------------------------------------------------------------------------------
[2025-09-11 17:48:22] Train Epoch 16: loss=0.470380, acc=83.27%
[2025-09-11 17:48:43] Val: loss=0.405997, acc=94.95%
[2025-09-11 17:48:43] Val loss not improved.
[2025-09-11 17:48:43] time/epoch: 101.892s
[2025-09-11 17:48:43] ----------------------------------------------------------------------------------------------------
[2025-09-11 17:50:21] Train Epoch 17: loss=0.473639, acc=84.03%
[2025-09-11 17:50:45] Val: loss=0.089818, acc=98.96%
[2025-09-11 17:50:45] ↓ New best val loss: 0.090693 -> 0.089818 (model saved)
[2025-09-11 17:50:45] time/epoch: 121.254s
[2025-09-11 17:50:45] ----------------------------------------------------------------------------------------------------
[2025-09-11 17:52:29] Train Epoch 18: loss=0.475379, acc=83.69%
[2025-09-11 17:52:53] Val: loss=0.449007, acc=99.70%
[2025-09-11 17:52:53] Val loss not improved.
[2025-09-11 17:52:53] time/epoch: 128.253s
[2025-09-11 17:52:53] ----------------------------------------------------------------------------------------------------
[2025-09-11 17:54:38] Train Epoch 19: loss=0.408466, acc=87.30%
[2025-09-11 17:55:03] Val: loss=0.097342, acc=99.41%
[2025-09-11 17:55:03] Val loss not improved.
[2025-09-11 17:55:03] time/epoch: 130.215s
[2025-09-11 17:55:03] ----------------------------------------------------------------------------------------------------
[2025-09-11 17:56:49] Train Epoch 20: loss=0.477909, acc=83.38%
[2025-09-11 17:57:17] Val: loss=0.178587, acc=99.41%
[2025-09-11 17:57:17] Val loss not improved.
[2025-09-11 17:57:17] time/epoch: 133.350s
[2025-09-11 17:57:17] ----------------------------------------------------------------------------------------------------
[2025-09-11 17:59:04] Train Epoch 21: loss=0.447525, acc=83.72%
[2025-09-11 17:59:30] Val: loss=0.096990, acc=100.00%
[2025-09-11 17:59:30] Val loss not improved.
[2025-09-11 17:59:30] time/epoch: 133.092s
[2025-09-11 17:59:30] ----------------------------------------------------------------------------------------------------
[2025-09-11 18:01:16] Train Epoch 22: loss=0.401390, acc=86.13%
[2025-09-11 18:01:42] Val: loss=0.073776, acc=99.55%
[2025-09-11 18:01:42] ↓ New best val loss: 0.089818 -> 0.073776 (model saved)
[2025-09-11 18:01:42] time/epoch: 131.872s
[2025-09-11 18:01:42] ----------------------------------------------------------------------------------------------------
[2025-09-11 18:03:29] Train Epoch 23: loss=0.457922, acc=82.60%
[2025-09-11 18:03:54] Val: loss=0.063131, acc=98.96%
[2025-09-11 18:03:54] ↓ New best val loss: 0.073776 -> 0.063131 (model saved)
[2025-09-11 18:03:54] time/epoch: 132.726s
[2025-09-11 18:03:54] ----------------------------------------------------------------------------------------------------
[2025-09-11 18:05:41] Train Epoch 24: loss=0.458008, acc=84.51%
[2025-09-11 18:06:06] Val: loss=0.199783, acc=99.85%
[2025-09-11 18:06:06] Val loss not improved.
[2025-09-11 18:06:06] time/epoch: 131.491s
[2025-09-11 18:06:06] ----------------------------------------------------------------------------------------------------
[2025-09-11 18:07:52] Train Epoch 25: loss=0.486334, acc=82.40%
[2025-09-11 18:08:17] Val: loss=0.087941, acc=98.07%
[2025-09-11 18:08:17] Val loss not improved.
[2025-09-11 18:08:17] time/epoch: 131.541s
[2025-09-11 18:08:17] ----------------------------------------------------------------------------------------------------
[2025-09-11 18:10:03] Train Epoch 26: loss=0.488544, acc=82.66%
[2025-09-11 18:10:28] Val: loss=0.121297, acc=99.41%
[2025-09-11 18:10:28] Val loss not improved.
[2025-09-11 18:10:28] time/epoch: 130.670s
[2025-09-11 18:10:28] ----------------------------------------------------------------------------------------------------
[2025-09-11 18:12:15] Train Epoch 27: loss=0.420714, acc=86.19%
[2025-09-11 18:12:40] Val: loss=0.146097, acc=98.37%
[2025-09-11 18:12:40] Val loss not improved.
[2025-09-11 18:12:40] time/epoch: 132.508s
[2025-09-11 18:12:40] ----------------------------------------------------------------------------------------------------
[2025-09-11 18:14:29] Train Epoch 28: loss=0.439582, acc=84.54%
[2025-09-11 18:14:54] Val: loss=0.154797, acc=95.84%
[2025-09-11 18:14:54] Val loss not improved.
[2025-09-11 18:14:54] time/epoch: 133.977s
[2025-09-11 18:14:54] ----------------------------------------------------------------------------------------------------
[2025-09-11 18:16:44] Train Epoch 29: loss=0.402681, acc=87.10%
[2025-09-11 18:17:09] Val: loss=0.105593, acc=99.41%
[2025-09-11 18:17:09] Val loss not improved.
[2025-09-11 18:17:09] time/epoch: 134.298s
[2025-09-11 18:17:09] ----------------------------------------------------------------------------------------------------
[2025-09-11 18:18:54] Train Epoch 30: loss=0.412965, acc=86.27%
[2025-09-11 18:19:18] Val: loss=0.090781, acc=98.07%
[2025-09-11 18:19:18] Val loss not improved.
[2025-09-11 18:19:18] time/epoch: 129.433s
[2025-09-11 18:19:18] ----------------------------------------------------------------------------------------------------
[2025-09-11 18:21:04] Train Epoch 31: loss=0.457890, acc=84.66%
[2025-09-11 18:21:30] Val: loss=0.242482, acc=99.55%
[2025-09-11 18:21:30] Val loss not improved.
[2025-09-11 18:21:30] time/epoch: 131.776s
[2025-09-11 18:21:30] ----------------------------------------------------------------------------------------------------
[2025-09-11 18:23:15] Train Epoch 32: loss=0.478642, acc=83.04%
[2025-09-11 18:23:41] Val: loss=0.094212, acc=99.70%
[2025-09-11 18:23:41] Val loss not improved.
[2025-09-11 18:23:41] time/epoch: 130.844s
[2025-09-11 18:23:41] ----------------------------------------------------------------------------------------------------
[2025-09-11 18:25:27] Train Epoch 33: loss=0.507217, acc=80.28%
[2025-09-11 18:25:54] Val: loss=0.095467, acc=98.66%
[2025-09-11 18:25:54] Val loss not improved.
[2025-09-11 18:25:54] time/epoch: 133.071s
[2025-09-11 18:25:54] ----------------------------------------------------------------------------------------------------
[2025-09-11 18:27:40] Train Epoch 34: loss=0.461337, acc=84.34%
[2025-09-11 18:28:04] Val: loss=0.120376, acc=99.26%
[2025-09-11 18:28:04] Val loss not improved.
[2025-09-11 18:28:04] time/epoch: 130.564s
[2025-09-11 18:28:04] ----------------------------------------------------------------------------------------------------
[2025-09-11 18:29:50] Train Epoch 35: loss=0.477383, acc=81.65%
[2025-09-11 18:30:17] Val: loss=0.079748, acc=99.41%
[2025-09-11 18:30:17] Val loss not improved.
[2025-09-11 18:30:17] time/epoch: 132.112s
[2025-09-11 18:30:17] ----------------------------------------------------------------------------------------------------
[2025-09-11 18:32:03] Train Epoch 36: loss=0.461579, acc=83.28%
[2025-09-11 18:32:28] Val: loss=0.090028, acc=99.41%
[2025-09-11 18:32:28] Val loss not improved.
[2025-09-11 18:32:28] time/epoch: 131.497s
[2025-09-11 18:32:28] ----------------------------------------------------------------------------------------------------
[2025-09-11 18:34:10] Train Epoch 37: loss=0.414719, acc=85.79%
[2025-09-11 18:34:36] Val: loss=0.089493, acc=99.41%
[2025-09-11 18:34:36] Val loss not improved.
[2025-09-11 18:34:36] time/epoch: 128.313s
[2025-09-11 18:34:36] ----------------------------------------------------------------------------------------------------
[2025-09-11 18:36:18] Train Epoch 38: loss=0.424655, acc=84.83%
[2025-09-11 18:36:42] Val: loss=0.078179, acc=99.70%
[2025-09-11 18:36:42] Val loss not improved.
[2025-09-11 18:36:42] time/epoch: 125.322s
[2025-09-11 18:36:42] ----------------------------------------------------------------------------------------------------
[2025-09-11 18:38:24] Train Epoch 39: loss=0.403833, acc=86.59%
[2025-09-11 18:38:47] Val: loss=0.068544, acc=99.70%
[2025-09-11 18:38:47] Val loss not improved.
[2025-09-11 18:38:47] time/epoch: 125.816s
[2025-09-11 18:38:47] ----------------------------------------------------------------------------------------------------
[2025-09-11 18:40:29] Train Epoch 40: loss=0.446963, acc=84.01%
[2025-09-11 18:40:48] Val: loss=0.433004, acc=99.11%
[2025-09-11 18:40:48] Val loss not improved.
[2025-09-11 18:40:48] time/epoch: 120.466s
[2025-09-11 18:40:48] ----------------------------------------------------------------------------------------------------
[2025-09-11 18:42:01] Train Epoch 41: loss=0.395226, acc=87.07%
[2025-09-11 18:42:19] Val: loss=0.360351, acc=96.88%
[2025-09-11 18:42:19] Val loss not improved.
[2025-09-11 18:42:19] time/epoch: 91.394s
[2025-09-11 18:42:19] ----------------------------------------------------------------------------------------------------
[2025-09-11 18:43:38] Train Epoch 42: loss=0.442233, acc=84.38%
[2025-09-11 18:43:54] Val: loss=0.379456, acc=97.62%
[2025-09-11 18:43:54] Val loss not improved.
[2025-09-11 18:43:54] time/epoch: 94.388s
[2025-09-11 18:43:54] ----------------------------------------------------------------------------------------------------
[2025-09-11 18:45:13] Train Epoch 43: loss=0.424013, acc=84.82%
[2025-09-11 18:45:29] Val: loss=0.080788, acc=98.96%
[2025-09-11 18:45:29] Val loss not improved.
[2025-09-11 18:45:29] time/epoch: 95.282s
[2025-09-11 18:45:29] ----------------------------------------------------------------------------------------------------
[2025-09-11 18:46:45] Train Epoch 44: loss=0.443617, acc=83.59%
[2025-09-11 18:47:04] Val: loss=0.117060, acc=99.55%
[2025-09-11 18:47:04] Val loss not improved.
[2025-09-11 18:47:04] time/epoch: 95.151s
[2025-09-11 18:47:04] ----------------------------------------------------------------------------------------------------
[2025-09-11 18:48:19] Train Epoch 45: loss=0.426502, acc=85.00%
[2025-09-11 18:48:35] Val: loss=0.169865, acc=95.99%
[2025-09-11 18:48:35] Val loss not improved.
[2025-09-11 18:48:35] time/epoch: 91.217s
[2025-09-11 18:48:35] ----------------------------------------------------------------------------------------------------
[2025-09-11 18:49:55] Train Epoch 46: loss=0.434305, acc=83.98%
[2025-09-11 18:50:12] Val: loss=0.069474, acc=99.41%
[2025-09-11 18:50:12] Val loss not improved.
[2025-09-11 18:50:12] time/epoch: 96.395s
[2025-09-11 18:50:12] ----------------------------------------------------------------------------------------------------
[2025-09-11 18:51:31] Train Epoch 47: loss=0.453145, acc=84.03%
[2025-09-11 18:51:48] Val: loss=0.201755, acc=100.00%
[2025-09-11 18:51:48] Val loss not improved.
[2025-09-11 18:51:48] time/epoch: 96.360s
[2025-09-11 18:51:48] ----------------------------------------------------------------------------------------------------
[2025-09-11 18:53:08] Train Epoch 48: loss=0.452703, acc=84.30%
[2025-09-11 18:53:24] Val: loss=0.220672, acc=94.35%
[2025-09-11 18:53:24] Val loss not improved.
[2025-09-11 18:53:24] time/epoch: 96.277s
[2025-09-11 18:53:24] ----------------------------------------------------------------------------------------------------
[2025-09-11 18:54:43] Train Epoch 49: loss=0.430009, acc=85.07%
[2025-09-11 18:55:02] Val: loss=0.077309, acc=99.26%
[2025-09-11 18:55:02] Val loss not improved.
[2025-09-11 18:55:02] time/epoch: 97.353s
[2025-09-11 18:55:02] ----------------------------------------------------------------------------------------------------
[2025-09-11 18:56:20] Train Epoch 50: loss=0.431252, acc=84.96%
[2025-09-11 18:56:36] Val: loss=0.074950, acc=99.41%
[2025-09-11 18:56:36] Val loss not improved.
[2025-09-11 18:56:36] time/epoch: 94.365s
[2025-09-11 18:56:36] ----------------------------------------------------------------------------------------------------
[2025-09-11 18:56:36] Avg time/epoch: 111.815s
[2025-09-11 18:56:36] total training time: 5590.732s
[2025-09-11 18:56:43] Avg infer time/batch: 0.010970s
[2025-09-11 18:56:43] [TEST] acc=98.21% (275/280)
[2025-09-11 18:56:43] ==== [9ft] RUN END (test_acc=98.21%) ====
