[2025-09-11 22:55:21] ==== [ALL] RUN START ====
[2025-09-11 22:55:21] train_h5=/data02/lpl/github/SH_hybrid/data/ALL_train.h5 | test_h5=/data02/lpl/github/SH_hybrid/data/ALL_test.h5
[2025-09-11 22:55:21] save_path=model_weight/mynet_ALL.pth
[2025-09-11 23:12:46] [THOP] FLOPs=175369904.0  Params=40019.0
[2025-09-11 23:21:36] Train Epoch 1: loss=1.078466, acc=68.62%
[2025-09-11 23:23:46] Val: loss=0.254708, acc=92.77%
[2025-09-11 23:23:46] ↓ New best val loss: inf -> 0.254708 (model saved)
[2025-09-11 23:23:46] time/epoch: 659.619s
[2025-09-11 23:23:46] ----------------------------------------------------------------------------------------------------
[2025-09-11 23:32:33] Train Epoch 2: loss=0.572812, acc=83.04%
[2025-09-11 23:34:43] Val: loss=0.150900, acc=97.85%
[2025-09-11 23:34:43] ↓ New best val loss: 0.254708 -> 0.150900 (model saved)
[2025-09-11 23:34:43] time/epoch: 657.516s
[2025-09-11 23:34:43] ----------------------------------------------------------------------------------------------------
[2025-09-11 23:43:28] Train Epoch 3: loss=0.503320, acc=85.27%
[2025-09-11 23:45:38] Val: loss=0.382954, acc=98.28%
[2025-09-11 23:45:38] Val loss not improved.
[2025-09-11 23:45:38] time/epoch: 654.670s
[2025-09-11 23:45:38] ----------------------------------------------------------------------------------------------------
[2025-09-11 23:54:08] Train Epoch 4: loss=0.485595, acc=85.25%
[2025-09-11 23:56:21] Val: loss=0.114032, acc=98.58%
[2025-09-11 23:56:21] ↓ New best val loss: 0.150900 -> 0.114032 (model saved)
[2025-09-11 23:56:21] time/epoch: 643.394s
[2025-09-11 23:56:21] ----------------------------------------------------------------------------------------------------
[2025-09-12 00:04:58] Train Epoch 5: loss=0.496444, acc=84.52%
[2025-09-12 00:07:09] Val: loss=0.082459, acc=98.58%
[2025-09-12 00:07:09] ↓ New best val loss: 0.114032 -> 0.082459 (model saved)
[2025-09-12 00:07:09] time/epoch: 647.542s
[2025-09-12 00:07:09] ----------------------------------------------------------------------------------------------------
[2025-09-12 00:15:59] Train Epoch 6: loss=0.501688, acc=83.84%
[2025-09-12 00:18:08] Val: loss=0.142925, acc=98.67%
[2025-09-12 00:18:08] Val loss not improved.
[2025-09-12 00:18:08] time/epoch: 658.715s
[2025-09-12 00:18:08] ----------------------------------------------------------------------------------------------------
[2025-09-12 00:26:45] Train Epoch 7: loss=0.488313, acc=84.57%
[2025-09-12 00:28:54] Val: loss=0.121496, acc=98.36%
[2025-09-12 00:28:54] Val loss not improved.
[2025-09-12 00:28:54] time/epoch: 646.634s
[2025-09-12 00:28:54] ----------------------------------------------------------------------------------------------------
[2025-09-12 00:37:45] Train Epoch 8: loss=0.481685, acc=84.29%
[2025-09-12 00:39:43] Val: loss=0.068923, acc=98.24%
[2025-09-12 00:39:43] ↓ New best val loss: 0.082459 -> 0.068923 (model saved)
[2025-09-12 00:39:43] time/epoch: 648.954s
[2025-09-12 00:39:43] ----------------------------------------------------------------------------------------------------
[2025-09-12 00:48:28] Train Epoch 9: loss=0.462252, acc=85.05%
[2025-09-12 00:50:27] Val: loss=0.112593, acc=96.56%
[2025-09-12 00:50:27] Val loss not improved.
[2025-09-12 00:50:27] time/epoch: 644.039s
[2025-09-12 00:50:27] ----------------------------------------------------------------------------------------------------
[2025-09-12 00:59:12] Train Epoch 10: loss=0.476618, acc=84.15%
[2025-09-12 01:01:12] Val: loss=0.094363, acc=97.16%
[2025-09-12 01:01:12] Val loss not improved.
[2025-09-12 01:01:12] time/epoch: 644.180s
[2025-09-12 01:01:12] ----------------------------------------------------------------------------------------------------
[2025-09-12 01:09:55] Train Epoch 11: loss=0.509270, acc=82.54%
[2025-09-12 01:12:02] Val: loss=0.071443, acc=98.58%
[2025-09-12 01:12:02] Val loss not improved.
[2025-09-12 01:12:02] time/epoch: 650.697s
[2025-09-12 01:12:02] ----------------------------------------------------------------------------------------------------
[2025-09-12 01:20:46] Train Epoch 12: loss=0.485114, acc=83.76%
[2025-09-12 01:22:48] Val: loss=0.145163, acc=98.62%
[2025-09-12 01:22:48] Val loss not improved.
[2025-09-12 01:22:48] time/epoch: 646.240s
[2025-09-12 01:22:48] ----------------------------------------------------------------------------------------------------
[2025-09-12 01:31:20] Train Epoch 13: loss=0.476682, acc=83.65%
[2025-09-12 01:33:33] Val: loss=0.087066, acc=98.49%
[2025-09-12 01:33:33] Val loss not improved.
[2025-09-12 01:33:33] time/epoch: 644.808s
[2025-09-12 01:33:33] ----------------------------------------------------------------------------------------------------
[2025-09-12 01:42:09] Train Epoch 14: loss=0.481911, acc=83.66%
[2025-09-12 01:44:17] Val: loss=0.201472, acc=96.08%
[2025-09-12 01:44:17] Val loss not improved.
[2025-09-12 01:44:17] time/epoch: 643.478s
[2025-09-12 01:44:17] ----------------------------------------------------------------------------------------------------
[2025-09-12 01:52:54] Train Epoch 15: loss=0.466072, acc=84.99%
[2025-09-12 01:54:58] Val: loss=0.084813, acc=98.32%
[2025-09-12 01:54:58] Val loss not improved.
[2025-09-12 01:54:58] time/epoch: 641.352s
[2025-09-12 01:54:58] ----------------------------------------------------------------------------------------------------
[2025-09-12 02:03:42] Train Epoch 16: loss=0.455136, acc=84.97%
[2025-09-12 02:05:42] Val: loss=0.149683, acc=98.97%
[2025-09-12 02:05:42] Val loss not improved.
[2025-09-12 02:05:42] time/epoch: 643.988s
[2025-09-12 02:05:42] ----------------------------------------------------------------------------------------------------
[2025-09-12 02:14:26] Train Epoch 17: loss=0.471884, acc=84.06%
[2025-09-12 02:16:32] Val: loss=0.082417, acc=97.37%
[2025-09-12 02:16:32] Val loss not improved.
[2025-09-12 02:16:32] time/epoch: 649.705s
[2025-09-12 02:16:32] ----------------------------------------------------------------------------------------------------
[2025-09-12 02:25:17] Train Epoch 18: loss=0.475902, acc=83.69%
[2025-09-12 02:27:23] Val: loss=0.068085, acc=99.01%
[2025-09-12 02:27:23] ↓ New best val loss: 0.068923 -> 0.068085 (model saved)
[2025-09-12 02:27:23] time/epoch: 651.214s
[2025-09-12 02:27:23] ----------------------------------------------------------------------------------------------------
[2025-09-12 02:36:14] Train Epoch 19: loss=0.439912, acc=85.30%
[2025-09-12 02:38:25] Val: loss=0.150080, acc=99.14%
[2025-09-12 02:38:25] Val loss not improved.
[2025-09-12 02:38:25] time/epoch: 661.841s
[2025-09-12 02:38:25] ----------------------------------------------------------------------------------------------------
[2025-09-12 02:47:07] Train Epoch 20: loss=0.472838, acc=83.57%
[2025-09-12 02:49:18] Val: loss=0.225103, acc=99.14%
[2025-09-12 02:49:18] Val loss not improved.
[2025-09-12 02:49:18] time/epoch: 653.315s
[2025-09-12 02:49:18] ----------------------------------------------------------------------------------------------------
[2025-09-12 02:57:52] Train Epoch 21: loss=0.460126, acc=84.45%
[2025-09-12 03:00:01] Val: loss=0.158997, acc=99.27%
[2025-09-12 03:00:01] Val loss not improved.
[2025-09-12 03:00:01] time/epoch: 642.591s
[2025-09-12 03:00:01] ----------------------------------------------------------------------------------------------------
[2025-09-12 03:08:51] Train Epoch 22: loss=0.474974, acc=83.45%
[2025-09-12 03:11:02] Val: loss=0.108949, acc=96.43%
[2025-09-12 03:11:02] Val loss not improved.
[2025-09-12 03:11:02] time/epoch: 660.834s
[2025-09-12 03:11:02] ----------------------------------------------------------------------------------------------------
[2025-09-12 03:19:36] Train Epoch 23: loss=0.487734, acc=82.68%
[2025-09-12 03:21:46] Val: loss=0.064532, acc=98.75%
[2025-09-12 03:21:46] ↓ New best val loss: 0.068085 -> 0.064532 (model saved)
[2025-09-12 03:21:46] time/epoch: 644.094s
[2025-09-12 03:21:46] ----------------------------------------------------------------------------------------------------
[2025-09-12 03:30:37] Train Epoch 24: loss=0.472101, acc=83.69%
[2025-09-12 03:32:48] Val: loss=0.094525, acc=98.79%
[2025-09-12 03:32:48] Val loss not improved.
[2025-09-12 03:32:48] time/epoch: 662.643s
[2025-09-12 03:32:48] ----------------------------------------------------------------------------------------------------
[2025-09-12 03:41:37] Train Epoch 25: loss=0.440429, acc=84.68%
[2025-09-12 03:43:46] Val: loss=0.053669, acc=98.92%
[2025-09-12 03:43:46] ↓ New best val loss: 0.064532 -> 0.053669 (model saved)
[2025-09-12 03:43:46] time/epoch: 657.239s
[2025-09-12 03:43:46] ----------------------------------------------------------------------------------------------------
[2025-09-12 03:52:39] Train Epoch 26: loss=0.465714, acc=83.90%
[2025-09-12 03:54:47] Val: loss=0.094387, acc=97.85%
[2025-09-12 03:54:47] Val loss not improved.
[2025-09-12 03:54:47] time/epoch: 661.638s
[2025-09-12 03:54:47] ----------------------------------------------------------------------------------------------------
[2025-09-12 04:03:44] Train Epoch 27: loss=0.455935, acc=84.60%
[2025-09-12 04:05:51] Val: loss=0.192900, acc=99.40%
[2025-09-12 04:05:51] Val loss not improved.
[2025-09-12 04:05:51] time/epoch: 663.979s
[2025-09-12 04:05:51] ----------------------------------------------------------------------------------------------------
[2025-09-12 04:14:32] Train Epoch 28: loss=0.418531, acc=86.16%
[2025-09-12 04:16:29] Val: loss=0.080330, acc=98.97%
[2025-09-12 04:16:29] Val loss not improved.
[2025-09-12 04:16:29] time/epoch: 638.156s
[2025-09-12 04:16:29] ----------------------------------------------------------------------------------------------------
[2025-09-12 04:25:17] Train Epoch 29: loss=0.459544, acc=83.73%
[2025-09-12 04:27:25] Val: loss=0.062662, acc=98.67%
[2025-09-12 04:27:25] Val loss not improved.
[2025-09-12 04:27:25] time/epoch: 655.821s
[2025-09-12 04:27:25] ----------------------------------------------------------------------------------------------------
[2025-09-12 04:36:20] Train Epoch 30: loss=0.434572, acc=85.43%
[2025-09-12 04:38:27] Val: loss=0.085170, acc=98.54%
[2025-09-12 04:38:27] Val loss not improved.
[2025-09-12 04:38:27] time/epoch: 661.943s
[2025-09-12 04:38:27] ----------------------------------------------------------------------------------------------------
[2025-09-12 04:47:01] Train Epoch 31: loss=0.452822, acc=85.08%
[2025-09-12 04:49:08] Val: loss=0.074789, acc=98.88%
[2025-09-12 04:49:08] Val loss not improved.
[2025-09-12 04:49:08] time/epoch: 640.640s
[2025-09-12 04:49:08] ----------------------------------------------------------------------------------------------------
[2025-09-12 04:57:59] Train Epoch 32: loss=0.410034, acc=86.18%
[2025-09-12 05:00:05] Val: loss=0.092541, acc=99.05%
[2025-09-12 05:00:05] Val loss not improved.
[2025-09-12 05:00:05] time/epoch: 656.974s
[2025-09-12 05:00:05] ----------------------------------------------------------------------------------------------------
[2025-09-12 05:08:42] Train Epoch 33: loss=0.443827, acc=85.16%
[2025-09-12 05:10:52] Val: loss=0.129877, acc=95.35%
[2025-09-12 05:10:52] Val loss not improved.
[2025-09-12 05:10:52] time/epoch: 647.348s
[2025-09-12 05:10:52] ----------------------------------------------------------------------------------------------------
[2025-09-12 05:19:20] Train Epoch 34: loss=0.478678, acc=82.79%
[2025-09-12 05:21:27] Val: loss=0.115659, acc=99.05%
[2025-09-12 05:21:27] Val loss not improved.
[2025-09-12 05:21:27] time/epoch: 635.106s
[2025-09-12 05:21:27] ----------------------------------------------------------------------------------------------------
[2025-09-12 05:27:03] Train Epoch 35: loss=0.448921, acc=84.13%
[2025-09-12 05:28:02] Val: loss=0.095173, acc=97.29%
[2025-09-12 05:28:02] Val loss not improved.
[2025-09-12 05:28:02] time/epoch: 394.621s
[2025-09-12 05:28:02] ----------------------------------------------------------------------------------------------------
[2025-09-12 05:32:28] Train Epoch 36: loss=0.448084, acc=84.04%
[2025-09-12 05:33:26] Val: loss=0.071740, acc=98.92%
[2025-09-12 05:33:26] Val loss not improved.
[2025-09-12 05:33:26] time/epoch: 324.517s
[2025-09-12 05:33:26] ----------------------------------------------------------------------------------------------------
[2025-09-12 05:37:46] Train Epoch 37: loss=0.438010, acc=84.80%
[2025-09-12 05:38:45] Val: loss=0.089006, acc=99.35%
[2025-09-12 05:38:45] Val loss not improved.
[2025-09-12 05:38:45] time/epoch: 318.445s
[2025-09-12 05:38:45] ----------------------------------------------------------------------------------------------------
[2025-09-12 05:43:02] Train Epoch 38: loss=0.453056, acc=84.12%
[2025-09-12 05:44:01] Val: loss=0.284172, acc=98.79%
[2025-09-12 05:44:01] Val loss not improved.
[2025-09-12 05:44:01] time/epoch: 316.215s
[2025-09-12 05:44:01] ----------------------------------------------------------------------------------------------------
[2025-09-12 05:48:19] Train Epoch 39: loss=0.467064, acc=82.21%
[2025-09-12 05:49:17] Val: loss=0.085709, acc=97.55%
[2025-09-12 05:49:17] Val loss not improved.
[2025-09-12 05:49:17] time/epoch: 316.290s
[2025-09-12 05:49:17] ----------------------------------------------------------------------------------------------------
[2025-09-12 05:53:37] Train Epoch 40: loss=0.444142, acc=83.91%
[2025-09-12 05:54:32] Val: loss=0.085391, acc=97.98%
[2025-09-12 05:54:32] Val loss not improved.
[2025-09-12 05:54:32] time/epoch: 314.887s
[2025-09-12 05:54:32] ----------------------------------------------------------------------------------------------------
[2025-09-12 05:58:54] Train Epoch 41: loss=0.451308, acc=83.93%
[2025-09-12 05:59:50] Val: loss=0.074860, acc=98.06%
[2025-09-12 05:59:50] Val loss not improved.
[2025-09-12 05:59:50] time/epoch: 317.842s
[2025-09-12 05:59:50] ----------------------------------------------------------------------------------------------------
[2025-09-12 06:04:05] Train Epoch 42: loss=0.437894, acc=84.87%
[2025-09-12 06:05:01] Val: loss=0.078750, acc=98.49%
[2025-09-12 06:05:01] Val loss not improved.
[2025-09-12 06:05:01] time/epoch: 311.143s
[2025-09-12 06:05:01] ----------------------------------------------------------------------------------------------------
[2025-09-12 06:09:21] Train Epoch 43: loss=0.414731, acc=85.70%
[2025-09-12 06:10:21] Val: loss=0.060072, acc=99.31%
[2025-09-12 06:10:21] Val loss not improved.
[2025-09-12 06:10:21] time/epoch: 320.201s
[2025-09-12 06:10:21] ----------------------------------------------------------------------------------------------------
[2025-09-12 06:14:39] Train Epoch 44: loss=0.408835, acc=85.78%
[2025-09-12 06:15:34] Val: loss=0.079805, acc=98.49%
[2025-09-12 06:15:34] Val loss not improved.
[2025-09-12 06:15:34] time/epoch: 312.912s
[2025-09-12 06:15:34] ----------------------------------------------------------------------------------------------------
[2025-09-12 06:19:56] Train Epoch 45: loss=0.422077, acc=84.91%
[2025-09-12 06:20:52] Val: loss=0.084721, acc=99.53%
[2025-09-12 06:20:52] Val loss not improved.
[2025-09-12 06:20:52] time/epoch: 318.210s
[2025-09-12 06:20:52] ----------------------------------------------------------------------------------------------------
[2025-09-12 06:25:10] Train Epoch 46: loss=0.416718, acc=85.50%
[2025-09-12 06:26:08] Val: loss=0.126454, acc=96.08%
[2025-09-12 06:26:08] Val loss not improved.
[2025-09-12 06:26:08] time/epoch: 315.381s
[2025-09-12 06:26:08] ----------------------------------------------------------------------------------------------------
[2025-09-12 06:30:28] Train Epoch 47: loss=0.453058, acc=83.78%
[2025-09-12 06:31:27] Val: loss=0.115982, acc=99.70%
[2025-09-12 06:31:27] Val loss not improved.
[2025-09-12 06:31:27] time/epoch: 318.994s
[2025-09-12 06:31:27] ----------------------------------------------------------------------------------------------------
[2025-09-12 06:35:29] Train Epoch 48: loss=0.420903, acc=84.97%
[2025-09-12 06:36:14] Val: loss=0.106168, acc=96.73%
[2025-09-12 06:36:14] Val loss not improved.
[2025-09-12 06:36:14] time/epoch: 286.831s
[2025-09-12 06:36:14] ----------------------------------------------------------------------------------------------------
[2025-09-12 06:39:43] Train Epoch 49: loss=0.426196, acc=84.90%
[2025-09-12 06:40:28] Val: loss=0.079121, acc=98.06%
[2025-09-12 06:40:28] Val loss not improved.
[2025-09-12 06:40:28] time/epoch: 254.589s
[2025-09-12 06:40:28] ----------------------------------------------------------------------------------------------------
[2025-09-12 06:43:56] Train Epoch 50: loss=0.436756, acc=83.88%
[2025-09-12 06:44:41] Val: loss=0.093738, acc=96.94%
[2025-09-12 06:44:41] Val loss not improved.
[2025-09-12 06:44:41] time/epoch: 252.355s
[2025-09-12 06:44:41] ----------------------------------------------------------------------------------------------------
[2025-09-12 06:44:41] Avg time/epoch: 542.287s
[2025-09-12 06:44:41] total training time: 27114.356s
[2025-09-12 06:45:05] Avg infer time/batch: 0.010516s
[2025-09-12 06:45:05] [TEST] acc=97.82% (1259/1287)
[2025-09-12 06:45:05] ==== [ALL] RUN END (test_acc=97.82%) ====
