[2025-12-18 16:36:35] ==== [12ft] RUN START ====
[2025-12-18 16:36:35] train_h5=/data02/lpl/wav_dataset/uav/data/12ft_train.h5 | test_h5=/data02/lpl/wav_dataset/uav/data/12ft_test.h5
[2025-12-18 16:36:35] save_path=model_weight/mynet_12ft.pth
[2025-12-18 16:42:27] [THOP] FLOPs=105574192.0  Params=18570.0
[2025-12-18 16:42:54] Train Epoch 1: loss=1.302101, acc=51.67%
[2025-12-18 16:43:01] Val: loss=3.878447, acc=5.27%
[2025-12-18 16:43:01] ↓ New best val loss: inf -> 3.878447 (model saved)
[2025-12-18 16:43:01] time/epoch: 33.619s
[2025-12-18 16:43:01] ----------------------------------------------------------------------------------------------------
[2025-12-18 16:43:29] Train Epoch 2: loss=0.682608, acc=78.75%
[2025-12-18 16:43:36] Val: loss=2.486857, acc=5.68%
[2025-12-18 16:43:36] ↓ New best val loss: 3.878447 -> 2.486857 (model saved)
[2025-12-18 16:43:36] time/epoch: 35.503s
[2025-12-18 16:43:36] ----------------------------------------------------------------------------------------------------
[2025-12-18 16:44:04] Train Epoch 3: loss=0.634728, acc=82.01%
[2025-12-18 16:44:11] Val: loss=0.177751, acc=94.12%
[2025-12-18 16:44:11] ↓ New best val loss: 2.486857 -> 0.177751 (model saved)
[2025-12-18 16:44:11] time/epoch: 35.033s
[2025-12-18 16:44:11] ----------------------------------------------------------------------------------------------------
[2025-12-18 16:44:39] Train Epoch 4: loss=0.538030, acc=84.86%
[2025-12-18 16:44:46] Val: loss=0.229884, acc=94.12%
[2025-12-18 16:44:46] Val loss not improved.
[2025-12-18 16:44:46] time/epoch: 34.338s
[2025-12-18 16:44:46] ----------------------------------------------------------------------------------------------------
[2025-12-18 16:45:14] Train Epoch 5: loss=0.528572, acc=84.52%
[2025-12-18 16:45:21] Val: loss=0.207535, acc=96.35%
[2025-12-18 16:45:21] Val loss not improved.
[2025-12-18 16:45:21] time/epoch: 34.897s
[2025-12-18 16:45:21] ----------------------------------------------------------------------------------------------------
[2025-12-18 16:45:48] Train Epoch 6: loss=0.507261, acc=84.01%
[2025-12-18 16:45:55] Val: loss=0.426794, acc=94.73%
[2025-12-18 16:45:55] Val loss not improved.
[2025-12-18 16:45:55] time/epoch: 33.867s
[2025-12-18 16:45:55] ----------------------------------------------------------------------------------------------------
[2025-12-18 16:46:22] Train Epoch 7: loss=0.524270, acc=83.74%
[2025-12-18 16:46:29] Val: loss=0.812939, acc=94.93%
[2025-12-18 16:46:29] Val loss not improved.
[2025-12-18 16:46:29] time/epoch: 34.008s
[2025-12-18 16:46:29] ----------------------------------------------------------------------------------------------------
[2025-12-18 16:46:56] Train Epoch 8: loss=0.440319, acc=86.51%
[2025-12-18 16:47:03] Val: loss=1.157152, acc=73.02%
[2025-12-18 16:47:03] Val loss not improved.
[2025-12-18 16:47:03] time/epoch: 34.172s
[2025-12-18 16:47:03] ----------------------------------------------------------------------------------------------------
[2025-12-18 16:47:30] Train Epoch 9: loss=0.582939, acc=80.51%
[2025-12-18 16:47:37] Val: loss=0.057999, acc=99.39%
[2025-12-18 16:47:37] ↓ New best val loss: 0.177751 -> 0.057999 (model saved)
[2025-12-18 16:47:37] time/epoch: 34.044s
[2025-12-18 16:47:37] ----------------------------------------------------------------------------------------------------
[2025-12-18 16:48:05] Train Epoch 10: loss=0.522404, acc=82.07%
[2025-12-18 16:48:11] Val: loss=1.265281, acc=70.18%
[2025-12-18 16:48:11] Val loss not improved.
[2025-12-18 16:48:11] time/epoch: 34.574s
[2025-12-18 16:48:11] ----------------------------------------------------------------------------------------------------
[2025-12-18 16:48:39] Train Epoch 11: loss=0.493100, acc=83.49%
[2025-12-18 16:48:46] Val: loss=0.159180, acc=93.91%
[2025-12-18 16:48:46] Val loss not improved.
[2025-12-18 16:48:46] time/epoch: 34.612s
[2025-12-18 16:48:46] ----------------------------------------------------------------------------------------------------
[2025-12-18 16:49:14] Train Epoch 12: loss=0.486451, acc=83.52%
[2025-12-18 16:49:21] Val: loss=0.148289, acc=99.39%
[2025-12-18 16:49:21] Val loss not improved.
[2025-12-18 16:49:21] time/epoch: 34.623s
[2025-12-18 16:49:21] ----------------------------------------------------------------------------------------------------
[2025-12-18 16:49:49] Train Epoch 13: loss=0.481329, acc=83.45%
[2025-12-18 16:49:55] Val: loss=0.112222, acc=96.35%
[2025-12-18 16:49:55] Val loss not improved.
[2025-12-18 16:49:55] time/epoch: 34.351s
[2025-12-18 16:49:55] ----------------------------------------------------------------------------------------------------
[2025-12-18 16:50:25] Train Epoch 14: loss=0.399238, acc=88.05%
[2025-12-18 16:50:33] Val: loss=0.079177, acc=98.17%
[2025-12-18 16:50:33] Val loss not improved.
[2025-12-18 16:50:33] time/epoch: 38.294s
[2025-12-18 16:50:33] ----------------------------------------------------------------------------------------------------
[2025-12-18 16:51:19] Train Epoch 15: loss=0.477504, acc=83.93%
[2025-12-18 16:51:30] Val: loss=0.529456, acc=99.39%
[2025-12-18 16:51:30] Val loss not improved.
[2025-12-18 16:51:30] time/epoch: 57.105s
[2025-12-18 16:51:30] ----------------------------------------------------------------------------------------------------
[2025-12-18 16:52:07] Train Epoch 16: loss=0.464486, acc=83.76%
[2025-12-18 16:52:15] Val: loss=0.059699, acc=98.78%
[2025-12-18 16:52:15] Val loss not improved.
[2025-12-18 16:52:15] time/epoch: 44.241s
[2025-12-18 16:52:15] ----------------------------------------------------------------------------------------------------
[2025-12-18 16:53:04] Train Epoch 17: loss=0.518728, acc=82.63%
[2025-12-18 16:53:13] Val: loss=0.152966, acc=98.99%
[2025-12-18 16:53:13] Val loss not improved.
[2025-12-18 16:53:13] time/epoch: 58.814s
[2025-12-18 16:53:13] ----------------------------------------------------------------------------------------------------
[2025-12-18 16:53:59] Train Epoch 18: loss=0.460065, acc=84.57%
[2025-12-18 16:54:11] Val: loss=0.164402, acc=99.39%
[2025-12-18 16:54:11] Val loss not improved.
[2025-12-18 16:54:11] time/epoch: 57.145s
[2025-12-18 16:54:11] ----------------------------------------------------------------------------------------------------
[2025-12-18 16:55:01] Train Epoch 19: loss=0.501050, acc=82.66%
[2025-12-18 16:55:13] Val: loss=0.524606, acc=93.71%
[2025-12-18 16:55:13] Val loss not improved.
[2025-12-18 16:55:13] time/epoch: 62.790s
[2025-12-18 16:55:13] ----------------------------------------------------------------------------------------------------
[2025-12-18 16:56:06] Train Epoch 20: loss=0.442132, acc=85.38%
[2025-12-18 16:56:24] Val: loss=0.360453, acc=98.58%
[2025-12-18 16:56:24] Val loss not improved.
[2025-12-18 16:56:24] time/epoch: 70.986s
[2025-12-18 16:56:24] ----------------------------------------------------------------------------------------------------
[2025-12-18 16:57:10] Train Epoch 21: loss=0.476451, acc=84.01%
[2025-12-18 16:57:23] Val: loss=0.214041, acc=99.59%
[2025-12-18 16:57:23] Val loss not improved.
[2025-12-18 16:57:23] time/epoch: 58.552s
[2025-12-18 16:57:23] ----------------------------------------------------------------------------------------------------
[2025-12-18 16:58:22] Train Epoch 22: loss=0.494504, acc=82.62%
[2025-12-18 16:58:30] Val: loss=0.142891, acc=98.99%
[2025-12-18 16:58:30] Val loss not improved.
[2025-12-18 16:58:30] time/epoch: 67.440s
[2025-12-18 16:58:30] ----------------------------------------------------------------------------------------------------
[2025-12-18 16:59:17] Train Epoch 23: loss=0.395306, acc=86.67%
[2025-12-18 16:59:30] Val: loss=0.102963, acc=98.38%
[2025-12-18 16:59:30] Val loss not improved.
[2025-12-18 16:59:30] time/epoch: 59.873s
[2025-12-18 16:59:30] ----------------------------------------------------------------------------------------------------
[2025-12-18 17:00:22] Train Epoch 24: loss=0.438668, acc=85.31%
[2025-12-18 17:00:35] Val: loss=0.093112, acc=97.16%
[2025-12-18 17:00:35] Val loss not improved.
[2025-12-18 17:00:35] time/epoch: 64.479s
[2025-12-18 17:00:35] ----------------------------------------------------------------------------------------------------
[2025-12-18 17:01:28] Train Epoch 25: loss=0.397757, acc=86.09%
[2025-12-18 17:01:41] Val: loss=0.452118, acc=97.57%
[2025-12-18 17:01:41] Val loss not improved.
[2025-12-18 17:01:41] time/epoch: 66.190s
[2025-12-18 17:01:41] ----------------------------------------------------------------------------------------------------
[2025-12-18 17:02:37] Train Epoch 26: loss=0.431425, acc=85.28%
[2025-12-18 17:02:47] Val: loss=0.128668, acc=96.96%
[2025-12-18 17:02:47] Val loss not improved.
[2025-12-18 17:02:47] time/epoch: 65.757s
[2025-12-18 17:02:47] ----------------------------------------------------------------------------------------------------
[2025-12-18 17:03:14] Train Epoch 27: loss=0.464567, acc=84.07%
[2025-12-18 17:03:21] Val: loss=0.076706, acc=99.80%
[2025-12-18 17:03:21] Val loss not improved.
[2025-12-18 17:03:21] time/epoch: 34.104s
[2025-12-18 17:03:21] ----------------------------------------------------------------------------------------------------
[2025-12-18 17:03:49] Train Epoch 28: loss=0.430290, acc=86.06%
[2025-12-18 17:03:55] Val: loss=0.060619, acc=98.17%
[2025-12-18 17:03:55] Val loss not improved.
[2025-12-18 17:03:55] time/epoch: 34.237s
[2025-12-18 17:03:55] ----------------------------------------------------------------------------------------------------
[2025-12-18 17:04:23] Train Epoch 29: loss=0.433368, acc=85.05%
[2025-12-18 17:04:29] Val: loss=1.239996, acc=65.31%
[2025-12-18 17:04:29] Val loss not improved.
[2025-12-18 17:04:29] time/epoch: 34.539s
[2025-12-18 17:04:29] ----------------------------------------------------------------------------------------------------
[2025-12-18 17:04:58] Train Epoch 30: loss=0.378622, acc=87.20%
[2025-12-18 17:05:05] Val: loss=0.056975, acc=99.80%
[2025-12-18 17:05:05] ↓ New best val loss: 0.057999 -> 0.056975 (model saved)
[2025-12-18 17:05:05] time/epoch: 35.514s
[2025-12-18 17:05:05] ----------------------------------------------------------------------------------------------------
[2025-12-18 17:05:33] Train Epoch 31: loss=0.453116, acc=83.71%
[2025-12-18 17:05:40] Val: loss=0.055836, acc=98.58%
[2025-12-18 17:05:40] ↓ New best val loss: 0.056975 -> 0.055836 (model saved)
[2025-12-18 17:05:40] time/epoch: 35.152s
[2025-12-18 17:05:40] ----------------------------------------------------------------------------------------------------
[2025-12-18 17:06:08] Train Epoch 32: loss=0.412885, acc=85.32%
[2025-12-18 17:06:15] Val: loss=0.274112, acc=97.97%
[2025-12-18 17:06:15] Val loss not improved.
[2025-12-18 17:06:15] time/epoch: 35.142s
[2025-12-18 17:06:15] ----------------------------------------------------------------------------------------------------
[2025-12-18 17:06:44] Train Epoch 33: loss=0.388687, acc=86.70%
[2025-12-18 17:06:51] Val: loss=0.054265, acc=100.00%
[2025-12-18 17:06:51] ↓ New best val loss: 0.055836 -> 0.054265 (model saved)
[2025-12-18 17:06:51] time/epoch: 35.236s
[2025-12-18 17:06:51] ----------------------------------------------------------------------------------------------------
[2025-12-18 17:07:19] Train Epoch 34: loss=0.432173, acc=85.46%
[2025-12-18 17:07:26] Val: loss=0.279505, acc=97.57%
[2025-12-18 17:07:26] Val loss not improved.
[2025-12-18 17:07:26] time/epoch: 35.334s
[2025-12-18 17:07:26] ----------------------------------------------------------------------------------------------------
[2025-12-18 17:07:54] Train Epoch 35: loss=0.443231, acc=84.01%
[2025-12-18 17:08:01] Val: loss=0.123923, acc=99.39%
[2025-12-18 17:08:01] Val loss not improved.
[2025-12-18 17:08:01] time/epoch: 34.805s
[2025-12-18 17:08:01] ----------------------------------------------------------------------------------------------------
[2025-12-18 17:08:28] Train Epoch 36: loss=0.388786, acc=87.30%
[2025-12-18 17:08:35] Val: loss=0.078565, acc=98.78%
[2025-12-18 17:08:35] Val loss not improved.
[2025-12-18 17:08:35] time/epoch: 34.759s
[2025-12-18 17:08:35] ----------------------------------------------------------------------------------------------------
[2025-12-18 17:09:04] Train Epoch 37: loss=0.414257, acc=85.90%
[2025-12-18 17:09:10] Val: loss=0.051859, acc=99.19%
[2025-12-18 17:09:10] ↓ New best val loss: 0.054265 -> 0.051859 (model saved)
[2025-12-18 17:09:11] time/epoch: 35.084s
[2025-12-18 17:09:11] ----------------------------------------------------------------------------------------------------
[2025-12-18 17:09:39] Train Epoch 38: loss=0.339351, acc=89.59%
[2025-12-18 17:09:46] Val: loss=0.291369, acc=90.67%
[2025-12-18 17:09:46] Val loss not improved.
[2025-12-18 17:09:46] time/epoch: 35.419s
[2025-12-18 17:09:46] ----------------------------------------------------------------------------------------------------
[2025-12-18 17:10:13] Train Epoch 39: loss=0.407529, acc=86.50%
[2025-12-18 17:10:19] Val: loss=0.062639, acc=99.19%
[2025-12-18 17:10:19] Val loss not improved.
[2025-12-18 17:10:19] time/epoch: 33.250s
[2025-12-18 17:10:19] ----------------------------------------------------------------------------------------------------
[2025-12-18 17:10:48] Train Epoch 40: loss=0.445878, acc=84.86%
[2025-12-18 17:10:55] Val: loss=0.117617, acc=99.19%
[2025-12-18 17:10:55] Val loss not improved.
[2025-12-18 17:10:55] time/epoch: 36.293s
[2025-12-18 17:10:55] ----------------------------------------------------------------------------------------------------
[2025-12-18 17:11:23] Train Epoch 41: loss=0.427160, acc=84.78%
[2025-12-18 17:11:30] Val: loss=0.443006, acc=95.94%
[2025-12-18 17:11:30] Val loss not improved.
[2025-12-18 17:11:30] time/epoch: 34.673s
[2025-12-18 17:11:30] ----------------------------------------------------------------------------------------------------
[2025-12-18 17:12:08] Train Epoch 42: loss=0.430773, acc=84.04%
[2025-12-18 17:12:20] Val: loss=0.061116, acc=98.58%
[2025-12-18 17:12:20] Val loss not improved.
[2025-12-18 17:12:20] time/epoch: 49.796s
[2025-12-18 17:12:20] ----------------------------------------------------------------------------------------------------
[2025-12-18 17:12:56] Train Epoch 43: loss=0.413772, acc=86.30%
[2025-12-18 17:13:04] Val: loss=0.099263, acc=96.96%
[2025-12-18 17:13:04] Val loss not improved.
[2025-12-18 17:13:04] time/epoch: 44.255s
[2025-12-18 17:13:04] ----------------------------------------------------------------------------------------------------
[2025-12-18 17:13:48] Train Epoch 44: loss=0.433153, acc=83.68%
[2025-12-18 17:14:00] Val: loss=0.948608, acc=72.82%
[2025-12-18 17:14:00] Val loss not improved.
[2025-12-18 17:14:00] time/epoch: 56.032s
[2025-12-18 17:14:00] ----------------------------------------------------------------------------------------------------
[2025-12-18 17:14:40] Train Epoch 45: loss=0.432674, acc=84.77%
[2025-12-18 17:14:48] Val: loss=0.045322, acc=100.00%
[2025-12-18 17:14:48] ↓ New best val loss: 0.051859 -> 0.045322 (model saved)
[2025-12-18 17:14:48] time/epoch: 47.735s
[2025-12-18 17:14:48] ----------------------------------------------------------------------------------------------------
[2025-12-18 17:15:27] Train Epoch 46: loss=0.426730, acc=83.38%
[2025-12-18 17:15:37] Val: loss=0.082666, acc=96.35%
[2025-12-18 17:15:37] Val loss not improved.
[2025-12-18 17:15:37] time/epoch: 49.155s
[2025-12-18 17:15:37] ----------------------------------------------------------------------------------------------------
[2025-12-18 17:16:17] Train Epoch 47: loss=0.469538, acc=82.52%
[2025-12-18 17:16:29] Val: loss=0.243474, acc=98.58%
[2025-12-18 17:16:29] Val loss not improved.
[2025-12-18 17:16:29] time/epoch: 51.958s
[2025-12-18 17:16:29] ----------------------------------------------------------------------------------------------------
[2025-12-18 17:17:20] Train Epoch 48: loss=0.420624, acc=84.65%
[2025-12-18 17:17:33] Val: loss=0.818973, acc=94.52%
[2025-12-18 17:17:33] Val loss not improved.
[2025-12-18 17:17:33] time/epoch: 63.432s
[2025-12-18 17:17:33] ----------------------------------------------------------------------------------------------------
[2025-12-18 17:18:24] Train Epoch 49: loss=0.391099, acc=86.56%
[2025-12-18 17:18:33] Val: loss=0.069047, acc=99.19%
[2025-12-18 17:18:33] Val loss not improved.
[2025-12-18 17:18:33] time/epoch: 60.667s
[2025-12-18 17:18:33] ----------------------------------------------------------------------------------------------------
[2025-12-18 17:19:23] Train Epoch 50: loss=0.441595, acc=84.05%
[2025-12-18 17:19:36] Val: loss=0.087434, acc=99.59%
[2025-12-18 17:19:36] Val loss not improved.
[2025-12-18 17:19:36] time/epoch: 62.974s
[2025-12-18 17:19:36] ----------------------------------------------------------------------------------------------------
[2025-12-18 17:19:36] Avg time/epoch: 44.577s
[2025-12-18 17:19:36] total training time: 2228.860s
[2025-12-18 17:19:42] Avg infer time/batch: 0.018629s
[2025-12-18 17:19:42] [TEST] acc=96.05% (219/228)
[2025-12-18 17:19:42] ==== [12ft] RUN END (test_acc=96.05%) ====
