[2025-12-18 17:19:43] ==== [15ft] RUN START ====
[2025-12-18 17:19:43] train_h5=/data02/lpl/wav_dataset/uav/data/15ft_train.h5 | test_h5=/data02/lpl/wav_dataset/uav/data/15ft_test.h5
[2025-12-18 17:19:43] save_path=model_weight/mynet_15ft.pth
[2025-12-18 17:26:07] [THOP] FLOPs=105574192.0  Params=18570.0
[2025-12-18 17:26:59] Train Epoch 1: loss=1.370611, acc=47.34%
[2025-12-18 17:27:11] Val: loss=13.120050, acc=17.55%
[2025-12-18 17:27:11] ↓ New best val loss: inf -> 13.120050 (model saved)
[2025-12-18 17:27:11] time/epoch: 64.252s
[2025-12-18 17:27:11] ----------------------------------------------------------------------------------------------------
[2025-12-18 17:28:03] Train Epoch 2: loss=0.786950, acc=74.62%
[2025-12-18 17:28:15] Val: loss=1.814017, acc=33.58%
[2025-12-18 17:28:15] ↓ New best val loss: 13.120050 -> 1.814017 (model saved)
[2025-12-18 17:28:15] time/epoch: 63.571s
[2025-12-18 17:28:15] ----------------------------------------------------------------------------------------------------
[2025-12-18 17:29:05] Train Epoch 3: loss=0.544450, acc=84.98%
[2025-12-18 17:29:12] Val: loss=0.771316, acc=85.85%
[2025-12-18 17:29:12] ↓ New best val loss: 1.814017 -> 0.771316 (model saved)
[2025-12-18 17:29:12] time/epoch: 57.870s
[2025-12-18 17:29:12] ----------------------------------------------------------------------------------------------------
[2025-12-18 17:29:42] Train Epoch 4: loss=0.532857, acc=84.30%
[2025-12-18 17:29:49] Val: loss=0.601352, acc=78.68%
[2025-12-18 17:29:49] ↓ New best val loss: 0.771316 -> 0.601352 (model saved)
[2025-12-18 17:29:49] time/epoch: 36.611s
[2025-12-18 17:29:49] ----------------------------------------------------------------------------------------------------
[2025-12-18 17:30:21] Train Epoch 5: loss=0.541746, acc=83.83%
[2025-12-18 17:30:29] Val: loss=0.563111, acc=98.87%
[2025-12-18 17:30:29] ↓ New best val loss: 0.601352 -> 0.563111 (model saved)
[2025-12-18 17:30:29] time/epoch: 39.518s
[2025-12-18 17:30:29] ----------------------------------------------------------------------------------------------------
[2025-12-18 17:30:59] Train Epoch 6: loss=0.482737, acc=86.23%
[2025-12-18 17:31:06] Val: loss=0.894204, acc=84.15%
[2025-12-18 17:31:06] Val loss not improved.
[2025-12-18 17:31:06] time/epoch: 37.694s
[2025-12-18 17:31:06] ----------------------------------------------------------------------------------------------------
[2025-12-18 17:31:37] Train Epoch 7: loss=0.516434, acc=82.49%
[2025-12-18 17:31:44] Val: loss=0.181724, acc=95.28%
[2025-12-18 17:31:44] ↓ New best val loss: 0.563111 -> 0.181724 (model saved)
[2025-12-18 17:31:45] time/epoch: 38.201s
[2025-12-18 17:31:45] ----------------------------------------------------------------------------------------------------
[2025-12-18 17:32:30] Train Epoch 8: loss=0.571197, acc=80.77%
[2025-12-18 17:32:39] Val: loss=0.294963, acc=93.96%
[2025-12-18 17:32:39] Val loss not improved.
[2025-12-18 17:32:39] time/epoch: 54.505s
[2025-12-18 17:32:39] ----------------------------------------------------------------------------------------------------
[2025-12-18 17:33:16] Train Epoch 9: loss=0.441717, acc=86.81%
[2025-12-18 17:33:28] Val: loss=0.441462, acc=82.83%
[2025-12-18 17:33:28] Val loss not improved.
[2025-12-18 17:33:28] time/epoch: 49.188s
[2025-12-18 17:33:28] ----------------------------------------------------------------------------------------------------
[2025-12-18 17:34:16] Train Epoch 10: loss=0.524287, acc=82.49%
[2025-12-18 17:34:29] Val: loss=0.132416, acc=99.81%
[2025-12-18 17:34:29] ↓ New best val loss: 0.181724 -> 0.132416 (model saved)
[2025-12-18 17:34:29] time/epoch: 60.352s
[2025-12-18 17:34:29] ----------------------------------------------------------------------------------------------------
[2025-12-18 17:35:18] Train Epoch 11: loss=0.447844, acc=85.35%
[2025-12-18 17:35:31] Val: loss=1.510880, acc=19.25%
[2025-12-18 17:35:31] Val loss not improved.
[2025-12-18 17:35:31] time/epoch: 62.338s
[2025-12-18 17:35:31] ----------------------------------------------------------------------------------------------------
[2025-12-18 17:36:21] Train Epoch 12: loss=0.488886, acc=83.55%
[2025-12-18 17:36:33] Val: loss=0.098653, acc=99.81%
[2025-12-18 17:36:33] ↓ New best val loss: 0.132416 -> 0.098653 (model saved)
[2025-12-18 17:36:33] time/epoch: 62.311s
[2025-12-18 17:36:33] ----------------------------------------------------------------------------------------------------
[2025-12-18 17:37:24] Train Epoch 13: loss=0.479286, acc=84.21%
[2025-12-18 17:37:37] Val: loss=0.148711, acc=95.28%
[2025-12-18 17:37:37] Val loss not improved.
[2025-12-18 17:37:37] time/epoch: 63.313s
[2025-12-18 17:37:37] ----------------------------------------------------------------------------------------------------
[2025-12-18 17:38:30] Train Epoch 14: loss=0.545949, acc=81.76%
[2025-12-18 17:38:42] Val: loss=0.673456, acc=95.85%
[2025-12-18 17:38:42] Val loss not improved.
[2025-12-18 17:38:42] time/epoch: 65.278s
[2025-12-18 17:38:42] ----------------------------------------------------------------------------------------------------
[2025-12-18 17:39:33] Train Epoch 15: loss=0.508547, acc=84.03%
[2025-12-18 17:39:45] Val: loss=0.247929, acc=92.08%
[2025-12-18 17:39:45] Val loss not improved.
[2025-12-18 17:39:45] time/epoch: 63.155s
[2025-12-18 17:39:45] ----------------------------------------------------------------------------------------------------
[2025-12-18 17:40:36] Train Epoch 16: loss=0.430004, acc=86.04%
[2025-12-18 17:40:49] Val: loss=0.677700, acc=90.38%
[2025-12-18 17:40:49] Val loss not improved.
[2025-12-18 17:40:49] time/epoch: 63.591s
[2025-12-18 17:40:49] ----------------------------------------------------------------------------------------------------
[2025-12-18 17:41:39] Train Epoch 17: loss=0.416734, acc=87.27%
[2025-12-18 17:41:51] Val: loss=0.238599, acc=99.62%
[2025-12-18 17:41:51] Val loss not improved.
[2025-12-18 17:41:51] time/epoch: 62.516s
[2025-12-18 17:41:51] ----------------------------------------------------------------------------------------------------
[2025-12-18 17:42:44] Train Epoch 18: loss=0.453571, acc=85.73%
[2025-12-18 17:42:56] Val: loss=0.202274, acc=94.15%
[2025-12-18 17:42:56] Val loss not improved.
[2025-12-18 17:42:56] time/epoch: 65.098s
[2025-12-18 17:42:56] ----------------------------------------------------------------------------------------------------
[2025-12-18 17:43:47] Train Epoch 19: loss=0.504171, acc=82.96%
[2025-12-18 17:43:59] Val: loss=1.008730, acc=63.77%
[2025-12-18 17:43:59] Val loss not improved.
[2025-12-18 17:43:59] time/epoch: 63.042s
[2025-12-18 17:43:59] ----------------------------------------------------------------------------------------------------
[2025-12-18 17:44:50] Train Epoch 20: loss=0.500930, acc=83.05%
[2025-12-18 17:45:03] Val: loss=0.142242, acc=99.81%
[2025-12-18 17:45:03] Val loss not improved.
[2025-12-18 17:45:03] time/epoch: 63.680s
[2025-12-18 17:45:03] ----------------------------------------------------------------------------------------------------
[2025-12-18 17:45:54] Train Epoch 21: loss=0.449933, acc=84.91%
[2025-12-18 17:46:06] Val: loss=0.137028, acc=96.60%
[2025-12-18 17:46:06] Val loss not improved.
[2025-12-18 17:46:06] time/epoch: 63.507s
[2025-12-18 17:46:06] ----------------------------------------------------------------------------------------------------
[2025-12-18 17:46:57] Train Epoch 22: loss=0.423411, acc=85.60%
[2025-12-18 17:47:09] Val: loss=0.284672, acc=99.06%
[2025-12-18 17:47:09] Val loss not improved.
[2025-12-18 17:47:09] time/epoch: 62.956s
[2025-12-18 17:47:09] ----------------------------------------------------------------------------------------------------
[2025-12-18 17:48:00] Train Epoch 23: loss=0.453601, acc=86.05%
[2025-12-18 17:48:13] Val: loss=0.643932, acc=74.72%
[2025-12-18 17:48:13] Val loss not improved.
[2025-12-18 17:48:13] time/epoch: 63.692s
[2025-12-18 17:48:13] ----------------------------------------------------------------------------------------------------
[2025-12-18 17:49:04] Train Epoch 24: loss=0.430602, acc=84.98%
[2025-12-18 17:49:16] Val: loss=1.129031, acc=81.13%
[2025-12-18 17:49:16] Val loss not improved.
[2025-12-18 17:49:16] time/epoch: 62.941s
[2025-12-18 17:49:16] ----------------------------------------------------------------------------------------------------
[2025-12-18 17:50:06] Train Epoch 25: loss=0.449014, acc=85.15%
[2025-12-18 17:50:19] Val: loss=0.225800, acc=95.85%
[2025-12-18 17:50:19] Val loss not improved.
[2025-12-18 17:50:19] time/epoch: 62.596s
[2025-12-18 17:50:19] ----------------------------------------------------------------------------------------------------
[2025-12-18 17:51:09] Train Epoch 26: loss=0.410305, acc=86.52%
[2025-12-18 17:51:17] Val: loss=0.495439, acc=95.47%
[2025-12-18 17:51:17] Val loss not improved.
[2025-12-18 17:51:17] time/epoch: 58.624s
[2025-12-18 17:51:17] ----------------------------------------------------------------------------------------------------
[2025-12-18 17:51:49] Train Epoch 27: loss=0.425888, acc=86.61%
[2025-12-18 17:51:56] Val: loss=0.725158, acc=74.91%
[2025-12-18 17:51:56] Val loss not improved.
[2025-12-18 17:51:56] time/epoch: 38.974s
[2025-12-18 17:51:56] ----------------------------------------------------------------------------------------------------
[2025-12-18 17:52:42] Train Epoch 28: loss=0.358950, acc=89.48%
[2025-12-18 17:52:53] Val: loss=0.151861, acc=95.66%
[2025-12-18 17:52:53] Val loss not improved.
[2025-12-18 17:52:53] time/epoch: 56.393s
[2025-12-18 17:52:53] ----------------------------------------------------------------------------------------------------
[2025-12-18 17:53:29] Train Epoch 29: loss=0.414670, acc=86.54%
[2025-12-18 17:53:40] Val: loss=0.102797, acc=99.06%
[2025-12-18 17:53:40] Val loss not improved.
[2025-12-18 17:53:40] time/epoch: 47.020s
[2025-12-18 17:53:40] ----------------------------------------------------------------------------------------------------
[2025-12-18 17:54:26] Train Epoch 30: loss=0.437452, acc=85.24%
[2025-12-18 17:54:39] Val: loss=0.184773, acc=96.98%
[2025-12-18 17:54:39] Val loss not improved.
[2025-12-18 17:54:39] time/epoch: 59.585s
[2025-12-18 17:54:39] ----------------------------------------------------------------------------------------------------
[2025-12-18 17:55:30] Train Epoch 31: loss=0.464331, acc=83.01%
[2025-12-18 17:55:43] Val: loss=0.067413, acc=97.92%
[2025-12-18 17:55:43] ↓ New best val loss: 0.098653 -> 0.067413 (model saved)
[2025-12-18 17:55:43] time/epoch: 63.448s
[2025-12-18 17:55:43] ----------------------------------------------------------------------------------------------------
[2025-12-18 17:56:35] Train Epoch 32: loss=0.457299, acc=83.47%
[2025-12-18 17:56:47] Val: loss=0.331234, acc=99.25%
[2025-12-18 17:56:47] Val loss not improved.
[2025-12-18 17:56:47] time/epoch: 64.678s
[2025-12-18 17:56:47] ----------------------------------------------------------------------------------------------------
[2025-12-18 17:57:43] Train Epoch 33: loss=0.407370, acc=86.58%
[2025-12-18 17:57:53] Val: loss=0.233368, acc=93.77%
[2025-12-18 17:57:53] Val loss not improved.
[2025-12-18 17:57:53] time/epoch: 65.847s
[2025-12-18 17:57:53] ----------------------------------------------------------------------------------------------------
[2025-12-18 17:58:44] Train Epoch 34: loss=0.400263, acc=85.71%
[2025-12-18 17:58:56] Val: loss=0.241942, acc=93.58%
[2025-12-18 17:58:56] Val loss not improved.
[2025-12-18 17:58:56] time/epoch: 63.249s
[2025-12-18 17:58:56] ----------------------------------------------------------------------------------------------------
[2025-12-18 17:59:52] Train Epoch 35: loss=0.416202, acc=85.99%
[2025-12-18 18:00:02] Val: loss=1.948741, acc=46.79%
[2025-12-18 18:00:02] Val loss not improved.
[2025-12-18 18:00:02] time/epoch: 65.757s
[2025-12-18 18:00:02] ----------------------------------------------------------------------------------------------------
[2025-12-18 18:00:53] Train Epoch 36: loss=0.375619, acc=88.62%
[2025-12-18 18:01:05] Val: loss=0.109713, acc=96.98%
[2025-12-18 18:01:05] Val loss not improved.
[2025-12-18 18:01:05] time/epoch: 62.982s
[2025-12-18 18:01:05] ----------------------------------------------------------------------------------------------------
[2025-12-18 18:01:57] Train Epoch 37: loss=0.422489, acc=85.98%
[2025-12-18 18:02:11] Val: loss=0.139772, acc=95.66%
[2025-12-18 18:02:11] Val loss not improved.
[2025-12-18 18:02:11] time/epoch: 65.728s
[2025-12-18 18:02:11] ----------------------------------------------------------------------------------------------------
[2025-12-18 18:03:02] Train Epoch 38: loss=0.418292, acc=85.53%
[2025-12-18 18:03:14] Val: loss=0.366170, acc=99.06%
[2025-12-18 18:03:14] Val loss not improved.
[2025-12-18 18:03:14] time/epoch: 63.510s
[2025-12-18 18:03:14] ----------------------------------------------------------------------------------------------------
[2025-12-18 18:04:06] Train Epoch 39: loss=0.359700, acc=87.48%
[2025-12-18 18:04:22] Val: loss=0.142390, acc=99.43%
[2025-12-18 18:04:22] Val loss not improved.
[2025-12-18 18:04:22] time/epoch: 67.560s
[2025-12-18 18:04:22] ----------------------------------------------------------------------------------------------------
[2025-12-18 18:04:53] Train Epoch 40: loss=0.416257, acc=86.27%
[2025-12-18 18:05:01] Val: loss=0.096634, acc=96.98%
[2025-12-18 18:05:01] Val loss not improved.
[2025-12-18 18:05:01] time/epoch: 39.011s
[2025-12-18 18:05:01] ----------------------------------------------------------------------------------------------------
[2025-12-18 18:05:32] Train Epoch 41: loss=0.392382, acc=86.57%
[2025-12-18 18:05:40] Val: loss=0.183963, acc=99.62%
[2025-12-18 18:05:40] Val loss not improved.
[2025-12-18 18:05:40] time/epoch: 38.948s
[2025-12-18 18:05:40] ----------------------------------------------------------------------------------------------------
[2025-12-18 18:06:15] Train Epoch 42: loss=0.453372, acc=84.66%
[2025-12-18 18:06:27] Val: loss=0.430764, acc=89.62%
[2025-12-18 18:06:27] Val loss not improved.
[2025-12-18 18:06:27] time/epoch: 46.710s
[2025-12-18 18:06:27] ----------------------------------------------------------------------------------------------------
[2025-12-18 18:07:09] Train Epoch 43: loss=0.436423, acc=85.44%
[2025-12-18 18:07:18] Val: loss=0.138779, acc=95.28%
[2025-12-18 18:07:18] Val loss not improved.
[2025-12-18 18:07:18] time/epoch: 50.924s
[2025-12-18 18:07:18] ----------------------------------------------------------------------------------------------------
[2025-12-18 18:08:01] Train Epoch 44: loss=0.435284, acc=84.51%
[2025-12-18 18:08:13] Val: loss=9.138654, acc=3.21%
[2025-12-18 18:08:13] Val loss not improved.
[2025-12-18 18:08:13] time/epoch: 55.498s
[2025-12-18 18:08:13] ----------------------------------------------------------------------------------------------------
[2025-12-18 18:09:06] Train Epoch 45: loss=0.425091, acc=85.26%
[2025-12-18 18:09:17] Val: loss=0.526245, acc=95.85%
[2025-12-18 18:09:17] Val loss not improved.
[2025-12-18 18:09:17] time/epoch: 63.489s
[2025-12-18 18:09:17] ----------------------------------------------------------------------------------------------------
[2025-12-18 18:10:07] Train Epoch 46: loss=0.472083, acc=83.44%
[2025-12-18 18:10:19] Val: loss=0.390861, acc=89.43%
[2025-12-18 18:10:19] Val loss not improved.
[2025-12-18 18:10:19] time/epoch: 62.631s
[2025-12-18 18:10:19] ----------------------------------------------------------------------------------------------------
[2025-12-18 18:11:10] Train Epoch 47: loss=0.399438, acc=85.85%
[2025-12-18 18:11:22] Val: loss=0.415702, acc=94.34%
[2025-12-18 18:11:22] Val loss not improved.
[2025-12-18 18:11:22] time/epoch: 62.896s
[2025-12-18 18:11:22] ----------------------------------------------------------------------------------------------------
[2025-12-18 18:12:15] Train Epoch 48: loss=0.455994, acc=83.08%
[2025-12-18 18:12:27] Val: loss=0.097198, acc=96.79%
[2025-12-18 18:12:27] Val loss not improved.
[2025-12-18 18:12:27] time/epoch: 65.259s
[2025-12-18 18:12:27] ----------------------------------------------------------------------------------------------------
[2025-12-18 18:13:18] Train Epoch 49: loss=0.451893, acc=82.63%
[2025-12-18 18:13:30] Val: loss=0.118527, acc=96.60%
[2025-12-18 18:13:30] Val loss not improved.
[2025-12-18 18:13:30] time/epoch: 63.087s
[2025-12-18 18:13:30] ----------------------------------------------------------------------------------------------------
[2025-12-18 18:14:22] Train Epoch 50: loss=0.437063, acc=84.41%
[2025-12-18 18:14:34] Val: loss=0.097173, acc=98.49%
[2025-12-18 18:14:34] Val loss not improved.
[2025-12-18 18:14:34] time/epoch: 64.004s
[2025-12-18 18:14:34] ----------------------------------------------------------------------------------------------------
[2025-12-18 18:14:34] Avg time/epoch: 58.152s
[2025-12-18 18:14:34] total training time: 2907.591s
[2025-12-18 18:14:40] Avg infer time/batch: 0.010864s
[2025-12-18 18:14:40] [TEST] acc=97.08% (233/240)
[2025-12-18 18:14:40] ==== [15ft] RUN END (test_acc=97.08%) ====
