[2025-12-18 14:09:57] ==== [6ft] RUN START ====
[2025-12-18 14:09:57] train_h5=/data02/lpl/wav_dataset/uav/data/6ft_train.h5 | test_h5=/data02/lpl/wav_dataset/uav/data/6ft_test.h5
[2025-12-18 14:09:57] save_path=model_weight/mynet_6ft.pth
[2025-12-18 14:17:03] [THOP] FLOPs=105574192.0  Params=18570.0
[2025-12-18 14:18:03] Train Epoch 1: loss=1.919811, acc=19.73%
[2025-12-18 14:18:18] Val: loss=2.056811, acc=14.45%
[2025-12-18 14:18:18] ↓ New best val loss: inf -> 2.056811 (model saved)
[2025-12-18 14:18:18] time/epoch: 74.959s
[2025-12-18 14:18:18] ----------------------------------------------------------------------------------------------------
[2025-12-18 14:19:19] Train Epoch 2: loss=1.108900, acc=62.35%
[2025-12-18 14:19:34] Val: loss=1.970637, acc=35.14%
[2025-12-18 14:19:34] ↓ New best val loss: 2.056811 -> 1.970637 (model saved)
[2025-12-18 14:19:34] time/epoch: 75.872s
[2025-12-18 14:19:34] ----------------------------------------------------------------------------------------------------
[2025-12-18 14:20:34] Train Epoch 3: loss=0.818665, acc=74.30%
[2025-12-18 14:20:49] Val: loss=1.287653, acc=57.47%
[2025-12-18 14:20:49] ↓ New best val loss: 1.970637 -> 1.287653 (model saved)
[2025-12-18 14:20:49] time/epoch: 74.951s
[2025-12-18 14:20:49] ----------------------------------------------------------------------------------------------------
[2025-12-18 14:21:50] Train Epoch 4: loss=0.643446, acc=82.19%
[2025-12-18 14:22:04] Val: loss=1.314056, acc=68.31%
[2025-12-18 14:22:04] Val loss not improved.
[2025-12-18 14:22:04] time/epoch: 75.526s
[2025-12-18 14:22:04] ----------------------------------------------------------------------------------------------------
[2025-12-18 14:23:06] Train Epoch 5: loss=0.593079, acc=82.72%
[2025-12-18 14:23:20] Val: loss=0.282526, acc=94.91%
[2025-12-18 14:23:20] ↓ New best val loss: 1.287653 -> 0.282526 (model saved)
[2025-12-18 14:23:20] time/epoch: 75.620s
[2025-12-18 14:23:20] ----------------------------------------------------------------------------------------------------
[2025-12-18 14:24:20] Train Epoch 6: loss=0.594683, acc=82.54%
[2025-12-18 14:24:34] Val: loss=0.591807, acc=93.10%
[2025-12-18 14:24:34] Val loss not improved.
[2025-12-18 14:24:34] time/epoch: 74.360s
[2025-12-18 14:24:34] ----------------------------------------------------------------------------------------------------
[2025-12-18 14:25:34] Train Epoch 7: loss=0.545483, acc=84.24%
[2025-12-18 14:25:49] Val: loss=0.162351, acc=97.70%
[2025-12-18 14:25:49] ↓ New best val loss: 0.282526 -> 0.162351 (model saved)
[2025-12-18 14:25:49] time/epoch: 74.245s
[2025-12-18 14:25:49] ----------------------------------------------------------------------------------------------------
[2025-12-18 14:26:50] Train Epoch 8: loss=0.523723, acc=84.53%
[2025-12-18 14:27:05] Val: loss=0.121079, acc=96.39%
[2025-12-18 14:27:05] ↓ New best val loss: 0.162351 -> 0.121079 (model saved)
[2025-12-18 14:27:05] time/epoch: 76.238s
[2025-12-18 14:27:05] ----------------------------------------------------------------------------------------------------
[2025-12-18 14:28:06] Train Epoch 9: loss=0.569696, acc=82.96%
[2025-12-18 14:28:20] Val: loss=2.700247, acc=41.87%
[2025-12-18 14:28:20] Val loss not improved.
[2025-12-18 14:28:20] time/epoch: 75.089s
[2025-12-18 14:28:20] ----------------------------------------------------------------------------------------------------
[2025-12-18 14:29:22] Train Epoch 10: loss=0.498599, acc=85.04%
[2025-12-18 14:29:36] Val: loss=0.203546, acc=94.09%
[2025-12-18 14:29:36] Val loss not improved.
[2025-12-18 14:29:36] time/epoch: 76.331s
[2025-12-18 14:29:36] ----------------------------------------------------------------------------------------------------
[2025-12-18 14:30:37] Train Epoch 11: loss=0.480645, acc=85.79%
[2025-12-18 14:30:51] Val: loss=0.274313, acc=91.95%
[2025-12-18 14:30:51] Val loss not improved.
[2025-12-18 14:30:51] time/epoch: 75.113s
[2025-12-18 14:30:51] ----------------------------------------------------------------------------------------------------
[2025-12-18 14:31:52] Train Epoch 12: loss=0.473160, acc=85.32%
[2025-12-18 14:32:06] Val: loss=0.195851, acc=93.43%
[2025-12-18 14:32:06] Val loss not improved.
[2025-12-18 14:32:06] time/epoch: 74.860s
[2025-12-18 14:32:06] ----------------------------------------------------------------------------------------------------
[2025-12-18 14:33:06] Train Epoch 13: loss=0.567168, acc=81.09%
[2025-12-18 14:33:21] Val: loss=1.277267, acc=65.68%
[2025-12-18 14:33:21] Val loss not improved.
[2025-12-18 14:33:21] time/epoch: 74.462s
[2025-12-18 14:33:21] ----------------------------------------------------------------------------------------------------
[2025-12-18 14:34:21] Train Epoch 14: loss=0.512225, acc=82.88%
[2025-12-18 14:34:35] Val: loss=0.213303, acc=94.25%
[2025-12-18 14:34:35] Val loss not improved.
[2025-12-18 14:34:35] time/epoch: 74.387s
[2025-12-18 14:34:35] ----------------------------------------------------------------------------------------------------
[2025-12-18 14:35:37] Train Epoch 15: loss=0.497613, acc=83.71%
[2025-12-18 14:35:51] Val: loss=0.141384, acc=95.57%
[2025-12-18 14:35:51] Val loss not improved.
[2025-12-18 14:35:51] time/epoch: 76.044s
[2025-12-18 14:35:51] ----------------------------------------------------------------------------------------------------
[2025-12-18 14:36:54] Train Epoch 16: loss=0.512310, acc=83.33%
[2025-12-18 14:37:08] Val: loss=0.202658, acc=98.36%
[2025-12-18 14:37:08] Val loss not improved.
[2025-12-18 14:37:08] time/epoch: 77.149s
[2025-12-18 14:37:08] ----------------------------------------------------------------------------------------------------
[2025-12-18 14:38:09] Train Epoch 17: loss=0.526671, acc=81.98%
[2025-12-18 14:38:24] Val: loss=0.320263, acc=91.13%
[2025-12-18 14:38:24] Val loss not improved.
[2025-12-18 14:38:24] time/epoch: 75.189s
[2025-12-18 14:38:24] ----------------------------------------------------------------------------------------------------
[2025-12-18 14:39:25] Train Epoch 18: loss=0.448279, acc=86.21%
[2025-12-18 14:39:40] Val: loss=0.233969, acc=98.85%
[2025-12-18 14:39:40] Val loss not improved.
[2025-12-18 14:39:40] time/epoch: 76.188s
[2025-12-18 14:39:40] ----------------------------------------------------------------------------------------------------
[2025-12-18 14:40:40] Train Epoch 19: loss=0.445458, acc=85.77%
[2025-12-18 14:40:55] Val: loss=0.113147, acc=98.85%
[2025-12-18 14:40:55] ↓ New best val loss: 0.121079 -> 0.113147 (model saved)
[2025-12-18 14:40:55] time/epoch: 75.313s
[2025-12-18 14:40:55] ----------------------------------------------------------------------------------------------------
[2025-12-18 14:41:56] Train Epoch 20: loss=0.464401, acc=83.76%
[2025-12-18 14:42:10] Val: loss=0.124076, acc=97.37%
[2025-12-18 14:42:10] Val loss not improved.
[2025-12-18 14:42:10] time/epoch: 75.366s
[2025-12-18 14:42:10] ----------------------------------------------------------------------------------------------------
[2025-12-18 14:43:11] Train Epoch 21: loss=0.452642, acc=86.07%
[2025-12-18 14:43:26] Val: loss=0.134459, acc=97.21%
[2025-12-18 14:43:26] Val loss not improved.
[2025-12-18 14:43:26] time/epoch: 75.196s
[2025-12-18 14:43:26] ----------------------------------------------------------------------------------------------------
[2025-12-18 14:44:26] Train Epoch 22: loss=0.530604, acc=83.57%
[2025-12-18 14:44:40] Val: loss=1.201651, acc=35.80%
[2025-12-18 14:44:40] Val loss not improved.
[2025-12-18 14:44:40] time/epoch: 74.589s
[2025-12-18 14:44:40] ----------------------------------------------------------------------------------------------------
[2025-12-18 14:45:40] Train Epoch 23: loss=0.487938, acc=83.45%
[2025-12-18 14:45:55] Val: loss=1.219782, acc=52.71%
[2025-12-18 14:45:55] Val loss not improved.
[2025-12-18 14:45:55] time/epoch: 74.357s
[2025-12-18 14:45:55] ----------------------------------------------------------------------------------------------------
[2025-12-18 14:46:56] Train Epoch 24: loss=0.479989, acc=84.15%
[2025-12-18 14:47:11] Val: loss=0.099658, acc=98.69%
[2025-12-18 14:47:11] ↓ New best val loss: 0.113147 -> 0.099658 (model saved)
[2025-12-18 14:47:11] time/epoch: 76.146s
[2025-12-18 14:47:11] ----------------------------------------------------------------------------------------------------
[2025-12-18 14:48:10] Train Epoch 25: loss=0.503799, acc=83.68%
[2025-12-18 14:48:25] Val: loss=0.154922, acc=96.72%
[2025-12-18 14:48:25] Val loss not improved.
[2025-12-18 14:48:25] time/epoch: 74.280s
[2025-12-18 14:48:25] ----------------------------------------------------------------------------------------------------
[2025-12-18 14:49:11] Train Epoch 26: loss=0.511823, acc=82.75%
[2025-12-18 14:49:23] Val: loss=0.152448, acc=98.03%
[2025-12-18 14:49:23] Val loss not improved.
[2025-12-18 14:49:23] time/epoch: 58.339s
[2025-12-18 14:49:23] ----------------------------------------------------------------------------------------------------
[2025-12-18 14:50:24] Train Epoch 27: loss=0.488186, acc=84.38%
[2025-12-18 14:50:39] Val: loss=0.075577, acc=98.36%
[2025-12-18 14:50:39] ↓ New best val loss: 0.099658 -> 0.075577 (model saved)
[2025-12-18 14:50:39] time/epoch: 75.408s
[2025-12-18 14:50:39] ----------------------------------------------------------------------------------------------------
[2025-12-18 14:51:40] Train Epoch 28: loss=0.497350, acc=82.21%
[2025-12-18 14:51:55] Val: loss=0.123653, acc=97.87%
[2025-12-18 14:51:55] Val loss not improved.
[2025-12-18 14:51:55] time/epoch: 76.301s
[2025-12-18 14:51:55] ----------------------------------------------------------------------------------------------------
[2025-12-18 14:52:53] Train Epoch 29: loss=0.437250, acc=86.41%
[2025-12-18 14:53:08] Val: loss=0.234377, acc=91.30%
[2025-12-18 14:53:08] Val loss not improved.
[2025-12-18 14:53:08] time/epoch: 72.911s
[2025-12-18 14:53:08] ----------------------------------------------------------------------------------------------------
[2025-12-18 14:54:08] Train Epoch 30: loss=0.461186, acc=85.43%
[2025-12-18 14:54:22] Val: loss=1.523410, acc=26.11%
[2025-12-18 14:54:22] Val loss not improved.
[2025-12-18 14:54:22] time/epoch: 74.127s
[2025-12-18 14:54:22] ----------------------------------------------------------------------------------------------------
[2025-12-18 14:55:23] Train Epoch 31: loss=0.495310, acc=82.74%
[2025-12-18 14:55:38] Val: loss=0.401089, acc=98.69%
[2025-12-18 14:55:38] Val loss not improved.
[2025-12-18 14:55:38] time/epoch: 75.667s
[2025-12-18 14:55:38] ----------------------------------------------------------------------------------------------------
[2025-12-18 14:56:37] Train Epoch 32: loss=0.418166, acc=86.54%
[2025-12-18 14:56:52] Val: loss=0.137013, acc=99.34%
[2025-12-18 14:56:52] Val loss not improved.
[2025-12-18 14:56:52] time/epoch: 74.039s
[2025-12-18 14:56:52] ----------------------------------------------------------------------------------------------------
[2025-12-18 14:57:52] Train Epoch 33: loss=0.462574, acc=84.52%
[2025-12-18 14:58:06] Val: loss=0.098267, acc=98.85%
[2025-12-18 14:58:06] Val loss not improved.
[2025-12-18 14:58:06] time/epoch: 74.331s
[2025-12-18 14:58:06] ----------------------------------------------------------------------------------------------------
[2025-12-18 14:59:06] Train Epoch 34: loss=0.510782, acc=82.11%
[2025-12-18 14:59:21] Val: loss=0.378031, acc=98.69%
[2025-12-18 14:59:21] Val loss not improved.
[2025-12-18 14:59:21] time/epoch: 74.488s
[2025-12-18 14:59:21] ----------------------------------------------------------------------------------------------------
[2025-12-18 15:00:21] Train Epoch 35: loss=0.482321, acc=83.65%
[2025-12-18 15:00:35] Val: loss=1.344674, acc=33.66%
[2025-12-18 15:00:35] Val loss not improved.
[2025-12-18 15:00:35] time/epoch: 74.786s
[2025-12-18 15:00:35] ----------------------------------------------------------------------------------------------------
[2025-12-18 15:01:35] Train Epoch 36: loss=0.506616, acc=83.21%
[2025-12-18 15:01:50] Val: loss=0.091885, acc=98.69%
[2025-12-18 15:01:50] Val loss not improved.
[2025-12-18 15:01:50] time/epoch: 74.575s
[2025-12-18 15:01:50] ----------------------------------------------------------------------------------------------------
[2025-12-18 15:02:50] Train Epoch 37: loss=0.424460, acc=85.57%
[2025-12-18 15:03:04] Val: loss=0.235969, acc=92.94%
[2025-12-18 15:03:04] Val loss not improved.
[2025-12-18 15:03:04] time/epoch: 74.265s
[2025-12-18 15:03:04] ----------------------------------------------------------------------------------------------------
[2025-12-18 15:04:05] Train Epoch 38: loss=0.480938, acc=83.37%
[2025-12-18 15:04:19] Val: loss=0.724998, acc=85.39%
[2025-12-18 15:04:19] Val loss not improved.
[2025-12-18 15:04:19] time/epoch: 74.414s
[2025-12-18 15:04:19] ----------------------------------------------------------------------------------------------------
[2025-12-18 15:05:21] Train Epoch 39: loss=0.494926, acc=83.19%
[2025-12-18 15:05:35] Val: loss=0.170734, acc=99.01%
[2025-12-18 15:05:35] Val loss not improved.
[2025-12-18 15:05:35] time/epoch: 76.868s
[2025-12-18 15:05:35] ----------------------------------------------------------------------------------------------------
[2025-12-18 15:06:36] Train Epoch 40: loss=0.457201, acc=84.83%
[2025-12-18 15:06:50] Val: loss=0.071753, acc=98.69%
[2025-12-18 15:06:50] ↓ New best val loss: 0.075577 -> 0.071753 (model saved)
[2025-12-18 15:06:50] time/epoch: 74.987s
[2025-12-18 15:06:50] ----------------------------------------------------------------------------------------------------
[2025-12-18 15:07:50] Train Epoch 41: loss=0.438764, acc=84.01%
[2025-12-18 15:08:05] Val: loss=0.189133, acc=95.24%
[2025-12-18 15:08:05] Val loss not improved.
[2025-12-18 15:08:05] time/epoch: 74.578s
[2025-12-18 15:08:05] ----------------------------------------------------------------------------------------------------
[2025-12-18 15:09:06] Train Epoch 42: loss=0.471655, acc=83.52%
[2025-12-18 15:09:20] Val: loss=0.108184, acc=97.70%
[2025-12-18 15:09:20] Val loss not improved.
[2025-12-18 15:09:20] time/epoch: 75.196s
[2025-12-18 15:09:20] ----------------------------------------------------------------------------------------------------
[2025-12-18 15:10:22] Train Epoch 43: loss=0.461105, acc=84.14%
[2025-12-18 15:10:36] Val: loss=1.136190, acc=63.05%
[2025-12-18 15:10:36] Val loss not improved.
[2025-12-18 15:10:36] time/epoch: 75.989s
[2025-12-18 15:10:36] ----------------------------------------------------------------------------------------------------
[2025-12-18 15:11:37] Train Epoch 44: loss=0.466107, acc=82.71%
[2025-12-18 15:11:52] Val: loss=0.103053, acc=99.01%
[2025-12-18 15:11:52] Val loss not improved.
[2025-12-18 15:11:52] time/epoch: 75.433s
[2025-12-18 15:11:52] ----------------------------------------------------------------------------------------------------
[2025-12-18 15:12:52] Train Epoch 45: loss=0.464863, acc=84.84%
[2025-12-18 15:13:06] Val: loss=0.647613, acc=89.00%
[2025-12-18 15:13:06] Val loss not improved.
[2025-12-18 15:13:06] time/epoch: 74.560s
[2025-12-18 15:13:06] ----------------------------------------------------------------------------------------------------
[2025-12-18 15:14:06] Train Epoch 46: loss=0.486941, acc=82.80%
[2025-12-18 15:14:20] Val: loss=0.106451, acc=98.69%
[2025-12-18 15:14:20] Val loss not improved.
[2025-12-18 15:14:20] time/epoch: 74.188s
[2025-12-18 15:14:20] ----------------------------------------------------------------------------------------------------
[2025-12-18 15:15:22] Train Epoch 47: loss=0.453525, acc=84.37%
[2025-12-18 15:15:36] Val: loss=0.355502, acc=98.03%
[2025-12-18 15:15:36] Val loss not improved.
[2025-12-18 15:15:36] time/epoch: 76.068s
[2025-12-18 15:15:36] ----------------------------------------------------------------------------------------------------
[2025-12-18 15:16:37] Train Epoch 48: loss=0.503583, acc=81.59%
[2025-12-18 15:16:51] Val: loss=0.257398, acc=98.36%
[2025-12-18 15:16:51] Val loss not improved.
[2025-12-18 15:16:51] time/epoch: 74.402s
[2025-12-18 15:16:51] ----------------------------------------------------------------------------------------------------
[2025-12-18 15:17:52] Train Epoch 49: loss=0.483375, acc=83.03%
[2025-12-18 15:18:06] Val: loss=0.682097, acc=92.78%
[2025-12-18 15:18:06] Val loss not improved.
[2025-12-18 15:18:06] time/epoch: 75.022s
[2025-12-18 15:18:06] ----------------------------------------------------------------------------------------------------
[2025-12-18 15:19:06] Train Epoch 50: loss=0.477285, acc=82.80%
[2025-12-18 15:19:21] Val: loss=0.218501, acc=93.60%
[2025-12-18 15:19:21] Val loss not improved.
[2025-12-18 15:19:21] time/epoch: 75.468s
[2025-12-18 15:19:21] ----------------------------------------------------------------------------------------------------
[2025-12-18 15:19:21] Avg time/epoch: 74.765s
[2025-12-18 15:19:21] total training time: 3738.243s
[2025-12-18 15:19:28] Avg infer time/batch: 0.018857s
[2025-12-18 15:19:28] [TEST] acc=96.07% (269/280)
[2025-12-18 15:19:28] ==== [6ft] RUN END (test_acc=96.07%) ====
