[2025-12-18 15:19:29] ==== [9ft] RUN START ====
[2025-12-18 15:19:29] train_h5=/data02/lpl/wav_dataset/uav/data/9ft_train.h5 | test_h5=/data02/lpl/wav_dataset/uav/data/9ft_test.h5
[2025-12-18 15:19:29] save_path=model_weight/mynet_9ft.pth
[2025-12-18 15:27:27] [THOP] FLOPs=105574192.0  Params=18570.0
[2025-12-18 15:28:32] Train Epoch 1: loss=1.705410, acc=30.44%
[2025-12-18 15:28:48] Val: loss=2.431455, acc=15.30%
[2025-12-18 15:28:48] ↓ New best val loss: inf -> 2.431455 (model saved)
[2025-12-18 15:28:48] time/epoch: 81.740s
[2025-12-18 15:28:48] ----------------------------------------------------------------------------------------------------
[2025-12-18 15:29:56] Train Epoch 2: loss=0.801760, acc=76.15%
[2025-12-18 15:30:12] Val: loss=2.175022, acc=32.84%
[2025-12-18 15:30:12] ↓ New best val loss: 2.431455 -> 2.175022 (model saved)
[2025-12-18 15:30:12] time/epoch: 83.389s
[2025-12-18 15:30:12] ----------------------------------------------------------------------------------------------------
[2025-12-18 15:31:20] Train Epoch 3: loss=0.630854, acc=82.51%
[2025-12-18 15:31:36] Val: loss=1.741440, acc=21.99%
[2025-12-18 15:31:36] ↓ New best val loss: 2.175022 -> 1.741440 (model saved)
[2025-12-18 15:31:36] time/epoch: 84.776s
[2025-12-18 15:31:36] ----------------------------------------------------------------------------------------------------
[2025-12-18 15:32:43] Train Epoch 4: loss=0.539610, acc=84.21%
[2025-12-18 15:32:58] Val: loss=0.373667, acc=98.81%
[2025-12-18 15:32:58] ↓ New best val loss: 1.741440 -> 0.373667 (model saved)
[2025-12-18 15:32:58] time/epoch: 81.937s
[2025-12-18 15:32:58] ----------------------------------------------------------------------------------------------------
[2025-12-18 15:34:05] Train Epoch 5: loss=0.543453, acc=83.58%
[2025-12-18 15:34:21] Val: loss=0.411925, acc=93.46%
[2025-12-18 15:34:21] Val loss not improved.
[2025-12-18 15:34:21] time/epoch: 82.920s
[2025-12-18 15:34:21] ----------------------------------------------------------------------------------------------------
[2025-12-18 15:35:28] Train Epoch 6: loss=0.504996, acc=83.76%
[2025-12-18 15:35:45] Val: loss=1.480174, acc=26.89%
[2025-12-18 15:35:45] Val loss not improved.
[2025-12-18 15:35:45] time/epoch: 83.588s
[2025-12-18 15:35:45] ----------------------------------------------------------------------------------------------------
[2025-12-18 15:36:53] Train Epoch 7: loss=0.460869, acc=86.07%
[2025-12-18 15:37:09] Val: loss=0.379553, acc=89.75%
[2025-12-18 15:37:09] Val loss not improved.
[2025-12-18 15:37:09] time/epoch: 83.955s
[2025-12-18 15:37:09] ----------------------------------------------------------------------------------------------------
[2025-12-18 15:38:14] Train Epoch 8: loss=0.474805, acc=84.96%
[2025-12-18 15:38:30] Val: loss=0.185053, acc=94.65%
[2025-12-18 15:38:30] ↓ New best val loss: 0.373667 -> 0.185053 (model saved)
[2025-12-18 15:38:30] time/epoch: 81.634s
[2025-12-18 15:38:30] ----------------------------------------------------------------------------------------------------
[2025-12-18 15:39:37] Train Epoch 9: loss=0.476988, acc=85.73%
[2025-12-18 15:39:53] Val: loss=0.330628, acc=99.70%
[2025-12-18 15:39:53] Val loss not improved.
[2025-12-18 15:39:53] time/epoch: 82.236s
[2025-12-18 15:39:53] ----------------------------------------------------------------------------------------------------
[2025-12-18 15:41:00] Train Epoch 10: loss=0.515451, acc=82.80%
[2025-12-18 15:41:17] Val: loss=0.244649, acc=97.33%
[2025-12-18 15:41:17] Val loss not improved.
[2025-12-18 15:41:17] time/epoch: 83.904s
[2025-12-18 15:41:17] ----------------------------------------------------------------------------------------------------
[2025-12-18 15:42:23] Train Epoch 11: loss=0.482642, acc=84.87%
[2025-12-18 15:42:40] Val: loss=0.077718, acc=98.07%
[2025-12-18 15:42:40] ↓ New best val loss: 0.185053 -> 0.077718 (model saved)
[2025-12-18 15:42:40] time/epoch: 82.976s
[2025-12-18 15:42:40] ----------------------------------------------------------------------------------------------------
[2025-12-18 15:43:46] Train Epoch 12: loss=0.439311, acc=86.58%
[2025-12-18 15:44:02] Val: loss=0.583370, acc=97.92%
[2025-12-18 15:44:02] Val loss not improved.
[2025-12-18 15:44:02] time/epoch: 82.364s
[2025-12-18 15:44:02] ----------------------------------------------------------------------------------------------------
[2025-12-18 15:45:10] Train Epoch 13: loss=0.519527, acc=82.07%
[2025-12-18 15:45:26] Val: loss=0.303621, acc=88.41%
[2025-12-18 15:45:26] Val loss not improved.
[2025-12-18 15:45:26] time/epoch: 83.898s
[2025-12-18 15:45:26] ----------------------------------------------------------------------------------------------------
[2025-12-18 15:46:33] Train Epoch 14: loss=0.496351, acc=84.04%
[2025-12-18 15:46:49] Val: loss=0.545734, acc=87.22%
[2025-12-18 15:46:49] Val loss not improved.
[2025-12-18 15:46:49] time/epoch: 82.879s
[2025-12-18 15:46:49] ----------------------------------------------------------------------------------------------------
[2025-12-18 15:47:56] Train Epoch 15: loss=0.496929, acc=83.99%
[2025-12-18 15:48:12] Val: loss=0.387780, acc=97.92%
[2025-12-18 15:48:12] Val loss not improved.
[2025-12-18 15:48:12] time/epoch: 83.357s
[2025-12-18 15:48:12] ----------------------------------------------------------------------------------------------------
[2025-12-18 15:49:19] Train Epoch 16: loss=0.470765, acc=83.58%
[2025-12-18 15:49:35] Val: loss=0.609809, acc=92.72%
[2025-12-18 15:49:35] Val loss not improved.
[2025-12-18 15:49:35] time/epoch: 82.832s
[2025-12-18 15:49:35] ----------------------------------------------------------------------------------------------------
[2025-12-18 15:50:44] Train Epoch 17: loss=0.467055, acc=84.34%
[2025-12-18 15:51:00] Val: loss=0.106462, acc=99.70%
[2025-12-18 15:51:00] Val loss not improved.
[2025-12-18 15:51:00] time/epoch: 85.453s
[2025-12-18 15:51:00] ----------------------------------------------------------------------------------------------------
[2025-12-18 15:52:05] Train Epoch 18: loss=0.477961, acc=83.85%
[2025-12-18 15:52:21] Val: loss=0.098427, acc=99.70%
[2025-12-18 15:52:21] Val loss not improved.
[2025-12-18 15:52:21] time/epoch: 81.026s
[2025-12-18 15:52:21] ----------------------------------------------------------------------------------------------------
[2025-12-18 15:53:16] Train Epoch 19: loss=0.414358, acc=87.31%
[2025-12-18 15:53:32] Val: loss=0.611373, acc=97.77%
[2025-12-18 15:53:32] Val loss not improved.
[2025-12-18 15:53:32] time/epoch: 70.822s
[2025-12-18 15:53:32] ----------------------------------------------------------------------------------------------------
[2025-12-18 15:54:38] Train Epoch 20: loss=0.482524, acc=83.27%
[2025-12-18 15:54:54] Val: loss=0.297122, acc=99.55%
[2025-12-18 15:54:54] Val loss not improved.
[2025-12-18 15:54:54] time/epoch: 82.198s
[2025-12-18 15:54:54] ----------------------------------------------------------------------------------------------------
[2025-12-18 15:56:01] Train Epoch 21: loss=0.456553, acc=83.63%
[2025-12-18 15:56:16] Val: loss=0.059441, acc=99.26%
[2025-12-18 15:56:16] ↓ New best val loss: 0.077718 -> 0.059441 (model saved)
[2025-12-18 15:56:16] time/epoch: 82.065s
[2025-12-18 15:56:16] ----------------------------------------------------------------------------------------------------
[2025-12-18 15:57:23] Train Epoch 22: loss=0.411032, acc=86.18%
[2025-12-18 15:57:39] Val: loss=0.075210, acc=99.11%
[2025-12-18 15:57:39] Val loss not improved.
[2025-12-18 15:57:39] time/epoch: 82.712s
[2025-12-18 15:57:39] ----------------------------------------------------------------------------------------------------
[2025-12-18 15:58:44] Train Epoch 23: loss=0.472103, acc=82.25%
[2025-12-18 15:59:00] Val: loss=1.674639, acc=36.40%
[2025-12-18 15:59:00] Val loss not improved.
[2025-12-18 15:59:00] time/epoch: 80.583s
[2025-12-18 15:59:00] ----------------------------------------------------------------------------------------------------
[2025-12-18 16:00:05] Train Epoch 24: loss=0.462559, acc=84.54%
[2025-12-18 16:00:21] Val: loss=0.065544, acc=99.26%
[2025-12-18 16:00:21] Val loss not improved.
[2025-12-18 16:00:21] time/epoch: 81.555s
[2025-12-18 16:00:21] ----------------------------------------------------------------------------------------------------
[2025-12-18 16:01:27] Train Epoch 25: loss=0.494438, acc=82.44%
[2025-12-18 16:01:44] Val: loss=0.341074, acc=97.03%
[2025-12-18 16:01:44] Val loss not improved.
[2025-12-18 16:01:44] time/epoch: 82.168s
[2025-12-18 16:01:44] ----------------------------------------------------------------------------------------------------
[2025-12-18 16:02:50] Train Epoch 26: loss=0.506772, acc=82.00%
[2025-12-18 16:03:06] Val: loss=0.515057, acc=95.39%
[2025-12-18 16:03:06] Val loss not improved.
[2025-12-18 16:03:06] time/epoch: 82.203s
[2025-12-18 16:03:06] ----------------------------------------------------------------------------------------------------
[2025-12-18 16:04:12] Train Epoch 27: loss=0.426251, acc=86.22%
[2025-12-18 16:04:28] Val: loss=0.080401, acc=100.00%
[2025-12-18 16:04:28] Val loss not improved.
[2025-12-18 16:04:28] time/epoch: 82.062s
[2025-12-18 16:04:28] ----------------------------------------------------------------------------------------------------
[2025-12-18 16:05:35] Train Epoch 28: loss=0.433922, acc=84.76%
[2025-12-18 16:05:51] Val: loss=0.084885, acc=99.26%
[2025-12-18 16:05:51] Val loss not improved.
[2025-12-18 16:05:51] time/epoch: 83.238s
[2025-12-18 16:05:51] ----------------------------------------------------------------------------------------------------
[2025-12-18 16:06:58] Train Epoch 29: loss=0.407726, acc=86.78%
[2025-12-18 16:07:15] Val: loss=0.077566, acc=99.26%
[2025-12-18 16:07:15] Val loss not improved.
[2025-12-18 16:07:15] time/epoch: 83.840s
[2025-12-18 16:07:15] ----------------------------------------------------------------------------------------------------
[2025-12-18 16:08:22] Train Epoch 30: loss=0.414755, acc=86.02%
[2025-12-18 16:08:38] Val: loss=0.093549, acc=98.07%
[2025-12-18 16:08:38] Val loss not improved.
[2025-12-18 16:08:38] time/epoch: 83.513s
[2025-12-18 16:08:38] ----------------------------------------------------------------------------------------------------
[2025-12-18 16:09:47] Train Epoch 31: loss=0.458841, acc=84.83%
[2025-12-18 16:10:03] Val: loss=0.082006, acc=99.55%
[2025-12-18 16:10:03] Val loss not improved.
[2025-12-18 16:10:03] time/epoch: 84.900s
[2025-12-18 16:10:03] ----------------------------------------------------------------------------------------------------
[2025-12-18 16:11:10] Train Epoch 32: loss=0.490870, acc=82.82%
[2025-12-18 16:11:26] Val: loss=0.047839, acc=100.00%
[2025-12-18 16:11:26] ↓ New best val loss: 0.059441 -> 0.047839 (model saved)
[2025-12-18 16:11:26] time/epoch: 82.901s
[2025-12-18 16:11:26] ----------------------------------------------------------------------------------------------------
[2025-12-18 16:12:33] Train Epoch 33: loss=0.508048, acc=80.22%
[2025-12-18 16:12:49] Val: loss=0.242697, acc=92.72%
[2025-12-18 16:12:49] Val loss not improved.
[2025-12-18 16:12:49] time/epoch: 82.731s
[2025-12-18 16:12:49] ----------------------------------------------------------------------------------------------------
[2025-12-18 16:13:56] Train Epoch 34: loss=0.458396, acc=84.13%
[2025-12-18 16:14:12] Val: loss=0.062547, acc=99.55%
[2025-12-18 16:14:12] Val loss not improved.
[2025-12-18 16:14:12] time/epoch: 83.547s
[2025-12-18 16:14:12] ----------------------------------------------------------------------------------------------------
[2025-12-18 16:15:21] Train Epoch 35: loss=0.481356, acc=81.39%
[2025-12-18 16:15:38] Val: loss=1.356884, acc=59.44%
[2025-12-18 16:15:38] Val loss not improved.
[2025-12-18 16:15:38] time/epoch: 85.651s
[2025-12-18 16:15:38] ----------------------------------------------------------------------------------------------------
[2025-12-18 16:16:45] Train Epoch 36: loss=0.460065, acc=83.76%
[2025-12-18 16:17:01] Val: loss=0.484689, acc=97.92%
[2025-12-18 16:17:01] Val loss not improved.
[2025-12-18 16:17:01] time/epoch: 83.030s
[2025-12-18 16:17:01] ----------------------------------------------------------------------------------------------------
[2025-12-18 16:18:08] Train Epoch 37: loss=0.420530, acc=85.74%
[2025-12-18 16:18:25] Val: loss=0.048776, acc=99.70%
[2025-12-18 16:18:25] Val loss not improved.
[2025-12-18 16:18:25] time/epoch: 83.485s
[2025-12-18 16:18:25] ----------------------------------------------------------------------------------------------------
[2025-12-18 16:19:32] Train Epoch 38: loss=0.416026, acc=85.08%
[2025-12-18 16:19:48] Val: loss=0.413673, acc=89.30%
[2025-12-18 16:19:48] Val loss not improved.
[2025-12-18 16:19:48] time/epoch: 83.429s
[2025-12-18 16:19:48] ----------------------------------------------------------------------------------------------------
[2025-12-18 16:20:54] Train Epoch 39: loss=0.395650, acc=86.99%
[2025-12-18 16:21:10] Val: loss=0.123265, acc=96.73%
[2025-12-18 16:21:10] Val loss not improved.
[2025-12-18 16:21:10] time/epoch: 81.925s
[2025-12-18 16:21:10] ----------------------------------------------------------------------------------------------------
[2025-12-18 16:22:17] Train Epoch 40: loss=0.445613, acc=83.87%
[2025-12-18 16:22:34] Val: loss=0.663372, acc=90.34%
[2025-12-18 16:22:34] Val loss not improved.
[2025-12-18 16:22:34] time/epoch: 83.677s
[2025-12-18 16:22:34] ----------------------------------------------------------------------------------------------------
[2025-12-18 16:23:41] Train Epoch 41: loss=0.387982, acc=87.34%
[2025-12-18 16:23:58] Val: loss=1.276329, acc=73.70%
[2025-12-18 16:23:58] Val loss not improved.
[2025-12-18 16:23:58] time/epoch: 83.860s
[2025-12-18 16:23:58] ----------------------------------------------------------------------------------------------------
[2025-12-18 16:25:05] Train Epoch 42: loss=0.435623, acc=84.61%
[2025-12-18 16:25:22] Val: loss=0.657981, acc=85.88%
[2025-12-18 16:25:22] Val loss not improved.
[2025-12-18 16:25:22] time/epoch: 84.579s
[2025-12-18 16:25:22] ----------------------------------------------------------------------------------------------------
[2025-12-18 16:26:29] Train Epoch 43: loss=0.418207, acc=85.04%
[2025-12-18 16:26:46] Val: loss=0.652947, acc=92.87%
[2025-12-18 16:26:46] Val loss not improved.
[2025-12-18 16:26:46] time/epoch: 83.987s
[2025-12-18 16:26:46] ----------------------------------------------------------------------------------------------------
[2025-12-18 16:27:53] Train Epoch 44: loss=0.450581, acc=83.27%
[2025-12-18 16:28:09] Val: loss=0.114900, acc=99.70%
[2025-12-18 16:28:09] Val loss not improved.
[2025-12-18 16:28:09] time/epoch: 82.822s
[2025-12-18 16:28:09] ----------------------------------------------------------------------------------------------------
[2025-12-18 16:29:17] Train Epoch 45: loss=0.414252, acc=85.33%
[2025-12-18 16:29:33] Val: loss=0.070853, acc=98.81%
[2025-12-18 16:29:33] Val loss not improved.
[2025-12-18 16:29:33] time/epoch: 84.227s
[2025-12-18 16:29:33] ----------------------------------------------------------------------------------------------------
[2025-12-18 16:30:39] Train Epoch 46: loss=0.424959, acc=84.41%
[2025-12-18 16:30:55] Val: loss=7.353489, acc=39.38%
[2025-12-18 16:30:55] Val loss not improved.
[2025-12-18 16:30:55] time/epoch: 81.796s
[2025-12-18 16:30:55] ----------------------------------------------------------------------------------------------------
[2025-12-18 16:32:02] Train Epoch 47: loss=0.447689, acc=84.21%
[2025-12-18 16:32:19] Val: loss=1.534343, acc=67.90%
[2025-12-18 16:32:19] Val loss not improved.
[2025-12-18 16:32:19] time/epoch: 83.629s
[2025-12-18 16:32:19] ----------------------------------------------------------------------------------------------------
[2025-12-18 16:33:24] Train Epoch 48: loss=0.437161, acc=84.73%
[2025-12-18 16:33:41] Val: loss=0.473935, acc=95.99%
[2025-12-18 16:33:41] Val loss not improved.
[2025-12-18 16:33:41] time/epoch: 82.762s
[2025-12-18 16:33:41] ----------------------------------------------------------------------------------------------------
[2025-12-18 16:34:48] Train Epoch 49: loss=0.439472, acc=84.76%
[2025-12-18 16:35:05] Val: loss=0.949702, acc=69.69%
[2025-12-18 16:35:05] Val loss not improved.
[2025-12-18 16:35:05] time/epoch: 83.316s
[2025-12-18 16:35:05] ----------------------------------------------------------------------------------------------------
[2025-12-18 16:36:12] Train Epoch 50: loss=0.440051, acc=84.59%
[2025-12-18 16:36:28] Val: loss=2.412886, acc=52.90%
[2025-12-18 16:36:28] Val loss not improved.
[2025-12-18 16:36:28] time/epoch: 83.546s
[2025-12-18 16:36:28] ----------------------------------------------------------------------------------------------------
[2025-12-18 16:36:28] Avg time/epoch: 82.833s
[2025-12-18 16:36:28] total training time: 4141.629s
[2025-12-18 16:36:35] Avg infer time/batch: 0.015898s
[2025-12-18 16:36:35] [TEST] acc=99.29% (278/280)
[2025-12-18 16:36:35] ==== [9ft] RUN END (test_acc=99.29%) ====
