[2025-12-18 18:14:41] ==== [ALL] RUN START ====
[2025-12-18 18:14:41] train_h5=/data02/lpl/wav_dataset/uav/data/ALL_train.h5 | test_h5=/data02/lpl/wav_dataset/uav/data/ALL_test.h5
[2025-12-18 18:14:41] save_path=model_weight/mynet_ALL.pth
[2025-12-18 18:48:24] [THOP] FLOPs=105574192.0  Params=18570.0
[2025-12-18 18:50:38] Train Epoch 1: loss=1.047560, acc=63.92%
[2025-12-18 18:51:11] Val: loss=0.649861, acc=73.05%
[2025-12-18 18:51:11] ↓ New best val loss: inf -> 0.649861 (model saved)
[2025-12-18 18:51:11] time/epoch: 166.646s
[2025-12-18 18:51:11] ----------------------------------------------------------------------------------------------------
[2025-12-18 18:53:27] Train Epoch 2: loss=0.590477, acc=82.48%
[2025-12-18 18:53:59] Val: loss=0.305621, acc=96.00%
[2025-12-18 18:53:59] ↓ New best val loss: 0.649861 -> 0.305621 (model saved)
[2025-12-18 18:53:59] time/epoch: 168.386s
[2025-12-18 18:53:59] ----------------------------------------------------------------------------------------------------
[2025-12-18 18:56:13] Train Epoch 3: loss=0.509876, acc=85.08%
[2025-12-18 18:56:45] Val: loss=0.867316, acc=84.46%
[2025-12-18 18:56:45] Val loss not improved.
[2025-12-18 18:56:45] time/epoch: 165.786s
[2025-12-18 18:56:45] ----------------------------------------------------------------------------------------------------
[2025-12-18 18:58:59] Train Epoch 4: loss=0.499078, acc=85.02%
[2025-12-18 18:59:32] Val: loss=1.115745, acc=81.36%
[2025-12-18 18:59:32] Val loss not improved.
[2025-12-18 18:59:32] time/epoch: 166.335s
[2025-12-18 18:59:32] ----------------------------------------------------------------------------------------------------
[2025-12-18 19:01:45] Train Epoch 5: loss=0.501793, acc=84.56%
[2025-12-18 19:02:17] Val: loss=0.211137, acc=99.01%
[2025-12-18 19:02:17] ↓ New best val loss: 0.305621 -> 0.211137 (model saved)
[2025-12-18 19:02:17] time/epoch: 165.537s
[2025-12-18 19:02:17] ----------------------------------------------------------------------------------------------------
[2025-12-18 19:04:27] Train Epoch 6: loss=0.514128, acc=83.61%
[2025-12-18 19:04:59] Val: loss=1.271456, acc=54.11%
[2025-12-18 19:04:59] Val loss not improved.
[2025-12-18 19:04:59] time/epoch: 162.160s
[2025-12-18 19:04:59] ----------------------------------------------------------------------------------------------------
[2025-12-18 19:07:13] Train Epoch 7: loss=0.495825, acc=84.69%
[2025-12-18 19:07:45] Val: loss=0.717419, acc=86.74%
[2025-12-18 19:07:45] Val loss not improved.
[2025-12-18 19:07:45] time/epoch: 165.259s
[2025-12-18 19:07:45] ----------------------------------------------------------------------------------------------------
[2025-12-18 19:09:56] Train Epoch 8: loss=0.486393, acc=84.35%
[2025-12-18 19:10:27] Val: loss=0.128014, acc=97.80%
[2025-12-18 19:10:27] ↓ New best val loss: 0.211137 -> 0.128014 (model saved)
[2025-12-18 19:10:27] time/epoch: 162.208s
[2025-12-18 19:10:27] ----------------------------------------------------------------------------------------------------
[2025-12-18 19:12:40] Train Epoch 9: loss=0.468614, acc=85.01%
[2025-12-18 19:13:13] Val: loss=0.404444, acc=91.65%
[2025-12-18 19:13:13] Val loss not improved.
[2025-12-18 19:13:13] time/epoch: 165.911s
[2025-12-18 19:13:13] ----------------------------------------------------------------------------------------------------
[2025-12-18 19:15:25] Train Epoch 10: loss=0.486794, acc=84.10%
[2025-12-18 19:15:56] Val: loss=0.831066, acc=85.32%
[2025-12-18 19:15:56] Val loss not improved.
[2025-12-18 19:15:56] time/epoch: 163.236s
[2025-12-18 19:15:56] ----------------------------------------------------------------------------------------------------
[2025-12-18 19:18:10] Train Epoch 11: loss=0.515521, acc=82.39%
[2025-12-18 19:18:41] Val: loss=0.131944, acc=98.28%
[2025-12-18 19:18:41] Val loss not improved.
[2025-12-18 19:18:41] time/epoch: 165.452s
[2025-12-18 19:18:41] ----------------------------------------------------------------------------------------------------
[2025-12-18 19:20:54] Train Epoch 12: loss=0.485852, acc=83.69%
[2025-12-18 19:21:27] Val: loss=0.175765, acc=98.36%
[2025-12-18 19:21:27] Val loss not improved.
[2025-12-18 19:21:27] time/epoch: 165.500s
[2025-12-18 19:21:27] ----------------------------------------------------------------------------------------------------
[2025-12-18 19:23:42] Train Epoch 13: loss=0.476868, acc=83.62%
[2025-12-18 19:24:15] Val: loss=0.352420, acc=88.59%
[2025-12-18 19:24:15] Val loss not improved.
[2025-12-18 19:24:15] time/epoch: 167.839s
[2025-12-18 19:24:15] ----------------------------------------------------------------------------------------------------
[2025-12-18 19:26:27] Train Epoch 14: loss=0.486277, acc=83.59%
[2025-12-18 19:27:00] Val: loss=0.082206, acc=99.57%
[2025-12-18 19:27:00] ↓ New best val loss: 0.128014 -> 0.082206 (model saved)
[2025-12-18 19:27:00] time/epoch: 165.025s
[2025-12-18 19:27:00] ----------------------------------------------------------------------------------------------------
[2025-12-18 19:29:11] Train Epoch 15: loss=0.468722, acc=84.94%
[2025-12-18 19:29:43] Val: loss=0.158155, acc=96.60%
[2025-12-18 19:29:43] Val loss not improved.
[2025-12-18 19:29:43] time/epoch: 163.373s
[2025-12-18 19:29:43] ----------------------------------------------------------------------------------------------------
[2025-12-18 19:31:56] Train Epoch 16: loss=0.456593, acc=84.90%
[2025-12-18 19:32:28] Val: loss=0.210537, acc=99.61%
[2025-12-18 19:32:28] Val loss not improved.
[2025-12-18 19:32:28] time/epoch: 164.678s
[2025-12-18 19:32:28] ----------------------------------------------------------------------------------------------------
[2025-12-18 19:34:39] Train Epoch 17: loss=0.473575, acc=83.92%
[2025-12-18 19:35:11] Val: loss=0.406404, acc=99.57%
[2025-12-18 19:35:11] Val loss not improved.
[2025-12-18 19:35:11] time/epoch: 162.919s
[2025-12-18 19:35:11] ----------------------------------------------------------------------------------------------------
[2025-12-18 19:37:24] Train Epoch 18: loss=0.471897, acc=83.79%
[2025-12-18 19:37:55] Val: loss=0.089795, acc=97.80%
[2025-12-18 19:37:55] Val loss not improved.
[2025-12-18 19:37:55] time/epoch: 164.556s
[2025-12-18 19:37:55] ----------------------------------------------------------------------------------------------------
[2025-12-18 19:40:07] Train Epoch 19: loss=0.439627, acc=85.44%
[2025-12-18 19:40:39] Val: loss=0.060117, acc=99.01%
[2025-12-18 19:40:39] ↓ New best val loss: 0.082206 -> 0.060117 (model saved)
[2025-12-18 19:40:39] time/epoch: 163.996s
[2025-12-18 19:40:39] ----------------------------------------------------------------------------------------------------
[2025-12-18 19:41:31] Train Epoch 20: loss=0.479644, acc=83.36%
[2025-12-18 19:41:36] Val: loss=0.316162, acc=99.61%
[2025-12-18 19:41:36] Val loss not improved.
[2025-12-18 19:41:36] time/epoch: 56.973s
[2025-12-18 19:41:36] ----------------------------------------------------------------------------------------------------
[2025-12-18 19:42:07] Train Epoch 21: loss=0.459203, acc=84.40%
[2025-12-18 19:42:13] Val: loss=0.372363, acc=85.23%
[2025-12-18 19:42:13] Val loss not improved.
[2025-12-18 19:42:13] time/epoch: 36.630s
[2025-12-18 19:42:13] ----------------------------------------------------------------------------------------------------
[2025-12-18 19:42:47] Train Epoch 22: loss=0.474815, acc=83.39%
[2025-12-18 19:42:53] Val: loss=0.367959, acc=99.53%
[2025-12-18 19:42:53] Val loss not improved.
[2025-12-18 19:42:53] time/epoch: 40.473s
[2025-12-18 19:42:53] ----------------------------------------------------------------------------------------------------
[2025-12-18 19:43:25] Train Epoch 23: loss=0.483409, acc=82.82%
[2025-12-18 19:43:30] Val: loss=0.102206, acc=99.87%
[2025-12-18 19:43:30] Val loss not improved.
[2025-12-18 19:43:30] time/epoch: 37.012s
[2025-12-18 19:43:30] ----------------------------------------------------------------------------------------------------
[2025-12-18 19:44:05] Train Epoch 24: loss=0.474886, acc=83.56%
[2025-12-18 19:44:09] Val: loss=0.540872, acc=92.55%
[2025-12-18 19:44:09] Val loss not improved.
[2025-12-18 19:44:09] time/epoch: 39.045s
[2025-12-18 19:44:09] ----------------------------------------------------------------------------------------------------
[2025-12-18 19:44:43] Train Epoch 25: loss=0.442597, acc=84.59%
[2025-12-18 19:44:49] Val: loss=0.102378, acc=98.15%
[2025-12-18 19:44:49] Val loss not improved.
[2025-12-18 19:44:49] time/epoch: 39.569s
[2025-12-18 19:44:49] ----------------------------------------------------------------------------------------------------
[2025-12-18 19:45:23] Train Epoch 26: loss=0.466743, acc=83.68%
[2025-12-18 19:45:30] Val: loss=1.891909, acc=62.55%
[2025-12-18 19:45:30] Val loss not improved.
[2025-12-18 19:45:30] time/epoch: 40.655s
[2025-12-18 19:45:30] ----------------------------------------------------------------------------------------------------
[2025-12-18 19:46:02] Train Epoch 27: loss=0.458280, acc=84.37%
[2025-12-18 19:46:09] Val: loss=0.565547, acc=98.62%
[2025-12-18 19:46:09] Val loss not improved.
[2025-12-18 19:46:09] time/epoch: 39.163s
[2025-12-18 19:46:09] ----------------------------------------------------------------------------------------------------
[2025-12-18 19:46:41] Train Epoch 28: loss=0.415700, acc=86.23%
[2025-12-18 19:46:45] Val: loss=0.195249, acc=99.01%
[2025-12-18 19:46:45] Val loss not improved.
[2025-12-18 19:46:45] time/epoch: 36.613s
[2025-12-18 19:46:45] ----------------------------------------------------------------------------------------------------
[2025-12-18 19:47:18] Train Epoch 29: loss=0.460547, acc=83.46%
[2025-12-18 19:47:22] Val: loss=0.077327, acc=98.36%
[2025-12-18 19:47:22] Val loss not improved.
[2025-12-18 19:47:22] time/epoch: 37.051s
[2025-12-18 19:47:22] ----------------------------------------------------------------------------------------------------
[2025-12-18 19:47:53] Train Epoch 30: loss=0.430861, acc=85.38%
[2025-12-18 19:47:58] Val: loss=0.211170, acc=99.05%
[2025-12-18 19:47:58] Val loss not improved.
[2025-12-18 19:47:58] time/epoch: 35.509s
[2025-12-18 19:47:58] ----------------------------------------------------------------------------------------------------
[2025-12-18 19:48:29] Train Epoch 31: loss=0.453840, acc=84.94%
[2025-12-18 19:48:34] Val: loss=0.053832, acc=99.05%
[2025-12-18 19:48:34] ↓ New best val loss: 0.060117 -> 0.053832 (model saved)
[2025-12-18 19:48:34] time/epoch: 36.027s
[2025-12-18 19:48:34] ----------------------------------------------------------------------------------------------------
[2025-12-18 19:49:04] Train Epoch 32: loss=0.409878, acc=86.05%
[2025-12-18 19:49:10] Val: loss=0.738333, acc=74.64%
[2025-12-18 19:49:10] Val loss not improved.
[2025-12-18 19:49:10] time/epoch: 35.533s
[2025-12-18 19:49:10] ----------------------------------------------------------------------------------------------------
[2025-12-18 19:49:39] Train Epoch 33: loss=0.438793, acc=85.20%
[2025-12-18 19:49:45] Val: loss=0.090917, acc=97.76%
[2025-12-18 19:49:45] Val loss not improved.
[2025-12-18 19:49:45] time/epoch: 35.670s
[2025-12-18 19:49:45] ----------------------------------------------------------------------------------------------------
[2025-12-18 19:50:15] Train Epoch 34: loss=0.473621, acc=82.84%
[2025-12-18 19:50:20] Val: loss=0.092082, acc=97.76%
[2025-12-18 19:50:20] Val loss not improved.
[2025-12-18 19:50:20] time/epoch: 34.444s
[2025-12-18 19:50:20] ----------------------------------------------------------------------------------------------------
[2025-12-18 19:50:50] Train Epoch 35: loss=0.454164, acc=83.89%
[2025-12-18 19:50:55] Val: loss=0.048737, acc=99.10%
[2025-12-18 19:50:55] ↓ New best val loss: 0.053832 -> 0.048737 (model saved)
[2025-12-18 19:50:55] time/epoch: 35.673s
[2025-12-18 19:50:55] ----------------------------------------------------------------------------------------------------
[2025-12-18 19:51:27] Train Epoch 36: loss=0.446101, acc=84.07%
[2025-12-18 19:51:33] Val: loss=0.313226, acc=99.35%
[2025-12-18 19:51:33] Val loss not improved.
[2025-12-18 19:51:33] time/epoch: 37.195s
[2025-12-18 19:51:33] ----------------------------------------------------------------------------------------------------
[2025-12-18 19:52:07] Train Epoch 37: loss=0.441205, acc=84.52%
[2025-12-18 19:52:13] Val: loss=0.149221, acc=99.66%
[2025-12-18 19:52:13] Val loss not improved.
[2025-12-18 19:52:13] time/epoch: 40.677s
[2025-12-18 19:52:13] ----------------------------------------------------------------------------------------------------
[2025-12-18 19:52:46] Train Epoch 38: loss=0.453078, acc=83.86%
[2025-12-18 19:52:52] Val: loss=0.068294, acc=99.05%
[2025-12-18 19:52:52] Val loss not improved.
[2025-12-18 19:52:52] time/epoch: 39.095s
[2025-12-18 19:52:52] ----------------------------------------------------------------------------------------------------
[2025-12-18 19:53:24] Train Epoch 39: loss=0.460027, acc=82.30%
[2025-12-18 19:53:29] Val: loss=0.150410, acc=95.09%
[2025-12-18 19:53:29] Val loss not improved.
[2025-12-18 19:53:29] time/epoch: 36.338s
[2025-12-18 19:53:29] ----------------------------------------------------------------------------------------------------
[2025-12-18 19:53:59] Train Epoch 40: loss=0.444616, acc=83.62%
[2025-12-18 19:54:04] Val: loss=0.180857, acc=94.66%
[2025-12-18 19:54:04] Val loss not improved.
[2025-12-18 19:54:04] time/epoch: 35.562s
[2025-12-18 19:54:04] ----------------------------------------------------------------------------------------------------
[2025-12-18 19:54:35] Train Epoch 41: loss=0.448946, acc=83.74%
[2025-12-18 19:54:41] Val: loss=0.129141, acc=96.51%
[2025-12-18 19:54:41] Val loss not improved.
[2025-12-18 19:54:41] time/epoch: 36.568s
[2025-12-18 19:54:41] ----------------------------------------------------------------------------------------------------
[2025-12-18 19:55:13] Train Epoch 42: loss=0.434934, acc=84.70%
[2025-12-18 19:55:18] Val: loss=0.140902, acc=99.91%
[2025-12-18 19:55:18] Val loss not improved.
[2025-12-18 19:55:18] time/epoch: 37.322s
[2025-12-18 19:55:18] ----------------------------------------------------------------------------------------------------
[2025-12-18 19:55:49] Train Epoch 43: loss=0.414307, acc=85.44%
[2025-12-18 19:55:54] Val: loss=0.047591, acc=99.18%
[2025-12-18 19:55:54] ↓ New best val loss: 0.048737 -> 0.047591 (model saved)
[2025-12-18 19:55:54] time/epoch: 36.429s
[2025-12-18 19:55:54] ----------------------------------------------------------------------------------------------------
[2025-12-18 19:56:26] Train Epoch 44: loss=0.407420, acc=85.69%
[2025-12-18 19:56:33] Val: loss=0.089200, acc=99.83%
[2025-12-18 19:56:33] Val loss not improved.
[2025-12-18 19:56:33] time/epoch: 38.285s
[2025-12-18 19:56:33] ----------------------------------------------------------------------------------------------------
[2025-12-18 19:57:06] Train Epoch 45: loss=0.420572, acc=84.86%
[2025-12-18 19:57:11] Val: loss=0.085707, acc=99.05%
[2025-12-18 19:57:11] Val loss not improved.
[2025-12-18 19:57:11] time/epoch: 37.911s
[2025-12-18 19:57:11] ----------------------------------------------------------------------------------------------------
[2025-12-18 19:57:43] Train Epoch 46: loss=0.415163, acc=85.46%
[2025-12-18 19:57:48] Val: loss=0.360282, acc=87.34%
[2025-12-18 19:57:48] Val loss not improved.
[2025-12-18 19:57:48] time/epoch: 37.555s
[2025-12-18 19:57:48] ----------------------------------------------------------------------------------------------------
[2025-12-18 19:58:22] Train Epoch 47: loss=0.448364, acc=83.64%
[2025-12-18 19:58:28] Val: loss=0.046021, acc=99.74%
[2025-12-18 19:58:28] ↓ New best val loss: 0.047591 -> 0.046021 (model saved)
[2025-12-18 19:58:28] time/epoch: 39.699s
[2025-12-18 19:58:28] ----------------------------------------------------------------------------------------------------
[2025-12-18 19:59:03] Train Epoch 48: loss=0.412114, acc=84.97%
[2025-12-18 19:59:08] Val: loss=0.613567, acc=79.04%
[2025-12-18 19:59:08] Val loss not improved.
[2025-12-18 19:59:08] time/epoch: 39.861s
[2025-12-18 19:59:08] ----------------------------------------------------------------------------------------------------
[2025-12-18 19:59:40] Train Epoch 49: loss=0.416648, acc=84.99%
[2025-12-18 19:59:46] Val: loss=0.119941, acc=96.21%
[2025-12-18 19:59:46] Val loss not improved.
[2025-12-18 19:59:46] time/epoch: 38.691s
[2025-12-18 19:59:46] ----------------------------------------------------------------------------------------------------
[2025-12-18 20:00:20] Train Epoch 50: loss=0.438829, acc=83.38%
[2025-12-18 20:00:26] Val: loss=0.047889, acc=99.31%
[2025-12-18 20:00:26] Val loss not improved.
[2025-12-18 20:00:26] time/epoch: 39.314s
[2025-12-18 20:00:26] ----------------------------------------------------------------------------------------------------
[2025-12-18 20:00:26] Avg time/epoch: 86.427s
[2025-12-18 20:00:26] total training time: 4321.350s
[2025-12-18 20:00:28] Avg infer time/batch: 0.008854s
[2025-12-18 20:00:28] [TEST] acc=98.76% (1271/1287)
[2025-12-18 20:00:28] ==== [ALL] RUN END (test_acc=98.76%) ====
