[2025-09-10 02:57:30] ==== [12ft] RUN START ====
[2025-09-10 02:57:30] train_h5=/data02/lpl/github/SH_hybrid/data/12ft_train.h5 | test_h5=/data02/lpl/github/SH_hybrid/data/12ft_test.h5
[2025-09-10 02:57:30] save_path=model_weight/mynet_12ft.pth
[2025-09-10 03:02:17] [THOP] FLOPs=921951152.0  Params=58835.0
[2025-09-10 03:03:52] Train Epoch 1: loss=2.458513, acc=23.08%
[2025-09-10 03:04:12] Val: loss=4.700995, acc=21.10%
[2025-09-10 03:04:12] ↓ New best val loss: inf -> 4.700995 (model saved)
[2025-09-10 03:04:12] time/epoch: 114.938s
[2025-09-10 03:04:12] ----------------------------------------------------------------------------------------------------
[2025-09-10 03:05:46] Train Epoch 2: loss=0.959347, acc=67.55%
[2025-09-10 03:06:08] Val: loss=0.543989, acc=82.15%
[2025-09-10 03:06:08] ↓ New best val loss: 4.700995 -> 0.543989 (model saved)
[2025-09-10 03:06:08] time/epoch: 115.826s
[2025-09-10 03:06:08] ----------------------------------------------------------------------------------------------------
[2025-09-10 03:07:38] Train Epoch 3: loss=0.642117, acc=82.72%
[2025-09-10 03:08:00] Val: loss=1.254762, acc=45.23%
[2025-09-10 03:08:00] Val loss not improved.
[2025-09-10 03:08:00] time/epoch: 112.201s
[2025-09-10 03:08:00] ----------------------------------------------------------------------------------------------------
[2025-09-10 03:09:30] Train Epoch 4: loss=0.501515, acc=85.23%
[2025-09-10 03:09:51] Val: loss=0.841414, acc=89.05%
[2025-09-10 03:09:51] Val loss not improved.
[2025-09-10 03:09:51] time/epoch: 111.024s
[2025-09-10 03:09:51] ----------------------------------------------------------------------------------------------------
[2025-09-10 03:11:21] Train Epoch 5: loss=0.503689, acc=84.51%
[2025-09-10 03:11:41] Val: loss=0.277320, acc=97.16%
[2025-09-10 03:11:41] ↓ New best val loss: 0.543989 -> 0.277320 (model saved)
[2025-09-10 03:11:41] time/epoch: 110.350s
[2025-09-10 03:11:41] ----------------------------------------------------------------------------------------------------
[2025-09-10 03:13:14] Train Epoch 6: loss=0.486112, acc=84.02%
[2025-09-10 03:13:37] Val: loss=0.104923, acc=97.16%
[2025-09-10 03:13:37] ↓ New best val loss: 0.277320 -> 0.104923 (model saved)
[2025-09-10 03:13:37] time/epoch: 116.023s
[2025-09-10 03:13:37] ----------------------------------------------------------------------------------------------------
[2025-09-10 03:15:14] Train Epoch 7: loss=0.513509, acc=83.60%
[2025-09-10 03:15:35] Val: loss=0.806431, acc=92.09%
[2025-09-10 03:15:35] Val loss not improved.
[2025-09-10 03:15:35] time/epoch: 117.928s
[2025-09-10 03:15:35] ----------------------------------------------------------------------------------------------------
[2025-09-10 03:17:09] Train Epoch 8: loss=0.427936, acc=86.69%
[2025-09-10 03:17:31] Val: loss=0.203300, acc=97.57%
[2025-09-10 03:17:31] Val loss not improved.
[2025-09-10 03:17:31] time/epoch: 115.656s
[2025-09-10 03:17:31] ----------------------------------------------------------------------------------------------------
[2025-09-10 03:19:00] Train Epoch 9: loss=0.546830, acc=81.49%
[2025-09-10 03:19:19] Val: loss=0.176443, acc=96.55%
[2025-09-10 03:19:19] Val loss not improved.
[2025-09-10 03:19:19] time/epoch: 108.273s
[2025-09-10 03:19:19] ----------------------------------------------------------------------------------------------------
[2025-09-10 03:20:51] Train Epoch 10: loss=0.513983, acc=82.00%
[2025-09-10 03:21:11] Val: loss=0.759180, acc=83.77%
[2025-09-10 03:21:11] Val loss not improved.
[2025-09-10 03:21:11] time/epoch: 111.608s
[2025-09-10 03:21:11] ----------------------------------------------------------------------------------------------------
[2025-09-10 03:22:23] Train Epoch 11: loss=0.507797, acc=83.04%
[2025-09-10 03:22:39] Val: loss=0.942533, acc=91.28%
[2025-09-10 03:22:39] Val loss not improved.
[2025-09-10 03:22:39] time/epoch: 88.143s
[2025-09-10 03:22:39] ----------------------------------------------------------------------------------------------------
[2025-09-10 03:23:53] Train Epoch 12: loss=0.486301, acc=83.40%
[2025-09-10 03:24:09] Val: loss=0.248788, acc=90.67%
[2025-09-10 03:24:09] Val loss not improved.
[2025-09-10 03:24:09] time/epoch: 90.126s
[2025-09-10 03:24:09] ----------------------------------------------------------------------------------------------------
[2025-09-10 03:25:24] Train Epoch 13: loss=0.471495, acc=83.10%
[2025-09-10 03:25:42] Val: loss=0.036358, acc=100.00%
[2025-09-10 03:25:42] ↓ New best val loss: 0.104923 -> 0.036358 (model saved)
[2025-09-10 03:25:42] time/epoch: 92.372s
[2025-09-10 03:25:42] ----------------------------------------------------------------------------------------------------
[2025-09-10 03:26:55] Train Epoch 14: loss=0.392722, acc=87.97%
[2025-09-10 03:27:16] Val: loss=0.437259, acc=86.41%
[2025-09-10 03:27:16] Val loss not improved.
[2025-09-10 03:27:16] time/epoch: 94.810s
[2025-09-10 03:27:16] ----------------------------------------------------------------------------------------------------
[2025-09-10 03:28:47] Train Epoch 15: loss=0.466241, acc=84.22%
[2025-09-10 03:29:05] Val: loss=0.603508, acc=96.35%
[2025-09-10 03:29:05] Val loss not improved.
[2025-09-10 03:29:05] time/epoch: 108.427s
[2025-09-10 03:29:05] ----------------------------------------------------------------------------------------------------
[2025-09-10 03:30:36] Train Epoch 16: loss=0.464186, acc=83.60%
[2025-09-10 03:30:55] Val: loss=0.425639, acc=98.58%
[2025-09-10 03:30:55] Val loss not improved.
[2025-09-10 03:30:55] time/epoch: 110.436s
[2025-09-10 03:30:55] ----------------------------------------------------------------------------------------------------
[2025-09-10 03:32:25] Train Epoch 17: loss=0.534188, acc=82.00%
[2025-09-10 03:32:47] Val: loss=0.110618, acc=98.99%
[2025-09-10 03:32:47] Val loss not improved.
[2025-09-10 03:32:47] time/epoch: 112.260s
[2025-09-10 03:32:47] ----------------------------------------------------------------------------------------------------
[2025-09-10 03:34:21] Train Epoch 18: loss=0.445670, acc=84.71%
[2025-09-10 03:34:41] Val: loss=0.064695, acc=99.80%
[2025-09-10 03:34:41] Val loss not improved.
[2025-09-10 03:34:41] time/epoch: 113.072s
[2025-09-10 03:34:41] ----------------------------------------------------------------------------------------------------
[2025-09-10 03:36:10] Train Epoch 19: loss=0.501482, acc=82.39%
[2025-09-10 03:36:29] Val: loss=0.074651, acc=99.59%
[2025-09-10 03:36:29] Val loss not improved.
[2025-09-10 03:36:29] time/epoch: 108.714s
[2025-09-10 03:36:29] ----------------------------------------------------------------------------------------------------
[2025-09-10 03:37:57] Train Epoch 20: loss=0.434090, acc=85.51%
[2025-09-10 03:38:15] Val: loss=0.149938, acc=100.00%
[2025-09-10 03:38:15] Val loss not improved.
[2025-09-10 03:38:15] time/epoch: 105.953s
[2025-09-10 03:38:15] ----------------------------------------------------------------------------------------------------
[2025-09-10 03:39:45] Train Epoch 21: loss=0.482165, acc=83.93%
[2025-09-10 03:40:04] Val: loss=0.070724, acc=99.19%
[2025-09-10 03:40:04] Val loss not improved.
[2025-09-10 03:40:04] time/epoch: 109.254s
[2025-09-10 03:40:04] ----------------------------------------------------------------------------------------------------
[2025-09-10 03:41:36] Train Epoch 22: loss=0.488038, acc=82.79%
[2025-09-10 03:41:56] Val: loss=0.308111, acc=91.08%
[2025-09-10 03:41:56] Val loss not improved.
[2025-09-10 03:41:56] time/epoch: 111.258s
[2025-09-10 03:41:56] ----------------------------------------------------------------------------------------------------
[2025-09-10 03:43:33] Train Epoch 23: loss=0.397528, acc=86.68%
[2025-09-10 03:43:54] Val: loss=0.265094, acc=90.26%
[2025-09-10 03:43:54] Val loss not improved.
[2025-09-10 03:43:54] time/epoch: 118.245s
[2025-09-10 03:43:54] ----------------------------------------------------------------------------------------------------
[2025-09-10 03:45:28] Train Epoch 24: loss=0.432830, acc=85.55%
[2025-09-10 03:45:48] Val: loss=0.085697, acc=99.59%
[2025-09-10 03:45:48] Val loss not improved.
[2025-09-10 03:45:48] time/epoch: 113.563s
[2025-09-10 03:45:48] ----------------------------------------------------------------------------------------------------
[2025-09-10 03:47:25] Train Epoch 25: loss=0.391412, acc=86.35%
[2025-09-10 03:47:46] Val: loss=0.128583, acc=98.78%
[2025-09-10 03:47:46] Val loss not improved.
[2025-09-10 03:47:46] time/epoch: 118.485s
[2025-09-10 03:47:46] ----------------------------------------------------------------------------------------------------
[2025-09-10 03:49:21] Train Epoch 26: loss=0.439190, acc=85.27%
[2025-09-10 03:49:42] Val: loss=0.599875, acc=97.36%
[2025-09-10 03:49:42] Val loss not improved.
[2025-09-10 03:49:42] time/epoch: 116.455s
[2025-09-10 03:49:42] ----------------------------------------------------------------------------------------------------
[2025-09-10 03:51:13] Train Epoch 27: loss=0.448975, acc=84.58%
[2025-09-10 03:51:35] Val: loss=0.061912, acc=98.99%
[2025-09-10 03:51:35] Val loss not improved.
[2025-09-10 03:51:35] time/epoch: 112.289s
[2025-09-10 03:51:35] ----------------------------------------------------------------------------------------------------
[2025-09-10 03:53:07] Train Epoch 28: loss=0.423452, acc=85.91%
[2025-09-10 03:53:28] Val: loss=0.030717, acc=100.00%
[2025-09-10 03:53:28] ↓ New best val loss: 0.036358 -> 0.030717 (model saved)
[2025-09-10 03:53:28] time/epoch: 113.333s
[2025-09-10 03:53:28] ----------------------------------------------------------------------------------------------------
[2025-09-10 03:54:58] Train Epoch 29: loss=0.434732, acc=84.36%
[2025-09-10 03:55:19] Val: loss=0.043511, acc=100.00%
[2025-09-10 03:55:19] Val loss not improved.
[2025-09-10 03:55:19] time/epoch: 110.918s
[2025-09-10 03:55:19] ----------------------------------------------------------------------------------------------------
[2025-09-10 03:56:53] Train Epoch 30: loss=0.375077, acc=87.05%
[2025-09-10 03:57:16] Val: loss=0.063759, acc=99.39%
[2025-09-10 03:57:16] Val loss not improved.
[2025-09-10 03:57:16] time/epoch: 117.490s
[2025-09-10 03:57:16] ----------------------------------------------------------------------------------------------------
[2025-09-10 03:58:49] Train Epoch 31: loss=0.450982, acc=83.97%
[2025-09-10 03:59:11] Val: loss=0.226506, acc=96.75%
[2025-09-10 03:59:11] Val loss not improved.
[2025-09-10 03:59:11] time/epoch: 114.417s
[2025-09-10 03:59:11] ----------------------------------------------------------------------------------------------------
[2025-09-10 04:00:44] Train Epoch 32: loss=0.407461, acc=85.30%
[2025-09-10 04:01:05] Val: loss=0.118554, acc=100.00%
[2025-09-10 04:01:05] Val loss not improved.
[2025-09-10 04:01:05] time/epoch: 114.038s
[2025-09-10 04:01:05] ----------------------------------------------------------------------------------------------------
[2025-09-10 04:02:39] Train Epoch 33: loss=0.382404, acc=86.99%
[2025-09-10 04:03:01] Val: loss=0.064014, acc=98.99%
[2025-09-10 04:03:01] Val loss not improved.
[2025-09-10 04:03:01] time/epoch: 116.247s
[2025-09-10 04:03:01] ----------------------------------------------------------------------------------------------------
[2025-09-10 04:04:35] Train Epoch 34: loss=0.424359, acc=85.86%
[2025-09-10 04:04:58] Val: loss=0.261122, acc=94.73%
[2025-09-10 04:04:58] Val loss not improved.
[2025-09-10 04:04:58] time/epoch: 116.459s
[2025-09-10 04:04:58] ----------------------------------------------------------------------------------------------------
[2025-09-10 04:06:28] Train Epoch 35: loss=0.425497, acc=84.61%
[2025-09-10 04:06:51] Val: loss=0.136255, acc=96.75%
[2025-09-10 04:06:51] Val loss not improved.
[2025-09-10 04:06:51] time/epoch: 113.026s
[2025-09-10 04:06:51] ----------------------------------------------------------------------------------------------------
[2025-09-10 04:08:10] Train Epoch 36: loss=0.392834, acc=86.83%
[2025-09-10 04:08:27] Val: loss=0.136743, acc=96.55%
[2025-09-10 04:08:27] Val loss not improved.
[2025-09-10 04:08:27] time/epoch: 96.572s
[2025-09-10 04:08:27] ----------------------------------------------------------------------------------------------------
[2025-09-10 04:09:46] Train Epoch 37: loss=0.418620, acc=85.74%
[2025-09-10 04:10:04] Val: loss=0.048835, acc=99.19%
[2025-09-10 04:10:04] Val loss not improved.
[2025-09-10 04:10:04] time/epoch: 96.661s
[2025-09-10 04:10:04] ----------------------------------------------------------------------------------------------------
[2025-09-10 04:11:22] Train Epoch 38: loss=0.328027, acc=89.85%
[2025-09-10 04:11:44] Val: loss=0.138229, acc=99.80%
[2025-09-10 04:11:44] Val loss not improved.
[2025-09-10 04:11:44] time/epoch: 100.467s
[2025-09-10 04:11:44] ----------------------------------------------------------------------------------------------------
[2025-09-10 04:13:19] Train Epoch 39: loss=0.403923, acc=86.37%
[2025-09-10 04:13:41] Val: loss=0.038246, acc=99.59%
[2025-09-10 04:13:41] Val loss not improved.
[2025-09-10 04:13:41] time/epoch: 117.063s
[2025-09-10 04:13:41] ----------------------------------------------------------------------------------------------------
[2025-09-10 04:15:16] Train Epoch 40: loss=0.430189, acc=85.04%
[2025-09-10 04:15:38] Val: loss=0.067165, acc=96.96%
[2025-09-10 04:15:38] Val loss not improved.
[2025-09-10 04:15:38] time/epoch: 116.696s
[2025-09-10 04:15:38] ----------------------------------------------------------------------------------------------------
[2025-09-10 04:17:12] Train Epoch 41: loss=0.409431, acc=85.26%
[2025-09-10 04:17:34] Val: loss=0.233657, acc=98.58%
[2025-09-10 04:17:34] Val loss not improved.
[2025-09-10 04:17:34] time/epoch: 115.793s
[2025-09-10 04:17:34] ----------------------------------------------------------------------------------------------------
[2025-09-10 04:19:07] Train Epoch 42: loss=0.416199, acc=84.38%
[2025-09-10 04:19:28] Val: loss=0.071380, acc=98.99%
[2025-09-10 04:19:28] Val loss not improved.
[2025-09-10 04:19:28] time/epoch: 114.165s
[2025-09-10 04:19:28] ----------------------------------------------------------------------------------------------------
[2025-09-10 04:20:26] Train Epoch 43: loss=0.396986, acc=86.52%
[2025-09-10 04:20:42] Val: loss=0.098780, acc=99.19%
[2025-09-10 04:20:42] Val loss not improved.
[2025-09-10 04:20:42] time/epoch: 73.704s
[2025-09-10 04:20:42] ----------------------------------------------------------------------------------------------------
[2025-09-10 04:21:40] Train Epoch 44: loss=0.419301, acc=83.92%
[2025-09-10 04:21:53] Val: loss=0.099808, acc=96.15%
[2025-09-10 04:21:53] Val loss not improved.
[2025-09-10 04:21:53] time/epoch: 70.997s
[2025-09-10 04:21:53] ----------------------------------------------------------------------------------------------------
[2025-09-10 04:22:55] Train Epoch 45: loss=0.421022, acc=85.06%
[2025-09-10 04:23:08] Val: loss=0.024165, acc=99.19%
[2025-09-10 04:23:08] ↓ New best val loss: 0.030717 -> 0.024165 (model saved)
[2025-09-10 04:23:08] time/epoch: 74.747s
[2025-09-10 04:23:08] ----------------------------------------------------------------------------------------------------
[2025-09-10 04:24:20] Train Epoch 46: loss=0.432988, acc=83.21%
[2025-09-10 04:24:42] Val: loss=0.050890, acc=99.19%
[2025-09-10 04:24:42] Val loss not improved.
[2025-09-10 04:24:42] time/epoch: 93.956s
[2025-09-10 04:24:42] ----------------------------------------------------------------------------------------------------
[2025-09-10 04:26:11] Train Epoch 47: loss=0.454681, acc=82.95%
[2025-09-10 04:26:32] Val: loss=0.085958, acc=99.59%
[2025-09-10 04:26:32] Val loss not improved.
[2025-09-10 04:26:32] time/epoch: 110.317s
[2025-09-10 04:26:32] ----------------------------------------------------------------------------------------------------
[2025-09-10 04:28:05] Train Epoch 48: loss=0.411843, acc=85.11%
[2025-09-10 04:28:27] Val: loss=0.051030, acc=99.59%
[2025-09-10 04:28:27] Val loss not improved.
[2025-09-10 04:28:27] time/epoch: 115.342s
[2025-09-10 04:28:27] ----------------------------------------------------------------------------------------------------
[2025-09-10 04:30:04] Train Epoch 49: loss=0.396356, acc=86.25%
[2025-09-10 04:30:26] Val: loss=0.037043, acc=99.19%
[2025-09-10 04:30:26] Val loss not improved.
[2025-09-10 04:30:26] time/epoch: 118.403s
[2025-09-10 04:30:26] ----------------------------------------------------------------------------------------------------
[2025-09-10 04:31:59] Train Epoch 50: loss=0.443015, acc=83.72%
[2025-09-10 04:32:19] Val: loss=0.321433, acc=99.59%
[2025-09-10 04:32:19] Val loss not improved.
[2025-09-10 04:32:19] time/epoch: 113.684s
[2025-09-10 04:32:19] ----------------------------------------------------------------------------------------------------
[2025-09-10 04:32:19] Avg time/epoch: 108.044s
[2025-09-10 04:32:19] total training time: 5402.204s
[2025-09-10 04:32:29] Avg infer time/batch: 0.033530s
[2025-09-10 04:32:29] [TEST] acc=97.81% (223/228)
[2025-09-10 04:32:29] ==== [12ft] RUN END (test_acc=97.81%) ====
