[2025-09-10 04:32:30] ==== [15ft] RUN START ====
[2025-09-10 04:32:30] train_h5=/data02/lpl/github/SH_hybrid/data/15ft_train.h5 | test_h5=/data02/lpl/github/SH_hybrid/data/15ft_test.h5
[2025-09-10 04:32:30] save_path=model_weight/mynet_15ft.pth
[2025-09-10 04:37:40] [THOP] FLOPs=921951152.0  Params=58835.0
[2025-09-10 04:39:27] Train Epoch 1: loss=2.041493, acc=32.92%
[2025-09-10 04:39:50] Val: loss=1.843057, acc=28.68%
[2025-09-10 04:39:50] ↓ New best val loss: inf -> 1.843057 (model saved)
[2025-09-10 04:39:50] time/epoch: 129.954s
[2025-09-10 04:39:50] ----------------------------------------------------------------------------------------------------
[2025-09-10 04:41:27] Train Epoch 2: loss=0.806991, acc=73.73%
[2025-09-10 04:41:49] Val: loss=1.810441, acc=36.42%
[2025-09-10 04:41:49] ↓ New best val loss: 1.843057 -> 1.810441 (model saved)
[2025-09-10 04:41:49] time/epoch: 119.047s
[2025-09-10 04:41:49] ----------------------------------------------------------------------------------------------------
[2025-09-10 04:43:31] Train Epoch 3: loss=0.493243, acc=86.29%
[2025-09-10 04:43:55] Val: loss=6.621459, acc=46.04%
[2025-09-10 04:43:55] Val loss not improved.
[2025-09-10 04:43:55] time/epoch: 126.096s
[2025-09-10 04:43:55] ----------------------------------------------------------------------------------------------------
[2025-09-10 04:45:40] Train Epoch 4: loss=0.482348, acc=85.55%
[2025-09-10 04:46:02] Val: loss=0.999508, acc=57.74%
[2025-09-10 04:46:02] ↓ New best val loss: 1.810441 -> 0.999508 (model saved)
[2025-09-10 04:46:02] time/epoch: 127.237s
[2025-09-10 04:46:02] ----------------------------------------------------------------------------------------------------
[2025-09-10 04:47:40] Train Epoch 5: loss=0.507248, acc=83.84%
[2025-09-10 04:48:03] Val: loss=0.374356, acc=100.00%
[2025-09-10 04:48:03] ↓ New best val loss: 0.999508 -> 0.374356 (model saved)
[2025-09-10 04:48:03] time/epoch: 120.919s
[2025-09-10 04:48:03] ----------------------------------------------------------------------------------------------------
[2025-09-10 04:49:43] Train Epoch 6: loss=0.456398, acc=86.07%
[2025-09-10 04:50:07] Val: loss=0.743230, acc=88.87%
[2025-09-10 04:50:07] Val loss not improved.
[2025-09-10 04:50:07] time/epoch: 123.528s
[2025-09-10 04:50:07] ----------------------------------------------------------------------------------------------------
[2025-09-10 04:51:52] Train Epoch 7: loss=0.527803, acc=82.57%
[2025-09-10 04:52:17] Val: loss=8.005333, acc=20.38%
[2025-09-10 04:52:17] Val loss not improved.
[2025-09-10 04:52:17] time/epoch: 129.852s
[2025-09-10 04:52:17] ----------------------------------------------------------------------------------------------------
[2025-09-10 04:53:57] Train Epoch 8: loss=0.591609, acc=80.38%
[2025-09-10 04:54:19] Val: loss=0.238943, acc=95.66%
[2025-09-10 04:54:19] ↓ New best val loss: 0.374356 -> 0.238943 (model saved)
[2025-09-10 04:54:19] time/epoch: 122.604s
[2025-09-10 04:54:19] ----------------------------------------------------------------------------------------------------
[2025-09-10 04:56:00] Train Epoch 9: loss=0.457200, acc=86.45%
[2025-09-10 04:56:23] Val: loss=0.226003, acc=99.43%
[2025-09-10 04:56:23] ↓ New best val loss: 0.238943 -> 0.226003 (model saved)
[2025-09-10 04:56:23] time/epoch: 124.208s
[2025-09-10 04:56:23] ----------------------------------------------------------------------------------------------------
[2025-09-10 04:58:06] Train Epoch 10: loss=0.498018, acc=82.97%
[2025-09-10 04:58:26] Val: loss=0.123679, acc=99.81%
[2025-09-10 04:58:26] ↓ New best val loss: 0.226003 -> 0.123679 (model saved)
[2025-09-10 04:58:26] time/epoch: 122.213s
[2025-09-10 04:58:26] ----------------------------------------------------------------------------------------------------
[2025-09-10 04:59:47] Train Epoch 11: loss=0.440690, acc=85.46%
[2025-09-10 05:00:05] Val: loss=0.564599, acc=86.42%
[2025-09-10 05:00:05] Val loss not improved.
[2025-09-10 05:00:05] time/epoch: 99.521s
[2025-09-10 05:00:05] ----------------------------------------------------------------------------------------------------
[2025-09-10 05:01:28] Train Epoch 12: loss=0.474186, acc=83.79%
[2025-09-10 05:01:46] Val: loss=0.096719, acc=99.81%
[2025-09-10 05:01:46] ↓ New best val loss: 0.123679 -> 0.096719 (model saved)
[2025-09-10 05:01:46] time/epoch: 101.069s
[2025-09-10 05:01:46] ----------------------------------------------------------------------------------------------------
[2025-09-10 05:03:10] Train Epoch 13: loss=0.462815, acc=84.30%
[2025-09-10 05:03:27] Val: loss=0.369332, acc=99.25%
[2025-09-10 05:03:27] Val loss not improved.
[2025-09-10 05:03:27] time/epoch: 101.105s
[2025-09-10 05:03:27] ----------------------------------------------------------------------------------------------------
[2025-09-10 05:05:03] Train Epoch 14: loss=0.523222, acc=82.16%
[2025-09-10 05:05:26] Val: loss=0.172502, acc=96.42%
[2025-09-10 05:05:26] Val loss not improved.
[2025-09-10 05:05:26] time/epoch: 118.263s
[2025-09-10 05:05:26] ----------------------------------------------------------------------------------------------------
[2025-09-10 05:06:58] Train Epoch 15: loss=0.493474, acc=84.13%
[2025-09-10 05:07:21] Val: loss=0.285977, acc=99.62%
[2025-09-10 05:07:21] Val loss not improved.
[2025-09-10 05:07:21] time/epoch: 115.766s
[2025-09-10 05:07:21] ----------------------------------------------------------------------------------------------------
[2025-09-10 05:09:01] Train Epoch 16: loss=0.409259, acc=86.45%
[2025-09-10 05:09:22] Val: loss=0.230546, acc=100.00%
[2025-09-10 05:09:22] Val loss not improved.
[2025-09-10 05:09:22] time/epoch: 120.917s
[2025-09-10 05:09:22] ----------------------------------------------------------------------------------------------------
[2025-09-10 05:11:02] Train Epoch 17: loss=0.411522, acc=87.31%
[2025-09-10 05:11:25] Val: loss=0.233597, acc=94.53%
[2025-09-10 05:11:25] Val loss not improved.
[2025-09-10 05:11:25] time/epoch: 123.306s
[2025-09-10 05:11:25] ----------------------------------------------------------------------------------------------------
[2025-09-10 05:13:04] Train Epoch 18: loss=0.432534, acc=86.03%
[2025-09-10 05:13:25] Val: loss=0.143230, acc=99.25%
[2025-09-10 05:13:25] Val loss not improved.
[2025-09-10 05:13:25] time/epoch: 119.619s
[2025-09-10 05:13:25] ----------------------------------------------------------------------------------------------------
[2025-09-10 05:15:02] Train Epoch 19: loss=0.492872, acc=83.06%
[2025-09-10 05:15:25] Val: loss=0.391182, acc=100.00%
[2025-09-10 05:15:25] Val loss not improved.
[2025-09-10 05:15:25] time/epoch: 119.703s
[2025-09-10 05:15:25] ----------------------------------------------------------------------------------------------------
[2025-09-10 05:17:10] Train Epoch 20: loss=0.491018, acc=83.13%
[2025-09-10 05:17:34] Val: loss=0.197139, acc=94.91%
[2025-09-10 05:17:34] Val loss not improved.
[2025-09-10 05:17:34] time/epoch: 129.015s
[2025-09-10 05:17:34] ----------------------------------------------------------------------------------------------------
[2025-09-10 05:19:18] Train Epoch 21: loss=0.446883, acc=85.00%
[2025-09-10 05:19:41] Val: loss=0.114347, acc=97.17%
[2025-09-10 05:19:41] Val loss not improved.
[2025-09-10 05:19:41] time/epoch: 126.976s
[2025-09-10 05:19:41] ----------------------------------------------------------------------------------------------------
[2025-09-10 05:21:23] Train Epoch 22: loss=0.422122, acc=85.51%
[2025-09-10 05:21:46] Val: loss=0.397929, acc=98.87%
[2025-09-10 05:21:46] Val loss not improved.
[2025-09-10 05:21:46] time/epoch: 124.892s
[2025-09-10 05:21:46] ----------------------------------------------------------------------------------------------------
[2025-09-10 05:23:30] Train Epoch 23: loss=0.441613, acc=86.38%
[2025-09-10 05:23:53] Val: loss=0.070151, acc=99.43%
[2025-09-10 05:23:53] ↓ New best val loss: 0.096719 -> 0.070151 (model saved)
[2025-09-10 05:23:53] time/epoch: 127.247s
[2025-09-10 05:23:53] ----------------------------------------------------------------------------------------------------
[2025-09-10 05:25:40] Train Epoch 24: loss=0.425299, acc=84.86%
[2025-09-10 05:26:01] Val: loss=0.063859, acc=98.11%
[2025-09-10 05:26:01] ↓ New best val loss: 0.070151 -> 0.063859 (model saved)
[2025-09-10 05:26:01] time/epoch: 128.532s
[2025-09-10 05:26:01] ----------------------------------------------------------------------------------------------------
[2025-09-10 05:27:42] Train Epoch 25: loss=0.447561, acc=84.93%
[2025-09-10 05:28:06] Val: loss=0.135089, acc=98.68%
[2025-09-10 05:28:06] Val loss not improved.
[2025-09-10 05:28:06] time/epoch: 124.780s
[2025-09-10 05:28:06] ----------------------------------------------------------------------------------------------------
[2025-09-10 05:29:46] Train Epoch 26: loss=0.399830, acc=86.52%
[2025-09-10 05:30:07] Val: loss=0.166329, acc=100.00%
[2025-09-10 05:30:07] Val loss not improved.
[2025-09-10 05:30:07] time/epoch: 121.024s
[2025-09-10 05:30:07] ----------------------------------------------------------------------------------------------------
[2025-09-10 05:31:50] Train Epoch 27: loss=0.399832, acc=87.08%
[2025-09-10 05:32:12] Val: loss=0.348752, acc=99.81%
[2025-09-10 05:32:12] Val loss not improved.
[2025-09-10 05:32:12] time/epoch: 124.711s
[2025-09-10 05:32:12] ----------------------------------------------------------------------------------------------------
[2025-09-10 05:33:48] Train Epoch 28: loss=0.352260, acc=89.50%
[2025-09-10 05:34:11] Val: loss=0.345290, acc=99.81%
[2025-09-10 05:34:11] Val loss not improved.
[2025-09-10 05:34:11] time/epoch: 119.412s
[2025-09-10 05:34:11] ----------------------------------------------------------------------------------------------------
[2025-09-10 05:35:48] Train Epoch 29: loss=0.408258, acc=86.55%
[2025-09-10 05:36:09] Val: loss=0.076486, acc=98.11%
[2025-09-10 05:36:09] Val loss not improved.
[2025-09-10 05:36:09] time/epoch: 118.068s
[2025-09-10 05:36:09] ----------------------------------------------------------------------------------------------------
[2025-09-10 05:37:44] Train Epoch 30: loss=0.428203, acc=85.43%
[2025-09-10 05:38:06] Val: loss=0.049197, acc=99.81%
[2025-09-10 05:38:06] ↓ New best val loss: 0.063859 -> 0.049197 (model saved)
[2025-09-10 05:38:06] time/epoch: 116.641s
[2025-09-10 05:38:06] ----------------------------------------------------------------------------------------------------
[2025-09-10 05:39:46] Train Epoch 31: loss=0.465749, acc=82.72%
[2025-09-10 05:40:07] Val: loss=0.089605, acc=97.55%
[2025-09-10 05:40:07] Val loss not improved.
[2025-09-10 05:40:07] time/epoch: 120.543s
[2025-09-10 05:40:07] ----------------------------------------------------------------------------------------------------
[2025-09-10 05:41:45] Train Epoch 32: loss=0.458968, acc=83.42%
[2025-09-10 05:42:08] Val: loss=0.046884, acc=99.81%
[2025-09-10 05:42:08] ↓ New best val loss: 0.049197 -> 0.046884 (model saved)
[2025-09-10 05:42:08] time/epoch: 121.607s
[2025-09-10 05:42:08] ----------------------------------------------------------------------------------------------------
[2025-09-10 05:43:40] Train Epoch 33: loss=0.399349, acc=86.53%
[2025-09-10 05:44:02] Val: loss=0.310890, acc=93.40%
[2025-09-10 05:44:02] Val loss not improved.
[2025-09-10 05:44:02] time/epoch: 113.722s
[2025-09-10 05:44:02] ----------------------------------------------------------------------------------------------------
[2025-09-10 05:45:31] Train Epoch 34: loss=0.391374, acc=85.63%
[2025-09-10 05:45:51] Val: loss=0.125912, acc=95.85%
[2025-09-10 05:45:51] Val loss not improved.
[2025-09-10 05:45:51] time/epoch: 108.523s
[2025-09-10 05:45:51] ----------------------------------------------------------------------------------------------------
[2025-09-10 05:47:12] Train Epoch 35: loss=0.393962, acc=86.50%
[2025-09-10 05:47:31] Val: loss=1.745337, acc=43.21%
[2025-09-10 05:47:31] Val loss not improved.
[2025-09-10 05:47:31] time/epoch: 100.499s
[2025-09-10 05:47:31] ----------------------------------------------------------------------------------------------------
[2025-09-10 05:48:53] Train Epoch 36: loss=0.369958, acc=88.52%
[2025-09-10 05:49:11] Val: loss=1.767179, acc=12.45%
[2025-09-10 05:49:11] Val loss not improved.
[2025-09-10 05:49:11] time/epoch: 99.488s
[2025-09-10 05:49:11] ----------------------------------------------------------------------------------------------------
[2025-09-10 05:50:26] Train Epoch 37: loss=0.417225, acc=85.73%
[2025-09-10 05:50:43] Val: loss=0.042063, acc=98.87%
[2025-09-10 05:50:43] ↓ New best val loss: 0.046884 -> 0.042063 (model saved)
[2025-09-10 05:50:43] time/epoch: 92.637s
[2025-09-10 05:50:43] ----------------------------------------------------------------------------------------------------
[2025-09-10 05:52:05] Train Epoch 38: loss=0.409518, acc=85.58%
[2025-09-10 05:52:23] Val: loss=0.022948, acc=99.81%
[2025-09-10 05:52:23] ↓ New best val loss: 0.042063 -> 0.022948 (model saved)
[2025-09-10 05:52:23] time/epoch: 99.869s
[2025-09-10 05:52:23] ----------------------------------------------------------------------------------------------------
[2025-09-10 05:53:41] Train Epoch 39: loss=0.377685, acc=86.98%
[2025-09-10 05:53:59] Val: loss=0.525636, acc=87.17%
[2025-09-10 05:53:59] Val loss not improved.
[2025-09-10 05:53:59] time/epoch: 95.623s
[2025-09-10 05:53:59] ----------------------------------------------------------------------------------------------------
[2025-09-10 05:55:11] Train Epoch 40: loss=0.415594, acc=86.12%
[2025-09-10 05:55:30] Val: loss=0.301245, acc=100.00%
[2025-09-10 05:55:30] Val loss not improved.
[2025-09-10 05:55:30] time/epoch: 90.903s
[2025-09-10 05:55:30] ----------------------------------------------------------------------------------------------------
[2025-09-10 05:56:46] Train Epoch 41: loss=0.380063, acc=87.06%
[2025-09-10 05:57:04] Val: loss=0.212449, acc=93.40%
[2025-09-10 05:57:04] Val loss not improved.
[2025-09-10 05:57:04] time/epoch: 94.546s
[2025-09-10 05:57:04] ----------------------------------------------------------------------------------------------------
[2025-09-10 05:58:01] Train Epoch 42: loss=0.448758, acc=84.45%
[2025-09-10 05:58:13] Val: loss=0.115822, acc=98.30%
[2025-09-10 05:58:13] Val loss not improved.
[2025-09-10 05:58:13] time/epoch: 68.556s
[2025-09-10 05:58:13] ----------------------------------------------------------------------------------------------------
[2025-09-10 05:59:08] Train Epoch 43: loss=0.424130, acc=85.34%
[2025-09-10 05:59:20] Val: loss=0.967153, acc=84.15%
[2025-09-10 05:59:20] Val loss not improved.
[2025-09-10 05:59:20] time/epoch: 67.677s
[2025-09-10 05:59:20] ----------------------------------------------------------------------------------------------------
[2025-09-10 06:00:17] Train Epoch 44: loss=0.425193, acc=84.49%
[2025-09-10 06:00:29] Val: loss=0.041113, acc=99.62%
[2025-09-10 06:00:29] Val loss not improved.
[2025-09-10 06:00:29] time/epoch: 69.178s
[2025-09-10 06:00:29] ----------------------------------------------------------------------------------------------------
[2025-09-10 06:01:25] Train Epoch 45: loss=0.411120, acc=85.44%
[2025-09-10 06:01:37] Val: loss=0.583034, acc=88.49%
[2025-09-10 06:01:37] Val loss not improved.
[2025-09-10 06:01:37] time/epoch: 67.452s
[2025-09-10 06:01:37] ----------------------------------------------------------------------------------------------------
[2025-09-10 06:02:39] Train Epoch 46: loss=0.461474, acc=83.30%
[2025-09-10 06:02:51] Val: loss=0.397311, acc=99.62%
[2025-09-10 06:02:51] Val loss not improved.
[2025-09-10 06:02:51] time/epoch: 74.342s
[2025-09-10 06:02:51] ----------------------------------------------------------------------------------------------------
[2025-09-10 06:03:49] Train Epoch 47: loss=0.385036, acc=85.87%
[2025-09-10 06:04:02] Val: loss=0.131451, acc=99.81%
[2025-09-10 06:04:02] Val loss not improved.
[2025-09-10 06:04:02] time/epoch: 70.408s
[2025-09-10 06:04:02] ----------------------------------------------------------------------------------------------------
[2025-09-10 06:05:00] Train Epoch 48: loss=0.455787, acc=82.86%
[2025-09-10 06:05:12] Val: loss=0.555551, acc=76.60%
[2025-09-10 06:05:12] Val loss not improved.
[2025-09-10 06:05:12] time/epoch: 70.653s
[2025-09-10 06:05:12] ----------------------------------------------------------------------------------------------------
[2025-09-10 06:06:17] Train Epoch 49: loss=0.457532, acc=81.98%
[2025-09-10 06:06:31] Val: loss=1.080558, acc=73.77%
[2025-09-10 06:06:31] Val loss not improved.
[2025-09-10 06:06:31] time/epoch: 79.118s
[2025-09-10 06:06:31] ----------------------------------------------------------------------------------------------------
[2025-09-10 06:07:37] Train Epoch 50: loss=0.429074, acc=84.48%
[2025-09-10 06:07:51] Val: loss=0.117063, acc=97.17%
[2025-09-10 06:07:51] Val loss not improved.
[2025-09-10 06:07:51] time/epoch: 79.891s
[2025-09-10 06:07:51] ----------------------------------------------------------------------------------------------------
[2025-09-10 06:07:51] Avg time/epoch: 108.229s
[2025-09-10 06:07:51] total training time: 5411.470s
[2025-09-10 06:07:58] Avg infer time/batch: 0.024022s
[2025-09-10 06:07:58] [TEST] acc=99.17% (238/240)
[2025-09-10 06:07:58] ==== [15ft] RUN END (test_acc=99.17%) ====
