[2025-09-09 22:57:36] ==== [6ft] RUN START ====
[2025-09-09 22:57:36] train_h5=/data02/lpl/github/SH_hybrid/data/6ft_train.h5 | test_h5=/data02/lpl/github/SH_hybrid/data/6ft_test.h5
[2025-09-09 22:57:36] save_path=model_weight/mynet_6ft.pth
[2025-09-09 23:03:39] [THOP] FLOPs=921951152.0  Params=58835.0
[2025-09-09 23:05:29] Train Epoch 1: loss=2.259719, acc=31.97%
[2025-09-09 23:05:53] Val: loss=2.401873, acc=45.16%
[2025-09-09 23:05:53] ↓ New best val loss: inf -> 2.401873 (model saved)
[2025-09-09 23:05:53] time/epoch: 134.442s
[2025-09-09 23:05:53] ----------------------------------------------------------------------------------------------------
[2025-09-09 23:07:47] Train Epoch 2: loss=0.745167, acc=77.75%
[2025-09-09 23:08:11] Val: loss=4.145539, acc=29.89%
[2025-09-09 23:08:11] Val loss not improved.
[2025-09-09 23:08:11] time/epoch: 138.165s
[2025-09-09 23:08:11] ----------------------------------------------------------------------------------------------------
[2025-09-09 23:10:00] Train Epoch 3: loss=0.621497, acc=80.84%
[2025-09-09 23:10:23] Val: loss=5.973717, acc=38.10%
[2025-09-09 23:10:23] Val loss not improved.
[2025-09-09 23:10:23] time/epoch: 131.986s
[2025-09-09 23:10:23] ----------------------------------------------------------------------------------------------------
[2025-09-09 23:12:17] Train Epoch 4: loss=0.533527, acc=85.22%
[2025-09-09 23:12:40] Val: loss=0.693613, acc=72.91%
[2025-09-09 23:12:40] ↓ New best val loss: 2.401873 -> 0.693613 (model saved)
[2025-09-09 23:12:40] time/epoch: 136.373s
[2025-09-09 23:12:40] ----------------------------------------------------------------------------------------------------
[2025-09-09 23:14:34] Train Epoch 5: loss=0.531864, acc=83.92%
[2025-09-09 23:14:57] Val: loss=1.252298, acc=56.81%
[2025-09-09 23:14:57] Val loss not improved.
[2025-09-09 23:14:57] time/epoch: 136.827s
[2025-09-09 23:14:57] ----------------------------------------------------------------------------------------------------
[2025-09-09 23:16:50] Train Epoch 6: loss=0.547059, acc=83.06%
[2025-09-09 23:17:15] Val: loss=0.198341, acc=97.70%
[2025-09-09 23:17:15] ↓ New best val loss: 0.693613 -> 0.198341 (model saved)
[2025-09-09 23:17:15] time/epoch: 138.570s
[2025-09-09 23:17:15] ----------------------------------------------------------------------------------------------------
[2025-09-09 23:19:07] Train Epoch 7: loss=0.496022, acc=84.83%
[2025-09-09 23:19:31] Val: loss=0.195850, acc=94.58%
[2025-09-09 23:19:31] ↓ New best val loss: 0.198341 -> 0.195850 (model saved)
[2025-09-09 23:19:31] time/epoch: 136.210s
[2025-09-09 23:19:31] ----------------------------------------------------------------------------------------------------
[2025-09-09 23:21:22] Train Epoch 8: loss=0.484453, acc=85.13%
[2025-09-09 23:21:46] Val: loss=0.757779, acc=90.15%
[2025-09-09 23:21:46] Val loss not improved.
[2025-09-09 23:21:46] time/epoch: 134.887s
[2025-09-09 23:21:46] ----------------------------------------------------------------------------------------------------
[2025-09-09 23:23:37] Train Epoch 9: loss=0.514981, acc=83.73%
[2025-09-09 23:24:03] Val: loss=0.108721, acc=96.39%
[2025-09-09 23:24:03] ↓ New best val loss: 0.195850 -> 0.108721 (model saved)
[2025-09-09 23:24:03] time/epoch: 136.352s
[2025-09-09 23:24:03] ----------------------------------------------------------------------------------------------------
[2025-09-09 23:25:52] Train Epoch 10: loss=0.463553, acc=85.21%
[2025-09-09 23:26:15] Val: loss=0.397819, acc=95.89%
[2025-09-09 23:26:15] Val loss not improved.
[2025-09-09 23:26:15] time/epoch: 132.177s
[2025-09-09 23:26:15] ----------------------------------------------------------------------------------------------------
[2025-09-09 23:28:07] Train Epoch 11: loss=0.479183, acc=85.46%
[2025-09-09 23:28:30] Val: loss=0.455573, acc=96.72%
[2025-09-09 23:28:30] Val loss not improved.
[2025-09-09 23:28:30] time/epoch: 135.447s
[2025-09-09 23:28:30] ----------------------------------------------------------------------------------------------------
[2025-09-09 23:30:24] Train Epoch 12: loss=0.461011, acc=85.36%
[2025-09-09 23:30:48] Val: loss=0.193064, acc=98.85%
[2025-09-09 23:30:48] Val loss not improved.
[2025-09-09 23:30:48] time/epoch: 137.444s
[2025-09-09 23:30:48] ----------------------------------------------------------------------------------------------------
[2025-09-09 23:32:37] Train Epoch 13: loss=0.542798, acc=81.66%
[2025-09-09 23:33:01] Val: loss=0.477166, acc=93.92%
[2025-09-09 23:33:01] Val loss not improved.
[2025-09-09 23:33:01] time/epoch: 133.239s
[2025-09-09 23:33:01] ----------------------------------------------------------------------------------------------------
[2025-09-09 23:34:58] Train Epoch 14: loss=0.486513, acc=83.26%
[2025-09-09 23:35:21] Val: loss=0.305418, acc=98.52%
[2025-09-09 23:35:21] Val loss not improved.
[2025-09-09 23:35:21] time/epoch: 139.919s
[2025-09-09 23:35:21] ----------------------------------------------------------------------------------------------------
[2025-09-09 23:37:09] Train Epoch 15: loss=0.477159, acc=84.06%
[2025-09-09 23:37:31] Val: loss=0.487577, acc=96.22%
[2025-09-09 23:37:31] Val loss not improved.
[2025-09-09 23:37:31] time/epoch: 129.785s
[2025-09-09 23:37:31] ----------------------------------------------------------------------------------------------------
[2025-09-09 23:39:16] Train Epoch 16: loss=0.488852, acc=83.57%
[2025-09-09 23:39:38] Val: loss=0.567727, acc=82.43%
[2025-09-09 23:39:38] Val loss not improved.
[2025-09-09 23:39:38] time/epoch: 127.531s
[2025-09-09 23:39:38] ----------------------------------------------------------------------------------------------------
[2025-09-09 23:41:31] Train Epoch 17: loss=0.505069, acc=82.24%
[2025-09-09 23:41:55] Val: loss=0.717906, acc=94.58%
[2025-09-09 23:41:55] Val loss not improved.
[2025-09-09 23:41:55] time/epoch: 136.866s
[2025-09-09 23:41:55] ----------------------------------------------------------------------------------------------------
[2025-09-09 23:43:45] Train Epoch 18: loss=0.423847, acc=86.74%
[2025-09-09 23:44:09] Val: loss=0.346958, acc=91.46%
[2025-09-09 23:44:09] Val loss not improved.
[2025-09-09 23:44:09] time/epoch: 134.210s
[2025-09-09 23:44:09] ----------------------------------------------------------------------------------------------------
[2025-09-09 23:46:02] Train Epoch 19: loss=0.433965, acc=85.67%
[2025-09-09 23:46:26] Val: loss=0.302353, acc=95.73%
[2025-09-09 23:46:26] Val loss not improved.
[2025-09-09 23:46:26] time/epoch: 137.231s
[2025-09-09 23:46:26] ----------------------------------------------------------------------------------------------------
[2025-09-09 23:48:15] Train Epoch 20: loss=0.461786, acc=83.64%
[2025-09-09 23:48:39] Val: loss=0.135871, acc=98.03%
[2025-09-09 23:48:39] Val loss not improved.
[2025-09-09 23:48:39] time/epoch: 132.553s
[2025-09-09 23:48:39] ----------------------------------------------------------------------------------------------------
[2025-09-09 23:50:31] Train Epoch 21: loss=0.485567, acc=85.94%
[2025-09-09 23:50:53] Val: loss=2.555383, acc=35.63%
[2025-09-09 23:50:53] Val loss not improved.
[2025-09-09 23:50:53] time/epoch: 133.781s
[2025-09-09 23:50:53] ----------------------------------------------------------------------------------------------------
[2025-09-09 23:52:38] Train Epoch 22: loss=0.523996, acc=83.47%
[2025-09-09 23:53:02] Val: loss=0.207898, acc=99.84%
[2025-09-09 23:53:02] Val loss not improved.
[2025-09-09 23:53:02] time/epoch: 129.311s
[2025-09-09 23:53:02] ----------------------------------------------------------------------------------------------------
[2025-09-09 23:54:50] Train Epoch 23: loss=0.476040, acc=83.44%
[2025-09-09 23:55:13] Val: loss=1.279657, acc=89.49%
[2025-09-09 23:55:13] Val loss not improved.
[2025-09-09 23:55:13] time/epoch: 130.721s
[2025-09-09 23:55:13] ----------------------------------------------------------------------------------------------------
[2025-09-09 23:57:05] Train Epoch 24: loss=0.457428, acc=84.67%
[2025-09-09 23:57:29] Val: loss=0.401104, acc=98.85%
[2025-09-09 23:57:29] Val loss not improved.
[2025-09-09 23:57:29] time/epoch: 136.660s
[2025-09-09 23:57:29] ----------------------------------------------------------------------------------------------------
[2025-09-09 23:59:21] Train Epoch 25: loss=0.496100, acc=83.70%
[2025-09-09 23:59:42] Val: loss=0.935466, acc=96.06%
[2025-09-09 23:59:42] Val loss not improved.
[2025-09-09 23:59:42] time/epoch: 132.378s
[2025-09-09 23:59:42] ----------------------------------------------------------------------------------------------------
[2025-09-10 00:01:33] Train Epoch 26: loss=0.499025, acc=83.27%
[2025-09-10 00:01:56] Val: loss=0.093254, acc=97.70%
[2025-09-10 00:01:56] ↓ New best val loss: 0.108721 -> 0.093254 (model saved)
[2025-09-10 00:01:56] time/epoch: 133.670s
[2025-09-10 00:01:56] ----------------------------------------------------------------------------------------------------
[2025-09-10 00:03:50] Train Epoch 27: loss=0.464063, acc=84.77%
[2025-09-10 00:04:13] Val: loss=0.349281, acc=97.21%
[2025-09-10 00:04:13] Val loss not improved.
[2025-09-10 00:04:13] time/epoch: 137.004s
[2025-09-10 00:04:13] ----------------------------------------------------------------------------------------------------
[2025-09-10 00:06:04] Train Epoch 28: loss=0.486854, acc=82.60%
[2025-09-10 00:06:28] Val: loss=0.100570, acc=99.18%
[2025-09-10 00:06:28] Val loss not improved.
[2025-09-10 00:06:28] time/epoch: 135.496s
[2025-09-10 00:06:28] ----------------------------------------------------------------------------------------------------
[2025-09-10 00:08:21] Train Epoch 29: loss=0.437980, acc=86.06%
[2025-09-10 00:08:44] Val: loss=0.130428, acc=96.72%
[2025-09-10 00:08:44] Val loss not improved.
[2025-09-10 00:08:44] time/epoch: 135.712s
[2025-09-10 00:08:44] ----------------------------------------------------------------------------------------------------
[2025-09-10 00:10:36] Train Epoch 30: loss=0.431527, acc=86.00%
[2025-09-10 00:10:59] Val: loss=0.194970, acc=95.40%
[2025-09-10 00:10:59] Val loss not improved.
[2025-09-10 00:10:59] time/epoch: 135.142s
[2025-09-10 00:10:59] ----------------------------------------------------------------------------------------------------
[2025-09-10 00:12:49] Train Epoch 31: loss=0.491425, acc=82.82%
[2025-09-10 00:13:13] Val: loss=0.442763, acc=96.39%
[2025-09-10 00:13:13] Val loss not improved.
[2025-09-10 00:13:13] time/epoch: 134.146s
[2025-09-10 00:13:13] ----------------------------------------------------------------------------------------------------
[2025-09-10 00:15:01] Train Epoch 32: loss=0.412307, acc=86.55%
[2025-09-10 00:15:24] Val: loss=0.129629, acc=95.57%
[2025-09-10 00:15:24] Val loss not improved.
[2025-09-10 00:15:24] time/epoch: 131.253s
[2025-09-10 00:15:24] ----------------------------------------------------------------------------------------------------
[2025-09-10 00:17:16] Train Epoch 33: loss=0.462301, acc=84.02%
[2025-09-10 00:17:39] Val: loss=0.127189, acc=96.39%
[2025-09-10 00:17:39] Val loss not improved.
[2025-09-10 00:17:39] time/epoch: 134.999s
[2025-09-10 00:17:39] ----------------------------------------------------------------------------------------------------
[2025-09-10 00:19:31] Train Epoch 34: loss=0.508453, acc=81.98%
[2025-09-10 00:19:55] Val: loss=0.208592, acc=93.92%
[2025-09-10 00:19:55] Val loss not improved.
[2025-09-10 00:19:55] time/epoch: 135.577s
[2025-09-10 00:19:55] ----------------------------------------------------------------------------------------------------
[2025-09-10 00:21:45] Train Epoch 35: loss=0.476679, acc=83.91%
[2025-09-10 00:22:09] Val: loss=0.204974, acc=99.01%
[2025-09-10 00:22:09] Val loss not improved.
[2025-09-10 00:22:09] time/epoch: 134.261s
[2025-09-10 00:22:09] ----------------------------------------------------------------------------------------------------
[2025-09-10 00:23:56] Train Epoch 36: loss=0.506512, acc=82.84%
[2025-09-10 00:24:22] Val: loss=0.123509, acc=95.07%
[2025-09-10 00:24:22] Val loss not improved.
[2025-09-10 00:24:22] time/epoch: 132.779s
[2025-09-10 00:24:22] ----------------------------------------------------------------------------------------------------
[2025-09-10 00:26:08] Train Epoch 37: loss=0.415465, acc=86.04%
[2025-09-10 00:26:26] Val: loss=0.243289, acc=93.92%
[2025-09-10 00:26:26] Val loss not improved.
[2025-09-10 00:26:26] time/epoch: 124.147s
[2025-09-10 00:26:26] ----------------------------------------------------------------------------------------------------
[2025-09-10 00:27:58] Train Epoch 38: loss=0.482072, acc=83.12%
[2025-09-10 00:28:16] Val: loss=0.113720, acc=96.06%
[2025-09-10 00:28:16] Val loss not improved.
[2025-09-10 00:28:16] time/epoch: 109.974s
[2025-09-10 00:28:16] ----------------------------------------------------------------------------------------------------
[2025-09-10 00:29:45] Train Epoch 39: loss=0.487532, acc=83.26%
[2025-09-10 00:30:04] Val: loss=0.090369, acc=98.36%
[2025-09-10 00:30:04] ↓ New best val loss: 0.093254 -> 0.090369 (model saved)
[2025-09-10 00:30:04] time/epoch: 107.703s
[2025-09-10 00:30:04] ----------------------------------------------------------------------------------------------------
[2025-09-10 00:31:36] Train Epoch 40: loss=0.454304, acc=84.63%
[2025-09-10 00:31:56] Val: loss=0.150693, acc=96.72%
[2025-09-10 00:31:56] Val loss not improved.
[2025-09-10 00:31:56] time/epoch: 112.085s
[2025-09-10 00:31:56] ----------------------------------------------------------------------------------------------------
[2025-09-10 00:33:47] Train Epoch 41: loss=0.428623, acc=83.97%
[2025-09-10 00:34:11] Val: loss=0.115943, acc=97.54%
[2025-09-10 00:34:11] Val loss not improved.
[2025-09-10 00:34:11] time/epoch: 135.565s
[2025-09-10 00:34:11] ----------------------------------------------------------------------------------------------------
[2025-09-10 00:36:01] Train Epoch 42: loss=0.450629, acc=83.82%
[2025-09-10 00:36:25] Val: loss=0.252762, acc=97.04%
[2025-09-10 00:36:25] Val loss not improved.
[2025-09-10 00:36:25] time/epoch: 133.278s
[2025-09-10 00:36:25] ----------------------------------------------------------------------------------------------------
[2025-09-10 00:38:19] Train Epoch 43: loss=0.441604, acc=84.40%
[2025-09-10 00:38:43] Val: loss=0.146513, acc=94.58%
[2025-09-10 00:38:43] Val loss not improved.
[2025-09-10 00:38:43] time/epoch: 137.928s
[2025-09-10 00:38:43] ----------------------------------------------------------------------------------------------------
[2025-09-10 00:40:35] Train Epoch 44: loss=0.463687, acc=82.82%
[2025-09-10 00:41:01] Val: loss=0.215005, acc=98.52%
[2025-09-10 00:41:01] Val loss not improved.
[2025-09-10 00:41:01] time/epoch: 138.113s
[2025-09-10 00:41:01] ----------------------------------------------------------------------------------------------------
[2025-09-10 00:42:51] Train Epoch 45: loss=0.448131, acc=85.24%
[2025-09-10 00:43:15] Val: loss=0.304957, acc=98.36%
[2025-09-10 00:43:15] Val loss not improved.
[2025-09-10 00:43:15] time/epoch: 134.064s
[2025-09-10 00:43:15] ----------------------------------------------------------------------------------------------------
[2025-09-10 00:45:03] Train Epoch 46: loss=0.469295, acc=82.90%
[2025-09-10 00:45:26] Val: loss=0.092450, acc=97.87%
[2025-09-10 00:45:26] Val loss not improved.
[2025-09-10 00:45:26] time/epoch: 130.999s
[2025-09-10 00:45:26] ----------------------------------------------------------------------------------------------------
[2025-09-10 00:46:46] Train Epoch 47: loss=0.441236, acc=84.19%
[2025-09-10 00:47:01] Val: loss=0.294080, acc=90.31%
[2025-09-10 00:47:01] Val loss not improved.
[2025-09-10 00:47:01] time/epoch: 95.543s
[2025-09-10 00:47:01] ----------------------------------------------------------------------------------------------------
[2025-09-10 00:48:13] Train Epoch 48: loss=0.498375, acc=81.28%
[2025-09-10 00:48:29] Val: loss=0.077087, acc=97.70%
[2025-09-10 00:48:29] ↓ New best val loss: 0.090369 -> 0.077087 (model saved)
[2025-09-10 00:48:29] time/epoch: 87.732s
[2025-09-10 00:48:29] ----------------------------------------------------------------------------------------------------
[2025-09-10 00:49:40] Train Epoch 49: loss=0.473799, acc=83.04%
[2025-09-10 00:49:55] Val: loss=0.112347, acc=97.21%
[2025-09-10 00:49:55] Val loss not improved.
[2025-09-10 00:49:55] time/epoch: 86.194s
[2025-09-10 00:49:55] ----------------------------------------------------------------------------------------------------
[2025-09-10 00:51:09] Train Epoch 50: loss=0.475957, acc=82.83%
[2025-09-10 00:51:25] Val: loss=0.286825, acc=96.22%
[2025-09-10 00:51:25] Val loss not improved.
[2025-09-10 00:51:25] time/epoch: 89.504s
[2025-09-10 00:51:25] ----------------------------------------------------------------------------------------------------
[2025-09-10 00:51:25] Avg time/epoch: 129.319s
[2025-09-10 00:51:25] total training time: 6465.948s
[2025-09-10 00:51:35] Avg infer time/batch: 0.030344s
[2025-09-10 00:51:35] [TEST] acc=95.00% (266/280)
[2025-09-10 00:51:35] ==== [6ft] RUN END (test_acc=95.00%) ====
