[2025-09-10 00:51:35] ==== [9ft] RUN START ====
[2025-09-10 00:51:35] train_h5=/data02/lpl/github/SH_hybrid/data/9ft_train.h5 | test_h5=/data02/lpl/github/SH_hybrid/data/9ft_test.h5
[2025-09-10 00:51:35] save_path=model_weight/mynet_9ft.pth
[2025-09-10 00:58:04] [THOP] FLOPs=921951152.0  Params=58835.0
[2025-09-10 01:00:04] Train Epoch 1: loss=2.030673, acc=37.71%
[2025-09-10 01:00:31] Val: loss=13.144871, acc=14.56%
[2025-09-10 01:00:31] ↓ New best val loss: inf -> 13.144871 (model saved)
[2025-09-10 01:00:31] time/epoch: 147.096s
[2025-09-10 01:00:31] ----------------------------------------------------------------------------------------------------
[2025-09-10 01:02:27] Train Epoch 2: loss=0.732067, acc=77.14%
[2025-09-10 01:02:49] Val: loss=1.408504, acc=44.28%
[2025-09-10 01:02:49] ↓ New best val loss: 13.144871 -> 1.408504 (model saved)
[2025-09-10 01:02:49] time/epoch: 138.152s
[2025-09-10 01:02:49] ----------------------------------------------------------------------------------------------------
[2025-09-10 01:04:32] Train Epoch 3: loss=0.592909, acc=83.45%
[2025-09-10 01:04:56] Val: loss=0.912544, acc=61.07%
[2025-09-10 01:04:56] ↓ New best val loss: 1.408504 -> 0.912544 (model saved)
[2025-09-10 01:04:56] time/epoch: 126.686s
[2025-09-10 01:04:56] ----------------------------------------------------------------------------------------------------
[2025-09-10 01:06:40] Train Epoch 4: loss=0.528200, acc=84.40%
[2025-09-10 01:07:02] Val: loss=0.708938, acc=87.67%
[2025-09-10 01:07:02] ↓ New best val loss: 0.912544 -> 0.708938 (model saved)
[2025-09-10 01:07:02] time/epoch: 126.213s
[2025-09-10 01:07:02] ----------------------------------------------------------------------------------------------------
[2025-09-10 01:08:45] Train Epoch 5: loss=0.544627, acc=83.15%
[2025-09-10 01:09:09] Val: loss=18.426041, acc=11.14%
[2025-09-10 01:09:09] Val loss not improved.
[2025-09-10 01:09:09] time/epoch: 127.661s
[2025-09-10 01:09:09] ----------------------------------------------------------------------------------------------------
[2025-09-10 01:11:09] Train Epoch 6: loss=0.489084, acc=84.10%
[2025-09-10 01:11:34] Val: loss=0.154292, acc=99.55%
[2025-09-10 01:11:34] ↓ New best val loss: 0.708938 -> 0.154292 (model saved)
[2025-09-10 01:11:34] time/epoch: 144.365s
[2025-09-10 01:11:34] ----------------------------------------------------------------------------------------------------
[2025-09-10 01:13:35] Train Epoch 7: loss=0.457114, acc=86.15%
[2025-09-10 01:13:59] Val: loss=0.297633, acc=99.11%
[2025-09-10 01:13:59] Val loss not improved.
[2025-09-10 01:13:59] time/epoch: 145.296s
[2025-09-10 01:13:59] ----------------------------------------------------------------------------------------------------
[2025-09-10 01:16:03] Train Epoch 8: loss=0.463355, acc=84.97%
[2025-09-10 01:16:31] Val: loss=2.127372, acc=66.12%
[2025-09-10 01:16:31] Val loss not improved.
[2025-09-10 01:16:31] time/epoch: 151.559s
[2025-09-10 01:16:31] ----------------------------------------------------------------------------------------------------
[2025-09-10 01:18:31] Train Epoch 9: loss=0.474589, acc=85.66%
[2025-09-10 01:18:57] Val: loss=0.354359, acc=99.26%
[2025-09-10 01:18:57] Val loss not improved.
[2025-09-10 01:18:57] time/epoch: 146.135s
[2025-09-10 01:18:57] ----------------------------------------------------------------------------------------------------
[2025-09-10 01:20:55] Train Epoch 10: loss=0.500458, acc=82.90%
[2025-09-10 01:21:21] Val: loss=0.135319, acc=96.88%
[2025-09-10 01:21:21] ↓ New best val loss: 0.154292 -> 0.135319 (model saved)
[2025-09-10 01:21:21] time/epoch: 144.575s
[2025-09-10 01:21:21] ----------------------------------------------------------------------------------------------------
[2025-09-10 01:23:19] Train Epoch 11: loss=0.478250, acc=85.18%
[2025-09-10 01:23:45] Val: loss=0.178441, acc=98.96%
[2025-09-10 01:23:45] Val loss not improved.
[2025-09-10 01:23:45] time/epoch: 143.193s
[2025-09-10 01:23:45] ----------------------------------------------------------------------------------------------------
[2025-09-10 01:25:49] Train Epoch 12: loss=0.431786, acc=86.67%
[2025-09-10 01:26:13] Val: loss=0.884922, acc=97.77%
[2025-09-10 01:26:13] Val loss not improved.
[2025-09-10 01:26:13] time/epoch: 148.673s
[2025-09-10 01:26:13] ----------------------------------------------------------------------------------------------------
[2025-09-10 01:28:14] Train Epoch 13: loss=0.540303, acc=81.69%
[2025-09-10 01:28:40] Val: loss=0.056670, acc=99.11%
[2025-09-10 01:28:40] ↓ New best val loss: 0.135319 -> 0.056670 (model saved)
[2025-09-10 01:28:40] time/epoch: 147.089s
[2025-09-10 01:28:40] ----------------------------------------------------------------------------------------------------
[2025-09-10 01:30:39] Train Epoch 14: loss=0.490009, acc=84.36%
[2025-09-10 01:31:05] Val: loss=0.332000, acc=99.26%
[2025-09-10 01:31:05] Val loss not improved.
[2025-09-10 01:31:05] time/epoch: 144.387s
[2025-09-10 01:31:05] ----------------------------------------------------------------------------------------------------
[2025-09-10 01:33:06] Train Epoch 15: loss=0.479832, acc=84.16%
[2025-09-10 01:33:32] Val: loss=0.045474, acc=99.85%
[2025-09-10 01:33:32] ↓ New best val loss: 0.056670 -> 0.045474 (model saved)
[2025-09-10 01:33:32] time/epoch: 146.929s
[2025-09-10 01:33:32] ----------------------------------------------------------------------------------------------------
[2025-09-10 01:35:29] Train Epoch 16: loss=0.488153, acc=83.16%
[2025-09-10 01:35:55] Val: loss=0.426711, acc=87.22%
[2025-09-10 01:35:55] Val loss not improved.
[2025-09-10 01:35:55] time/epoch: 143.018s
[2025-09-10 01:35:55] ----------------------------------------------------------------------------------------------------
[2025-09-10 01:37:57] Train Epoch 17: loss=0.456317, acc=84.44%
[2025-09-10 01:38:23] Val: loss=0.292459, acc=99.85%
[2025-09-10 01:38:23] Val loss not improved.
[2025-09-10 01:38:23] time/epoch: 148.426s
[2025-09-10 01:38:23] ----------------------------------------------------------------------------------------------------
[2025-09-10 01:40:26] Train Epoch 18: loss=0.469006, acc=83.78%
[2025-09-10 01:40:52] Val: loss=0.259802, acc=100.00%
[2025-09-10 01:40:52] Val loss not improved.
[2025-09-10 01:40:52] time/epoch: 148.729s
[2025-09-10 01:40:52] ----------------------------------------------------------------------------------------------------
[2025-09-10 01:42:53] Train Epoch 19: loss=0.407829, acc=87.28%
[2025-09-10 01:43:20] Val: loss=0.121222, acc=97.92%
[2025-09-10 01:43:20] Val loss not improved.
[2025-09-10 01:43:20] time/epoch: 148.445s
[2025-09-10 01:43:20] ----------------------------------------------------------------------------------------------------
[2025-09-10 01:45:24] Train Epoch 20: loss=0.463644, acc=83.80%
[2025-09-10 01:45:50] Val: loss=0.041758, acc=100.00%
[2025-09-10 01:45:50] ↓ New best val loss: 0.045474 -> 0.041758 (model saved)
[2025-09-10 01:45:50] time/epoch: 150.011s
[2025-09-10 01:45:50] ----------------------------------------------------------------------------------------------------
[2025-09-10 01:47:49] Train Epoch 21: loss=0.464696, acc=83.74%
[2025-09-10 01:48:16] Val: loss=0.353607, acc=99.26%
[2025-09-10 01:48:16] Val loss not improved.
[2025-09-10 01:48:16] time/epoch: 145.202s
[2025-09-10 01:48:16] ----------------------------------------------------------------------------------------------------
[2025-09-10 01:50:15] Train Epoch 22: loss=0.411917, acc=86.01%
[2025-09-10 01:50:42] Val: loss=0.691882, acc=93.91%
[2025-09-10 01:50:42] Val loss not improved.
[2025-09-10 01:50:42] time/epoch: 146.039s
[2025-09-10 01:50:42] ----------------------------------------------------------------------------------------------------
[2025-09-10 01:52:40] Train Epoch 23: loss=0.471579, acc=82.12%
[2025-09-10 01:53:07] Val: loss=0.111553, acc=99.41%
[2025-09-10 01:53:07] Val loss not improved.
[2025-09-10 01:53:07] time/epoch: 145.460s
[2025-09-10 01:53:07] ----------------------------------------------------------------------------------------------------
[2025-09-10 01:55:11] Train Epoch 24: loss=0.472809, acc=84.43%
[2025-09-10 01:55:39] Val: loss=0.913143, acc=82.17%
[2025-09-10 01:55:39] Val loss not improved.
[2025-09-10 01:55:39] time/epoch: 152.358s
[2025-09-10 01:55:39] ----------------------------------------------------------------------------------------------------
[2025-09-10 01:57:39] Train Epoch 25: loss=0.473995, acc=82.95%
[2025-09-10 01:58:07] Val: loss=0.047890, acc=99.55%
[2025-09-10 01:58:07] Val loss not improved.
[2025-09-10 01:58:07] time/epoch: 147.138s
[2025-09-10 01:58:07] ----------------------------------------------------------------------------------------------------
[2025-09-10 02:00:07] Train Epoch 26: loss=0.498372, acc=82.23%
[2025-09-10 02:00:34] Val: loss=0.760947, acc=88.11%
[2025-09-10 02:00:34] Val loss not improved.
[2025-09-10 02:00:34] time/epoch: 147.256s
[2025-09-10 02:00:34] ----------------------------------------------------------------------------------------------------
[2025-09-10 02:02:35] Train Epoch 27: loss=0.425479, acc=86.01%
[2025-09-10 02:03:00] Val: loss=0.505480, acc=98.81%
[2025-09-10 02:03:00] Val loss not improved.
[2025-09-10 02:03:00] time/epoch: 146.112s
[2025-09-10 02:03:00] ----------------------------------------------------------------------------------------------------
[2025-09-10 02:04:58] Train Epoch 28: loss=0.430549, acc=84.67%
[2025-09-10 02:05:24] Val: loss=0.082085, acc=98.22%
[2025-09-10 02:05:24] Val loss not improved.
[2025-09-10 02:05:24] time/epoch: 143.655s
[2025-09-10 02:05:24] ----------------------------------------------------------------------------------------------------
[2025-09-10 02:07:21] Train Epoch 29: loss=0.409965, acc=86.83%
[2025-09-10 02:07:47] Val: loss=0.051533, acc=99.85%
[2025-09-10 02:07:47] Val loss not improved.
[2025-09-10 02:07:47] time/epoch: 143.406s
[2025-09-10 02:07:47] ----------------------------------------------------------------------------------------------------
[2025-09-10 02:09:51] Train Epoch 30: loss=0.422016, acc=85.69%
[2025-09-10 02:10:16] Val: loss=0.041721, acc=99.55%
[2025-09-10 02:10:16] ↓ New best val loss: 0.041758 -> 0.041721 (model saved)
[2025-09-10 02:10:16] time/epoch: 149.171s
[2025-09-10 02:10:16] ----------------------------------------------------------------------------------------------------
[2025-09-10 02:12:20] Train Epoch 31: loss=0.458302, acc=84.68%
[2025-09-10 02:12:47] Val: loss=0.263496, acc=97.18%
[2025-09-10 02:12:47] Val loss not improved.
[2025-09-10 02:12:47] time/epoch: 150.848s
[2025-09-10 02:12:47] ----------------------------------------------------------------------------------------------------
[2025-09-10 02:14:46] Train Epoch 32: loss=0.482163, acc=82.88%
[2025-09-10 02:15:14] Val: loss=0.099529, acc=99.85%
[2025-09-10 02:15:14] Val loss not improved.
[2025-09-10 02:15:14] time/epoch: 146.701s
[2025-09-10 02:15:14] ----------------------------------------------------------------------------------------------------
[2025-09-10 02:17:13] Train Epoch 33: loss=0.506823, acc=80.17%
[2025-09-10 02:17:42] Val: loss=0.607159, acc=83.66%
[2025-09-10 02:17:42] Val loss not improved.
[2025-09-10 02:17:42] time/epoch: 148.128s
[2025-09-10 02:17:42] ----------------------------------------------------------------------------------------------------
[2025-09-10 02:19:45] Train Epoch 34: loss=0.455287, acc=84.29%
[2025-09-10 02:20:11] Val: loss=0.068376, acc=99.26%
[2025-09-10 02:20:11] Val loss not improved.
[2025-09-10 02:20:11] time/epoch: 149.452s
[2025-09-10 02:20:11] ----------------------------------------------------------------------------------------------------
[2025-09-10 02:22:11] Train Epoch 35: loss=0.470133, acc=81.43%
[2025-09-10 02:22:37] Val: loss=0.085171, acc=98.96%
[2025-09-10 02:22:37] Val loss not improved.
[2025-09-10 02:22:37] time/epoch: 146.056s
[2025-09-10 02:22:37] ----------------------------------------------------------------------------------------------------
[2025-09-10 02:24:38] Train Epoch 36: loss=0.451143, acc=83.64%
[2025-09-10 02:25:04] Val: loss=0.282197, acc=99.55%
[2025-09-10 02:25:04] Val loss not improved.
[2025-09-10 02:25:04] time/epoch: 146.877s
[2025-09-10 02:25:04] ----------------------------------------------------------------------------------------------------
[2025-09-10 02:27:05] Train Epoch 37: loss=0.411406, acc=85.91%
[2025-09-10 02:27:31] Val: loss=0.078447, acc=99.70%
[2025-09-10 02:27:31] Val loss not improved.
[2025-09-10 02:27:31] time/epoch: 146.664s
[2025-09-10 02:27:31] ----------------------------------------------------------------------------------------------------
[2025-09-10 02:29:33] Train Epoch 38: loss=0.418617, acc=84.83%
[2025-09-10 02:29:59] Val: loss=0.081802, acc=99.55%
[2025-09-10 02:29:59] Val loss not improved.
[2025-09-10 02:29:59] time/epoch: 148.386s
[2025-09-10 02:29:59] ----------------------------------------------------------------------------------------------------
[2025-09-10 02:31:58] Train Epoch 39: loss=0.392400, acc=87.02%
[2025-09-10 02:32:26] Val: loss=0.061541, acc=98.81%
[2025-09-10 02:32:26] Val loss not improved.
[2025-09-10 02:32:26] time/epoch: 146.263s
[2025-09-10 02:32:26] ----------------------------------------------------------------------------------------------------
[2025-09-10 02:34:27] Train Epoch 40: loss=0.445215, acc=83.82%
[2025-09-10 02:34:46] Val: loss=0.097918, acc=99.85%
[2025-09-10 02:34:46] Val loss not improved.
[2025-09-10 02:34:46] time/epoch: 140.916s
[2025-09-10 02:34:46] ----------------------------------------------------------------------------------------------------
[2025-09-10 02:36:30] Train Epoch 41: loss=0.381346, acc=87.46%
[2025-09-10 02:36:52] Val: loss=0.029562, acc=99.85%
[2025-09-10 02:36:52] ↓ New best val loss: 0.041721 -> 0.029562 (model saved)
[2025-09-10 02:36:52] time/epoch: 125.588s
[2025-09-10 02:36:52] ----------------------------------------------------------------------------------------------------
[2025-09-10 02:38:28] Train Epoch 42: loss=0.437732, acc=84.08%
[2025-09-10 02:38:48] Val: loss=0.051325, acc=98.66%
[2025-09-10 02:38:48] Val loss not improved.
[2025-09-10 02:38:48] time/epoch: 116.404s
[2025-09-10 02:38:48] ----------------------------------------------------------------------------------------------------
[2025-09-10 02:40:54] Train Epoch 43: loss=0.417732, acc=84.71%
[2025-09-10 02:41:20] Val: loss=0.301381, acc=94.06%
[2025-09-10 02:41:20] Val loss not improved.
[2025-09-10 02:41:20] time/epoch: 151.212s
[2025-09-10 02:41:20] ----------------------------------------------------------------------------------------------------
[2025-09-10 02:43:29] Train Epoch 44: loss=0.443350, acc=83.51%
[2025-09-10 02:43:54] Val: loss=0.860567, acc=88.26%
[2025-09-10 02:43:54] Val loss not improved.
[2025-09-10 02:43:54] time/epoch: 154.712s
[2025-09-10 02:43:54] ----------------------------------------------------------------------------------------------------
[2025-09-10 02:46:01] Train Epoch 45: loss=0.428471, acc=84.82%
[2025-09-10 02:46:28] Val: loss=0.971077, acc=92.12%
[2025-09-10 02:46:28] Val loss not improved.
[2025-09-10 02:46:28] time/epoch: 153.219s
[2025-09-10 02:46:28] ----------------------------------------------------------------------------------------------------
[2025-09-10 02:48:10] Train Epoch 46: loss=0.418043, acc=84.49%
[2025-09-10 02:48:29] Val: loss=0.102806, acc=98.66%
[2025-09-10 02:48:29] Val loss not improved.
[2025-09-10 02:48:29] time/epoch: 121.727s
[2025-09-10 02:48:29] ----------------------------------------------------------------------------------------------------
[2025-09-10 02:49:53] Train Epoch 47: loss=0.444839, acc=83.97%
[2025-09-10 02:50:11] Val: loss=0.077706, acc=98.96%
[2025-09-10 02:50:11] Val loss not improved.
[2025-09-10 02:50:11] time/epoch: 101.606s
[2025-09-10 02:50:11] ----------------------------------------------------------------------------------------------------
[2025-09-10 02:51:34] Train Epoch 48: loss=0.452461, acc=84.22%
[2025-09-10 02:52:02] Val: loss=0.147178, acc=96.73%
[2025-09-10 02:52:02] Val loss not improved.
[2025-09-10 02:52:02] time/epoch: 111.041s
[2025-09-10 02:52:02] ----------------------------------------------------------------------------------------------------
[2025-09-10 02:54:14] Train Epoch 49: loss=0.426408, acc=85.16%
[2025-09-10 02:54:42] Val: loss=0.070360, acc=100.00%
[2025-09-10 02:54:42] Val loss not improved.
[2025-09-10 02:54:42] time/epoch: 160.063s
[2025-09-10 02:54:42] ----------------------------------------------------------------------------------------------------
[2025-09-10 02:56:47] Train Epoch 50: loss=0.430651, acc=84.79%
[2025-09-10 02:57:17] Val: loss=0.096790, acc=97.62%
[2025-09-10 02:57:17] Val loss not improved.
[2025-09-10 02:57:17] time/epoch: 154.586s
[2025-09-10 02:57:17] ----------------------------------------------------------------------------------------------------
[2025-09-10 02:57:17] Avg time/epoch: 143.058s
[2025-09-10 02:57:17] total training time: 7152.909s
[2025-09-10 02:57:29] Avg infer time/batch: 0.035643s
[2025-09-10 02:57:29] [TEST] acc=98.57% (276/280)
[2025-09-10 02:57:29] ==== [9ft] RUN END (test_acc=98.57%) ====
