[2025-09-10 06:07:58] ==== [ALL] RUN START ====
[2025-09-10 06:07:58] train_h5=/data02/lpl/github/SH_hybrid/data/ALL_train.h5 | test_h5=/data02/lpl/github/SH_hybrid/data/ALL_test.h5
[2025-09-10 06:07:58] save_path=model_weight/mynet_ALL.pth
[2025-09-10 06:34:35] [THOP] FLOPs=921951152.0  Params=58835.0
[2025-09-10 06:41:01] Train Epoch 1: loss=1.270974, acc=58.78%
[2025-09-10 06:42:21] Val: loss=2.258553, acc=32.59%
[2025-09-10 06:42:21] ↓ New best val loss: inf -> 2.258553 (model saved)
[2025-09-10 06:42:21] time/epoch: 465.858s
[2025-09-10 06:42:21] ----------------------------------------------------------------------------------------------------
[2025-09-10 06:48:26] Train Epoch 2: loss=0.607123, acc=82.08%
[2025-09-10 06:49:46] Val: loss=0.169337, acc=98.24%
[2025-09-10 06:49:46] ↓ New best val loss: 2.258553 -> 0.169337 (model saved)
[2025-09-10 06:49:46] time/epoch: 444.708s
[2025-09-10 06:49:46] ----------------------------------------------------------------------------------------------------
[2025-09-10 06:55:54] Train Epoch 3: loss=0.512343, acc=84.97%
[2025-09-10 06:57:13] Val: loss=0.211207, acc=95.74%
[2025-09-10 06:57:13] Val loss not improved.
[2025-09-10 06:57:13] time/epoch: 447.461s
[2025-09-10 06:57:13] ----------------------------------------------------------------------------------------------------
[2025-09-10 07:03:16] Train Epoch 4: loss=0.491998, acc=85.17%
[2025-09-10 07:04:41] Val: loss=0.153138, acc=97.85%
[2025-09-10 07:04:41] ↓ New best val loss: 0.169337 -> 0.153138 (model saved)
[2025-09-10 07:04:41] time/epoch: 447.880s
[2025-09-10 07:04:41] ----------------------------------------------------------------------------------------------------
[2025-09-10 07:12:30] Train Epoch 5: loss=0.502137, acc=84.57%
[2025-09-10 07:14:22] Val: loss=0.440815, acc=98.97%
[2025-09-10 07:14:22] Val loss not improved.
[2025-09-10 07:14:22] time/epoch: 581.178s
[2025-09-10 07:14:22] ----------------------------------------------------------------------------------------------------
[2025-09-10 07:22:08] Train Epoch 6: loss=0.504149, acc=83.89%
[2025-09-10 07:23:53] Val: loss=0.300163, acc=99.53%
[2025-09-10 07:23:53] Val loss not improved.
[2025-09-10 07:23:53] time/epoch: 571.410s
[2025-09-10 07:23:53] ----------------------------------------------------------------------------------------------------
[2025-09-10 07:32:09] Train Epoch 7: loss=0.492187, acc=84.53%
[2025-09-10 07:33:58] Val: loss=0.128987, acc=99.74%
[2025-09-10 07:33:58] ↓ New best val loss: 0.153138 -> 0.128987 (model saved)
[2025-09-10 07:33:58] time/epoch: 604.100s
[2025-09-10 07:33:58] ----------------------------------------------------------------------------------------------------
[2025-09-10 07:42:13] Train Epoch 8: loss=0.481367, acc=84.18%
[2025-09-10 07:43:55] Val: loss=0.072921, acc=98.62%
[2025-09-10 07:43:55] ↓ New best val loss: 0.128987 -> 0.072921 (model saved)
[2025-09-10 07:43:55] time/epoch: 597.479s
[2025-09-10 07:43:55] ----------------------------------------------------------------------------------------------------
[2025-09-10 07:51:43] Train Epoch 9: loss=0.460802, acc=85.10%
[2025-09-10 07:53:30] Val: loss=0.056488, acc=98.92%
[2025-09-10 07:53:30] ↓ New best val loss: 0.072921 -> 0.056488 (model saved)
[2025-09-10 07:53:30] time/epoch: 574.533s
[2025-09-10 07:53:30] ----------------------------------------------------------------------------------------------------
[2025-09-10 08:00:53] Train Epoch 10: loss=0.474221, acc=84.22%
[2025-09-10 08:02:23] Val: loss=0.283255, acc=99.87%
[2025-09-10 08:02:23] Val loss not improved.
[2025-09-10 08:02:23] time/epoch: 533.637s
[2025-09-10 08:02:23] ----------------------------------------------------------------------------------------------------
[2025-09-10 08:09:43] Train Epoch 11: loss=0.503464, acc=82.51%
[2025-09-10 08:11:17] Val: loss=0.196607, acc=99.48%
[2025-09-10 08:11:17] Val loss not improved.
[2025-09-10 08:11:17] time/epoch: 533.755s
[2025-09-10 08:11:17] ----------------------------------------------------------------------------------------------------
[2025-09-10 08:18:42] Train Epoch 12: loss=0.477082, acc=83.63%
[2025-09-10 08:20:16] Val: loss=0.196623, acc=93.41%
[2025-09-10 08:20:16] Val loss not improved.
[2025-09-10 08:20:16] time/epoch: 539.165s
[2025-09-10 08:20:16] ----------------------------------------------------------------------------------------------------
[2025-09-10 08:27:41] Train Epoch 13: loss=0.473417, acc=83.54%
[2025-09-10 08:29:11] Val: loss=0.251233, acc=99.14%
[2025-09-10 08:29:11] Val loss not improved.
[2025-09-10 08:29:11] time/epoch: 534.453s
[2025-09-10 08:29:11] ----------------------------------------------------------------------------------------------------
[2025-09-10 08:36:19] Train Epoch 14: loss=0.473564, acc=83.73%
[2025-09-10 08:37:52] Val: loss=0.072823, acc=98.79%
[2025-09-10 08:37:52] Val loss not improved.
[2025-09-10 08:37:52] time/epoch: 521.775s
[2025-09-10 08:37:52] ----------------------------------------------------------------------------------------------------
[2025-09-10 08:45:09] Train Epoch 15: loss=0.462960, acc=84.79%
[2025-09-10 08:46:43] Val: loss=0.154418, acc=94.62%
[2025-09-10 08:46:43] Val loss not improved.
[2025-09-10 08:46:43] time/epoch: 530.443s
[2025-09-10 08:46:43] ----------------------------------------------------------------------------------------------------
[2025-09-10 08:53:46] Train Epoch 16: loss=0.452197, acc=84.83%
[2025-09-10 08:55:18] Val: loss=0.066459, acc=99.66%
[2025-09-10 08:55:18] Val loss not improved.
[2025-09-10 08:55:18] time/epoch: 514.951s
[2025-09-10 08:55:18] ----------------------------------------------------------------------------------------------------
[2025-09-10 09:02:34] Train Epoch 17: loss=0.471468, acc=83.62%
[2025-09-10 09:04:09] Val: loss=0.126899, acc=97.59%
[2025-09-10 09:04:09] Val loss not improved.
[2025-09-10 09:04:09] time/epoch: 531.136s
[2025-09-10 09:04:09] ----------------------------------------------------------------------------------------------------
[2025-09-10 09:11:27] Train Epoch 18: loss=0.467717, acc=83.73%
[2025-09-10 09:12:58] Val: loss=0.113287, acc=99.44%
[2025-09-10 09:12:58] Val loss not improved.
[2025-09-10 09:12:58] time/epoch: 528.696s
[2025-09-10 09:12:58] ----------------------------------------------------------------------------------------------------
[2025-09-10 09:20:03] Train Epoch 19: loss=0.441047, acc=85.10%
[2025-09-10 09:21:34] Val: loss=1.864496, acc=11.28%
[2025-09-10 09:21:34] Val loss not improved.
[2025-09-10 09:21:34] time/epoch: 516.472s
[2025-09-10 09:21:34] ----------------------------------------------------------------------------------------------------
[2025-09-10 09:29:08] Train Epoch 20: loss=0.463353, acc=83.54%
[2025-09-10 09:30:43] Val: loss=0.185723, acc=93.41%
[2025-09-10 09:30:43] Val loss not improved.
[2025-09-10 09:30:43] time/epoch: 549.221s
[2025-09-10 09:30:43] ----------------------------------------------------------------------------------------------------
[2025-09-10 09:38:03] Train Epoch 21: loss=0.449979, acc=84.41%
[2025-09-10 09:39:36] Val: loss=0.087345, acc=97.42%
[2025-09-10 09:39:36] Val loss not improved.
[2025-09-10 09:39:36] time/epoch: 532.519s
[2025-09-10 09:39:36] ----------------------------------------------------------------------------------------------------
[2025-09-10 09:46:52] Train Epoch 22: loss=0.469518, acc=83.38%
[2025-09-10 09:48:25] Val: loss=0.405571, acc=99.61%
[2025-09-10 09:48:25] Val loss not improved.
[2025-09-10 09:48:25] time/epoch: 528.814s
[2025-09-10 09:48:25] ----------------------------------------------------------------------------------------------------
[2025-09-10 09:55:19] Train Epoch 23: loss=0.472171, acc=82.93%
[2025-09-10 09:56:48] Val: loss=0.438799, acc=99.70%
[2025-09-10 09:56:48] Val loss not improved.
[2025-09-10 09:56:48] time/epoch: 503.173s
[2025-09-10 09:56:48] ----------------------------------------------------------------------------------------------------
[2025-09-10 10:03:54] Train Epoch 24: loss=0.466695, acc=83.51%
[2025-09-10 10:05:24] Val: loss=0.174175, acc=99.70%
[2025-09-10 10:05:24] Val loss not improved.
[2025-09-10 10:05:24] time/epoch: 515.801s
[2025-09-10 10:05:24] ----------------------------------------------------------------------------------------------------
[2025-09-10 10:12:33] Train Epoch 25: loss=0.435721, acc=84.48%
[2025-09-10 10:14:04] Val: loss=0.078563, acc=98.62%
[2025-09-10 10:14:04] Val loss not improved.
[2025-09-10 10:14:04] time/epoch: 520.197s
[2025-09-10 10:14:04] ----------------------------------------------------------------------------------------------------
[2025-09-10 10:21:31] Train Epoch 26: loss=0.456693, acc=83.81%
[2025-09-10 10:23:07] Val: loss=0.132151, acc=99.74%
[2025-09-10 10:23:07] Val loss not improved.
[2025-09-10 10:23:07] time/epoch: 543.087s
[2025-09-10 10:23:07] ----------------------------------------------------------------------------------------------------
[2025-09-10 10:30:38] Train Epoch 27: loss=0.449830, acc=84.45%
[2025-09-10 10:32:12] Val: loss=0.262901, acc=95.78%
[2025-09-10 10:32:12] Val loss not improved.
[2025-09-10 10:32:12] time/epoch: 544.717s
[2025-09-10 10:32:12] ----------------------------------------------------------------------------------------------------
[2025-09-10 10:39:11] Train Epoch 28: loss=0.406920, acc=86.26%
[2025-09-10 10:40:45] Val: loss=0.076391, acc=98.58%
[2025-09-10 10:40:45] Val loss not improved.
[2025-09-10 10:40:45] time/epoch: 513.608s
[2025-09-10 10:40:45] ----------------------------------------------------------------------------------------------------
[2025-09-10 10:48:35] Train Epoch 29: loss=0.456336, acc=83.39%
[2025-09-10 10:50:16] Val: loss=0.251368, acc=92.98%
[2025-09-10 10:50:16] Val loss not improved.
[2025-09-10 10:50:16] time/epoch: 570.679s
[2025-09-10 10:50:16] ----------------------------------------------------------------------------------------------------
[2025-09-10 10:58:28] Train Epoch 30: loss=0.431227, acc=85.10%
[2025-09-10 11:00:31] Val: loss=0.215097, acc=92.51%
[2025-09-10 11:00:31] Val loss not improved.
[2025-09-10 11:00:31] time/epoch: 614.656s
[2025-09-10 11:00:31] ----------------------------------------------------------------------------------------------------
[2025-09-10 11:10:16] Train Epoch 31: loss=0.447487, acc=84.82%
[2025-09-10 11:11:56] Val: loss=0.151544, acc=96.25%
[2025-09-10 11:11:56] Val loss not improved.
[2025-09-10 11:11:56] time/epoch: 685.670s
[2025-09-10 11:11:56] ----------------------------------------------------------------------------------------------------
[2025-09-10 11:19:40] Train Epoch 32: loss=0.403630, acc=86.08%
[2025-09-10 11:21:33] Val: loss=0.193807, acc=97.37%
[2025-09-10 11:21:33] Val loss not improved.
[2025-09-10 11:21:33] time/epoch: 577.188s
[2025-09-10 11:21:33] ----------------------------------------------------------------------------------------------------
[2025-09-10 11:30:01] Train Epoch 33: loss=0.433396, acc=85.06%
[2025-09-10 11:31:34] Val: loss=0.528967, acc=98.32%
[2025-09-10 11:31:34] Val loss not improved.
[2025-09-10 11:31:34] time/epoch: 600.525s
[2025-09-10 11:31:34] ----------------------------------------------------------------------------------------------------
[2025-09-10 11:39:05] Train Epoch 34: loss=0.465945, acc=83.03%
[2025-09-10 11:40:44] Val: loss=0.296244, acc=99.44%
[2025-09-10 11:40:44] Val loss not improved.
[2025-09-10 11:40:44] time/epoch: 550.188s
[2025-09-10 11:40:44] ----------------------------------------------------------------------------------------------------
[2025-09-10 11:48:16] Train Epoch 35: loss=0.446694, acc=83.92%
[2025-09-10 11:49:53] Val: loss=0.424403, acc=86.22%
[2025-09-10 11:49:53] Val loss not improved.
[2025-09-10 11:49:53] time/epoch: 549.020s
[2025-09-10 11:49:53] ----------------------------------------------------------------------------------------------------
[2025-09-10 11:57:26] Train Epoch 36: loss=0.442649, acc=83.77%
[2025-09-10 11:59:02] Val: loss=0.067308, acc=99.91%
[2025-09-10 11:59:02] Val loss not improved.
[2025-09-10 11:59:02] time/epoch: 548.973s
[2025-09-10 11:59:02] ----------------------------------------------------------------------------------------------------
[2025-09-10 12:06:33] Train Epoch 37: loss=0.427535, acc=84.73%
[2025-09-10 12:08:12] Val: loss=0.165958, acc=95.61%
[2025-09-10 12:08:12] Val loss not improved.
[2025-09-10 12:08:12] time/epoch: 550.307s
[2025-09-10 12:08:12] ----------------------------------------------------------------------------------------------------
[2025-09-10 12:15:48] Train Epoch 38: loss=0.439624, acc=84.08%
[2025-09-10 12:17:27] Val: loss=0.175944, acc=94.96%
[2025-09-10 12:17:27] Val loss not improved.
[2025-09-10 12:17:27] time/epoch: 554.410s
[2025-09-10 12:17:27] ----------------------------------------------------------------------------------------------------
[2025-09-10 12:24:59] Train Epoch 39: loss=0.453016, acc=82.34%
[2025-09-10 12:26:37] Val: loss=0.511238, acc=91.09%
[2025-09-10 12:26:37] Val loss not improved.
[2025-09-10 12:26:37] time/epoch: 549.735s
[2025-09-10 12:26:37] ----------------------------------------------------------------------------------------------------
[2025-09-10 12:34:07] Train Epoch 40: loss=0.436203, acc=83.71%
[2025-09-10 12:35:43] Val: loss=0.320864, acc=99.66%
[2025-09-10 12:35:43] Val loss not improved.
[2025-09-10 12:35:43] time/epoch: 545.951s
[2025-09-10 12:35:43] ----------------------------------------------------------------------------------------------------
[2025-09-10 12:43:12] Train Epoch 41: loss=0.442664, acc=83.71%
[2025-09-10 12:44:52] Val: loss=0.286554, acc=90.57%
[2025-09-10 12:44:52] Val loss not improved.
[2025-09-10 12:44:52] time/epoch: 549.250s
[2025-09-10 12:44:52] ----------------------------------------------------------------------------------------------------
[2025-09-10 12:52:22] Train Epoch 42: loss=0.428914, acc=84.62%
[2025-09-10 12:54:03] Val: loss=0.220776, acc=92.72%
[2025-09-10 12:54:03] Val loss not improved.
[2025-09-10 12:54:03] time/epoch: 551.576s
[2025-09-10 12:54:03] ----------------------------------------------------------------------------------------------------
[2025-09-10 13:01:18] Train Epoch 43: loss=0.409047, acc=85.40%
[2025-09-10 13:02:41] Val: loss=0.084077, acc=97.72%
[2025-09-10 13:02:41] Val loss not improved.
[2025-09-10 13:02:41] time/epoch: 517.355s
[2025-09-10 13:02:41] ----------------------------------------------------------------------------------------------------
[2025-09-10 13:08:57] Train Epoch 44: loss=0.399651, acc=85.73%
[2025-09-10 13:10:14] Val: loss=0.114310, acc=99.91%
[2025-09-10 13:10:14] Val loss not improved.
[2025-09-10 13:10:14] time/epoch: 453.739s
[2025-09-10 13:10:14] ----------------------------------------------------------------------------------------------------
[2025-09-10 13:15:03] Train Epoch 45: loss=0.411571, acc=84.85%
[2025-09-10 13:15:57] Val: loss=0.144068, acc=95.52%
[2025-09-10 13:15:57] Val loss not improved.
[2025-09-10 13:15:57] time/epoch: 342.688s
[2025-09-10 13:15:57] ----------------------------------------------------------------------------------------------------
[2025-09-10 13:19:58] Train Epoch 46: loss=0.409088, acc=85.30%
[2025-09-10 13:20:49] Val: loss=0.205656, acc=99.70%
[2025-09-10 13:20:49] Val loss not improved.
[2025-09-10 13:20:49] time/epoch: 291.772s
[2025-09-10 13:20:49] ----------------------------------------------------------------------------------------------------
[2025-09-10 13:24:46] Train Epoch 47: loss=0.439063, acc=83.75%
[2025-09-10 13:25:37] Val: loss=0.205482, acc=93.59%
[2025-09-10 13:25:37] Val loss not improved.
[2025-09-10 13:25:37] time/epoch: 288.246s
[2025-09-10 13:25:37] ----------------------------------------------------------------------------------------------------
[2025-09-10 13:29:37] Train Epoch 48: loss=0.405499, acc=84.91%
[2025-09-10 13:30:27] Val: loss=0.355938, acc=95.74%
[2025-09-10 13:30:27] Val loss not improved.
[2025-09-10 13:30:27] time/epoch: 290.256s
[2025-09-10 13:30:27] ----------------------------------------------------------------------------------------------------
[2025-09-10 13:34:24] Train Epoch 49: loss=0.409648, acc=85.05%
[2025-09-10 13:35:09] Val: loss=0.204248, acc=92.98%
[2025-09-10 13:35:09] Val loss not improved.
[2025-09-10 13:35:09] time/epoch: 281.750s
[2025-09-10 13:35:09] ----------------------------------------------------------------------------------------------------
[2025-09-10 13:39:06] Train Epoch 50: loss=0.425487, acc=83.70%
[2025-09-10 13:39:53] Val: loss=0.043441, acc=99.91%
[2025-09-10 13:39:53] ↓ New best val loss: 0.056488 -> 0.043441 (model saved)
[2025-09-10 13:39:53] time/epoch: 283.613s
[2025-09-10 13:39:53] ----------------------------------------------------------------------------------------------------
[2025-09-10 13:39:53] Avg time/epoch: 510.356s
[2025-09-10 13:39:53] total training time: 25517.790s
[2025-09-10 13:40:19] Avg infer time/batch: 0.020482s
[2025-09-10 13:40:19] [TEST] acc=99.84% (1285/1287)
[2025-09-10 13:40:19] ==== [ALL] RUN END (test_acc=99.84%) ====
